Archive member included to satisfy reference by file (symbol)

app/libapp.a(main.c.obj)      (--whole-archive)
zephyr/libzephyr.a(heap.c.obj)
                              (--whole-archive)
zephyr/libzephyr.a(cbprintf_packaged.c.obj)
                              (--whole-archive)
zephyr/libzephyr.a(printk.c.obj)
                              (--whole-archive)
zephyr/libzephyr.a(sem.c.obj)
                              (--whole-archive)
zephyr/libzephyr.a(thread_entry.c.obj)
                              (--whole-archive)
zephyr/libzephyr.a(cbprintf_complete.c.obj)
                              (--whole-archive)
zephyr/libzephyr.a(assert.c.obj)
                              (--whole-archive)
zephyr/libzephyr.a(dec.c.obj)
                              (--whole-archive)
zephyr/libzephyr.a(hex.c.obj)
                              (--whole-archive)
zephyr/libzephyr.a(rb.c.obj)  (--whole-archive)
zephyr/libzephyr.a(timeutil.c.obj)
                              (--whole-archive)
zephyr/libzephyr.a(bitarray.c.obj)
                              (--whole-archive)
zephyr/libzephyr.a(ring_buffer.c.obj)
                              (--whole-archive)
zephyr/libzephyr.a(configs.c.obj)
                              (--whole-archive)
zephyr/libzephyr.a(stm32cube_hal.c.obj)
                              (--whole-archive)
zephyr/libzephyr.a(soc_config.c.obj)
                              (--whole-archive)
zephyr/libzephyr.a(soc.c.obj)
                              (--whole-archive)
zephyr/libzephyr.a(thread_analyzer.c.obj)
                              (--whole-archive)
zephyr/libzephyr.a(mem_attr.c.obj)
                              (--whole-archive)
zephyr/libzephyr.a(tracing_none.c.obj)
                              (--whole-archive)
zephyr/arch/common/libarch__common.a(sw_isr_common.c.obj)
                              (--whole-archive)
zephyr/arch/arch/arm/core/libarch__arm__core.a(fatal.c.obj)
                              (--whole-archive)
zephyr/arch/arch/arm/core/libarch__arm__core.a(nmi.c.obj)
                              (--whole-archive)
zephyr/arch/arch/arm/core/libarch__arm__core.a(nmi_on_reset.S.obj)
                              (--whole-archive)
zephyr/arch/arch/arm/core/libarch__arm__core.a(tls.c.obj)
                              (--whole-archive)
zephyr/arch/arch/arm/core/cortex_m/libarch__arm__core__cortex_m.a(exc_exit.c.obj)
                              (--whole-archive)
zephyr/arch/arch/arm/core/cortex_m/libarch__arm__core__cortex_m.a(fault.c.obj)
                              (--whole-archive)
zephyr/arch/arch/arm/core/cortex_m/libarch__arm__core__cortex_m.a(fault_s.S.obj)
                              (--whole-archive)
zephyr/arch/arch/arm/core/cortex_m/libarch__arm__core__cortex_m.a(fpu.c.obj)
                              (--whole-archive)
zephyr/arch/arch/arm/core/cortex_m/libarch__arm__core__cortex_m.a(reset.S.obj)
                              (--whole-archive)
zephyr/arch/arch/arm/core/cortex_m/libarch__arm__core__cortex_m.a(scb.c.obj)
                              (--whole-archive)
zephyr/arch/arch/arm/core/cortex_m/libarch__arm__core__cortex_m.a(thread_abort.c.obj)
                              (--whole-archive)
zephyr/arch/arch/arm/core/cortex_m/libarch__arm__core__cortex_m.a(vector_table.S.obj)
                              (--whole-archive)
zephyr/arch/arch/arm/core/cortex_m/libarch__arm__core__cortex_m.a(swap_helper.S.obj)
                              (--whole-archive)
zephyr/arch/arch/arm/core/cortex_m/libarch__arm__core__cortex_m.a(irq_manage.c.obj)
                              (--whole-archive)
zephyr/arch/arch/arm/core/cortex_m/libarch__arm__core__cortex_m.a(prep_c.c.obj)
                              (--whole-archive)
zephyr/arch/arch/arm/core/cortex_m/libarch__arm__core__cortex_m.a(thread.c.obj)
                              (--whole-archive)
zephyr/arch/arch/arm/core/cortex_m/libarch__arm__core__cortex_m.a(cpu_idle.c.obj)
                              (--whole-archive)
zephyr/arch/arch/arm/core/cortex_m/libarch__arm__core__cortex_m.a(irq_init.c.obj)
                              (--whole-archive)
zephyr/arch/arch/arm/core/cortex_m/libarch__arm__core__cortex_m.a(isr_wrapper.c.obj)
                              (--whole-archive)
zephyr/arch/arch/arm/core/cortex_m/libarch__arm__core__cortex_m.a(__aeabi_read_tp.S.obj)
                              (--whole-archive)
zephyr/arch/arch/arm/core/mpu/libarch__arm__core__mpu.a(arm_core_mpu.c.obj)
                              (--whole-archive)
zephyr/arch/arch/arm/core/mpu/libarch__arm__core__mpu.a(arm_mpu.c.obj)
                              (--whole-archive)
zephyr/arch/arch/arm/core/mpu/libarch__arm__core__mpu.a(arm_mpu_regions.c.obj)
                              (--whole-archive)
zephyr/lib/libc/picolibc/liblib__libc__picolibc.a(assert.c.obj)
                              (--whole-archive)
zephyr/lib/libc/picolibc/liblib__libc__picolibc.a(cbprintf.c.obj)
                              (--whole-archive)
[...]
Memory Configuration

Name             Origin             Length             Attributes
FLASH            0x0000000008000000 0x0000000000040000 xr
RAM              0x0000000020000000 0x0000000000010000 xw
IDT_LIST         0x00000000ffff7fff 0x0000000000008000 xw
*default*        0x0000000000000000 0xffffffffffffffff

Linker script and memory map

                0x00000000080031b4                vfprintf = __l_vfprintf
                0x0000000000000000                vfscanf = __l_vfscanf
LOAD zephyr/CMakeFiles/zephyr_final.dir/misc/empty_file.c.obj
LOAD zephyr/CMakeFiles/zephyr_final.dir/isr_tables.c.obj
LOAD zephyr/CMakeFiles/offsets.dir/./arch/arm/core/offsets/offsets.c.obj
LOAD app/libapp.a
LOAD zephyr/libzephyr.a
LOAD zephyr/arch/common/libarch__common.a
LOAD zephyr/arch/arch/arm/core/libarch__arm__core.a
LOAD zephyr/arch/arch/arm/core/cortex_m/libarch__arm__core__cortex_m.a
LOAD zephyr/arch/arch/arm/core/mpu/libarch__arm__core__mpu.a
LOAD zephyr/lib/libc/picolibc/liblib__libc__picolibc.a
LOAD zephyr/lib/libc/common/liblib__libc__common.a
LOAD zephyr/drivers/interrupt_controller/libdrivers__interrupt_controller.a
LOAD zephyr/drivers/can/libdrivers__can.a
LOAD zephyr/drivers/clock_control/libdrivers__clock_control.a
LOAD zephyr/drivers/console/libdrivers__console.a
LOAD zephyr/drivers/gpio/libdrivers__gpio.a
LOAD zephyr/drivers/pinctrl/libdrivers__pinctrl.a
LOAD zephyr/drivers/reset/libdrivers__reset.a
LOAD zephyr/drivers/serial/libdrivers__serial.a
LOAD zephyr/drivers/timer/libdrivers__timer.a
LOAD modules/hal_stm32/stm32cube/lib..__modules__hal__stm32__stm32cube.a
LOAD zephyr/kernel/libkernel.a
LOAD zephyr/arch/common/libisr_tables.a
LOAD /home/falu/zephyr-sdk-0.17.0/arm-zephyr-eabi/bin/../lib/gcc/../../picolibc/arm-zephyr-eabi/lib/thumb/v7e-m/nofp/libc.a
LOAD /home/falu/zephyr-sdk-0.17.0/arm-zephyr-eabi/bin/../lib/gcc/arm-zephyr-eabi/12.2.0/thumb/v7e-m/nofp/libgcc.a
                0x0000000000000020                _region_min_align = 0x20

.rel.plt        0x0000000008000000        0x0
 *(SORT_BY_ALIGNMENT(.rel.plt))
                [!provide]                        PROVIDE (__rel_iplt_start = .)
 *(SORT_BY_ALIGNMENT(.rel.iplt))
 .rel.iplt      0x0000000008000000        0x0 zephyr/CMakeFiles/zephyr_final.dir/isr_tables.c.obj
                [!provide]                        PROVIDE (__rel_iplt_end = .)

.rela.plt       0x0000000000000000        0x0
 *(SORT_BY_ALIGNMENT(.rela.plt))
                [!provide]                        PROVIDE (__rela_iplt_start = .)
 *(SORT_BY_ALIGNMENT(.rela.iplt))
                [!provide]                        PROVIDE (__rela_iplt_end = .)

.rel.dyn
 *(SORT_BY_ALIGNMENT(.rel.*))

.rela.dyn
 *(SORT_BY_ALIGNMENT(.rela.*))

/DISCARD/
 *(SORT_BY_ALIGNMENT(.plt))

/DISCARD/
 *(SORT_BY_ALIGNMENT(.iplt))
                0x0000000008000000                __rom_region_start = 0x8000000

rom_start       0x0000000008000000      0x18c
                0x0000000008000000                __rom_start_address = .
 FILL mask 0x00
                0x0000000008000000                . = (. + (0x0 - (. - __rom_start_address)))
                0x0000000008000000                . = ALIGN (0x4)
                0x0000000008000000                . = ALIGN (0x80)
                0x0000000008000000                . = ALIGN (0x200)
                0x0000000008000000                _vector_start = .
 *(SORT_BY_ALIGNMENT(.exc_vector_table))
 *(SORT_BY_ALIGNMENT(.exc_vector_table.*))
 .exc_vector_table._vector_table_section
                0x0000000008000000       0x40 zephyr/arch/arch/arm/core/cortex_m/libarch__arm__core__cortex_m.a(vector_table.S.obj)
                0x0000000008000000                _vector_table
 *(SORT_BY_ALIGNMENT(.vectors))
                0x000000000800018c                _vector_end = .
                0x0000000008000040                . = ALIGN (0x4)
 *(SORT_BY_ALIGNMENT(.gnu.linkonce.irq_vector_table*))
 .gnu.linkonce.irq_vector_table
                0x0000000008000040      0x14c zephyr/CMakeFiles/zephyr_final.dir/isr_tables.c.obj
                0x0000000008000040                _irq_vector_table
                0x000000000800018c                _vector_end = .

text            0x000000000800018c     0x52d8
                0x000000000800018c                __text_region_start = .
 *(SORT_BY_ALIGNMENT(.text))
 *(SORT_BY_ALIGNMENT(.text.*))
 .text.main     0x000000000800018c       0x5c app/libapp.a(main.c.obj)
                0x000000000800018c                main
 .text.char_out
                0x00000000080001e8       0x10 zephyr/libzephyr.a(printk.c.obj)
 .text.__printk_hook_install
                0x00000000080001f8        0xc zephyr/libzephyr.a(printk.c.obj)
                0x00000000080001f8                __printk_hook_install
 .text.vprintk  0x0000000008000204       0x2c zephyr/libzephyr.a(printk.c.obj)
                0x0000000008000204                vprintk
 .text.z_thread_entry
                0x0000000008000230       0x34 zephyr/libzephyr.a(thread_entry.c.obj)
                0x0000000008000230                z_thread_entry
 .text.st_stm32_common_config
                0x0000000008000264       0x14 zephyr/libzephyr.a(soc_config.c.obj)
 .text.soc_early_init_hook
                0x0000000008000278       0x30 zephyr/libzephyr.a(soc.c.obj)
                0x0000000008000278                soc_early_init_hook
 .text.mem_attr_get_regions
                0x00000000080002a8        0xc zephyr/libzephyr.a(mem_attr.c.obj)
                0x00000000080002a8                mem_attr_get_regions
 .text.z_SysNmiOnReset
                0x00000000080002b4        0x8 zephyr/arch/arch/arm/core/libarch__arm__core.a(nmi_on_reset.S.obj)
                0x00000000080002b4                z_SysNmiOnReset
 .text.z_tls_copy
                0x00000000080002bc       0x28 zephyr/arch/arch/arm/core/libarch__arm__core.a(tls.c.obj)
 .text.arch_tls_stack_setup
                0x00000000080002e4       0x28 zephyr/arch/arch/arm/core/libarch__arm__core.a(tls.c.obj)
                0x00000000080002e4                arch_tls_stack_setup
 .text._HandlerModeExit
                0x000000000800030c       0x20 zephyr/arch/arch/arm/core/cortex_m/libarch__arm__core__cortex_m.a(exc_exit.c.obj)
                0x000000000800030c                z_arm_exc_exit
                0x000000000800030c                z_arm_int_exit
 .text.bus_fault
                0x000000000800032c       0x8c zephyr/arch/arch/arm/core/cortex_m/libarch__arm__core__cortex_m.a(fault.c.obj)
 .text.usage_fault
                0x00000000080003b8       0x64 zephyr/arch/arch/arm/core/cortex_m/libarch__arm__core__cortex_m.a(fault.c.obj)
 .text.z_arm_is_synchronous_svc
                0x000000000800041c       0x3c zephyr/arch/arch/arm/core/cortex_m/libarch__arm__core__cortex_m.a(fault.c.obj)
 .text.mem_manage_fault
                0x0000000008000458       0xd4 zephyr/arch/arch/arm/core/cortex_m/libarch__arm__core__cortex_m.a(fault.c.obj)
 .text.hard_fault
                0x000000000800052c       0x78 zephyr/arch/arch/arm/core/cortex_m/libarch__arm__core__cortex_m.a(fault.c.obj)
 .text.z_arm_fault
                0x00000000080005a4       0xa4 zephyr/arch/arch/arm/core/cortex_m/libarch__arm__core__cortex_m.a(fault.c.obj)
                0x00000000080005a4                z_arm_fault
 .text.z_arm_fault_init
                0x0000000008000648       0x18 zephyr/arch/arch/arm/core/cortex_m/libarch__arm__core__cortex_m.a(fault.c.obj)
                0x0000000008000648                z_arm_fault_init
 .text.__fault  0x0000000008000660       0x14 zephyr/arch/arch/arm/core/cortex_m/libarch__arm__core__cortex_m.a(fault_s.S.obj)
                0x0000000008000660                z_arm_bus_fault
                0x0000000008000660                z_arm_usage_fault
                0x0000000008000660                z_arm_mpu_fault
                0x0000000008000660                z_arm_exc_spurious
                0x0000000008000660                z_arm_debug_monitor
                0x0000000008000660                z_arm_hard_fault
 .text._reset_section
                0x0000000008000674       0x38 zephyr/arch/arch/arm/core/cortex_m/libarch__arm__core__cortex_m.a(reset.S.obj)
                0x0000000008000674                z_arm_reset
                0x0000000008000674                __start
 .text.z_impl_k_thread_abort
                0x00000000080006ac       0x34 zephyr/arch/arch/arm/core/cortex_m/libarch__arm__core__cortex_m.a(thread_abort.c.obj)
                0x00000000080006ac                z_impl_k_thread_abort
 .text.z_arm_pendsv
                0x00000000080006e0       0x78 zephyr/arch/arch/arm/core/cortex_m/libarch__arm__core__cortex_m.a(swap_helper.S.obj)
                0x00000000080006e0                z_arm_pendsv
 .text.z_arm_svc
                0x0000000008000758       0x24 zephyr/arch/arch/arm/core/cortex_m/libarch__arm__core__cortex_m.a(swap_helper.S.obj)
                0x0000000008000758                z_arm_svc
 .text.__NVIC_EnableIRQ
                0x000000000800077c       0x1c zephyr/arch/arch/arm/core/cortex_m/libarch__arm__core__cortex_m.a(irq_manage.c.obj)
 .text.__NVIC_SetPriority
                0x0000000008000798       0x28 zephyr/arch/arch/arm/core/cortex_m/libarch__arm__core__cortex_m.a(irq_manage.c.obj)
 .text.z_prep_c
                0x00000000080007c0       0x48 zephyr/arch/arch/arm/core/cortex_m/libarch__arm__core__cortex_m.a(prep_c.c.obj)
                0x00000000080007c0                z_prep_c
 .text.arch_new_thread
                0x0000000008000808       0x44 zephyr/arch/arch/arm/core/cortex_m/libarch__arm__core__cortex_m.a(thread.c.obj)
                0x0000000008000808                arch_new_thread
 .text.z_check_thread_stack_fail
                0x000000000800084c       0x48 zephyr/arch/arch/arm/core/cortex_m/libarch__arm__core__cortex_m.a(thread.c.obj)
                0x000000000800084c                z_check_thread_stack_fail
 .text.arch_switch_to_main_thread
                0x0000000008000894       0x48 zephyr/arch/arch/arm/core/cortex_m/libarch__arm__core__cortex_m.a(thread.c.obj)
                0x0000000008000894                arch_switch_to_main_thread
 .text.z_arm_cpu_idle_init
                0x00000000080008dc        0xc zephyr/arch/arch/arm/core/cortex_m/libarch__arm__core__cortex_m.a(cpu_idle.c.obj)
                0x00000000080008dc                z_arm_cpu_idle_init
 .text.z_arm_interrupt_init
                0x00000000080008e8       0x34 zephyr/arch/arch/arm/core/cortex_m/libarch__arm__core__cortex_m.a(irq_init.c.obj)
                0x00000000080008e8                z_arm_interrupt_init
 .text._isr_wrapper
                0x000000000800091c       0x20 zephyr/arch/arch/arm/core/cortex_m/libarch__arm__core__cortex_m.a(isr_wrapper.c.obj)
                0x000000000800091c                _isr_wrapper
 .text.z_arm_configure_static_mpu_regions
                0x000000000800093c       0x1c zephyr/arch/arch/arm/core/mpu/libarch__arm__core__mpu.a(arm_core_mpu.c.obj)
                0x000000000800093c                z_arm_configure_static_mpu_regions
 .text.z_arm_configure_dynamic_mpu_regions
                0x0000000008000958       0x24 zephyr/arch/arch/arm/core/mpu/libarch__arm__core__mpu.a(arm_core_mpu.c.obj)
                0x0000000008000958                z_arm_configure_dynamic_mpu_regions
 .text.region_init
                0x000000000800097c       0x28 zephyr/arch/arch/arm/core/mpu/libarch__arm__core__mpu.a(arm_mpu.c.obj)
 .text.region_allocate_and_init
                0x00000000080009a4       0x28 zephyr/arch/arch/arm/core/mpu/libarch__arm__core__mpu.a(arm_mpu.c.obj)
 .text.mpu_configure_static_mpu_regions
                0x00000000080009cc       0x14 zephyr/arch/arch/arm/core/mpu/libarch__arm__core__mpu.a(arm_mpu.c.obj)
 .text.mpu_configure_dynamic_mpu_regions
                0x00000000080009e0       0x3c zephyr/arch/arch/arm/core/mpu/libarch__arm__core__mpu.a(arm_mpu.c.obj)
 .text.arm_core_mpu_enable
                0x0000000008000a1c       0x18 zephyr/arch/arch/arm/core/mpu/libarch__arm__core__mpu.a(arm_mpu.c.obj)
                0x0000000008000a1c                arm_core_mpu_enable
 .text.arm_core_mpu_disable
                0x0000000008000a34       0x14 zephyr/arch/arch/arm/core/mpu/libarch__arm__core__mpu.a(arm_mpu.c.obj)
                0x0000000008000a34                arm_core_mpu_disable
 .text.z_arm_mpu_init
                0x0000000008000a48       0x80 zephyr/arch/arch/arm/core/mpu/libarch__arm__core__mpu.a(arm_mpu.c.obj)
                0x0000000008000a48                z_arm_mpu_init
 .text.z_impl_zephyr_fputc
                0x0000000008000ac8       0x10 zephyr/lib/libc/picolibc/liblib__libc__picolibc.a(stdio.c.obj)
                0x0000000008000ac8                z_impl_zephyr_fputc
 .text.__stdout_hook_install
                0x0000000008000ad8       0x18 zephyr/lib/libc/picolibc/liblib__libc__picolibc.a(stdio.c.obj)
                0x0000000008000ad8                __stdout_hook_install
 .text.malloc_prepare
                0x0000000008000af0       0x24 zephyr/lib/libc/common/liblib__libc__common.a(malloc.c.obj)
 .text.stm32_exti_isr
                0x0000000008000b14       0x48 zephyr/drivers/interrupt_controller/libdrivers__interrupt_controller.a(intc_exti_stm32.c.obj)
 .text.stm32_exti_enable_registers
                0x0000000008000b5c       0x30 zephyr/drivers/interrupt_controller/libdrivers__interrupt_controller.a(intc_exti_stm32.c.obj)
 .text.stm32_fill_irq_table
                0x0000000008000b8c       0x24 zephyr/drivers/interrupt_controller/libdrivers__interrupt_controller.a(intc_exti_stm32.c.obj)
 .text.LL_SYSCFG_SetEXTISource
                0x0000000008000bb0       0x38 zephyr/drivers/interrupt_controller/libdrivers__interrupt_controller.a(intc_exti_stm32.c.obj)
 .text.LL_SYSCFG_GetEXTISource
                0x0000000008000be8       0x28 zephyr/drivers/interrupt_controller/libdrivers__interrupt_controller.a(intc_exti_stm32.c.obj)
 .text.stm32_gpio_intc_enable_line
                0x0000000008000c10       0x30 zephyr/drivers/interrupt_controller/libdrivers__interrupt_controller.a(intc_exti_stm32.c.obj)
                0x0000000008000c10                stm32_gpio_intc_enable_line
 .text.stm32_gpio_intc_disable_line
                0x0000000008000c40       0x10 zephyr/drivers/interrupt_controller/libdrivers__interrupt_controller.a(intc_exti_stm32.c.obj)
                0x0000000008000c40                stm32_gpio_intc_disable_line
 .text.stm32_gpio_intc_select_line_trigger
                0x0000000008000c50       0x58 zephyr/drivers/interrupt_controller/libdrivers__interrupt_controller.a(intc_exti_stm32.c.obj)
                0x0000000008000c50                stm32_gpio_intc_select_line_trigger
 .text.stm32_gpio_intc_set_irq_callback
                0x0000000008000ca8       0x4c zephyr/drivers/interrupt_controller/libdrivers__interrupt_controller.a(intc_exti_stm32.c.obj)
                0x0000000008000ca8                stm32_gpio_intc_set_irq_callback
 .text.stm32_gpio_intc_remove_irq_callback
                0x0000000008000cf4       0x24 zephyr/drivers/interrupt_controller/libdrivers__interrupt_controller.a(intc_exti_stm32.c.obj)
                0x0000000008000cf4                stm32_gpio_intc_remove_irq_callback
 .text.update_sample_pnt
                0x0000000008000d18      0x100 zephyr/drivers/can/libdrivers__can.a(can_common.c.obj)
 .text.sample_point_for_bitrate
                0x0000000008000e18       0x28 zephyr/drivers/can/libdrivers__can.a(can_common.c.obj)
 .text.z_impl_can_calc_timing
                0x0000000008000e40       0x2c zephyr/drivers/can/libdrivers__can.a(can_common.c.obj)
                0x0000000008000e40                z_impl_can_calc_timing
 .text.can_stm32_get_core_clock
                0x0000000008000e6c       0x24 zephyr/drivers/can/libdrivers__can.a(can_stm32_bxcan.c.obj)
 .text.can_stm32_remove_rx_filter
                0x0000000008000e90      0x118 zephyr/drivers/can/libdrivers__can.a(can_stm32_bxcan.c.obj)
 .text.can_stm32_add_rx_filter
                0x0000000008000fa8       0x8c zephyr/drivers/can/libdrivers__can.a(can_stm32_bxcan.c.obj)
 .text.can_stm32_set_timing
                0x0000000008001034       0x70 zephyr/drivers/can/libdrivers__can.a(can_stm32_bxcan.c.obj)
 .text.can_stm32_enter_init_mode
                0x00000000080010a4       0x3c zephyr/drivers/can/libdrivers__can.a(can_stm32_bxcan.c.obj)
 .text.can_stm32_leave_init_mode
                0x00000000080010e0       0x34 zephyr/drivers/can/libdrivers__can.a(can_stm32_bxcan.c.obj)
 .text.can_stm32_leave_sleep_mode
                0x0000000008001114       0x34 zephyr/drivers/can/libdrivers__can.a(can_stm32_bxcan.c.obj)
 .text.can_stm32_init
                0x0000000008001148      0x14c zephyr/drivers/can/libdrivers__can.a(can_stm32_bxcan.c.obj)
 .text.stm32_clock_switch_to_hsi
                0x0000000008001294       0x48 zephyr/drivers/clock_control/libdrivers__clock_control.a(clock_stm32_ll_common.c.obj)
 .text.set_up_fixed_clock_sources
                0x00000000080012dc       0x54 zephyr/drivers/clock_control/libdrivers__clock_control.a(clock_stm32_ll_common.c.obj)
 .text.stm32_clock_control_get_subsys_rate
                0x0000000008001330      0x124 zephyr/drivers/clock_control/libdrivers__clock_control.a(clock_stm32_ll_common.c.obj)
 .text.set_up_plls
                0x0000000008001454       0x8c zephyr/drivers/clock_control/libdrivers__clock_control.a(clock_stm32_ll_common.c.obj)
 .text.stm32_clock_control_init
                0x00000000080014e0       0x90 zephyr/drivers/clock_control/libdrivers__clock_control.a(clock_stm32_ll_common.c.obj)
                0x00000000080014e0                stm32_clock_control_init
 .text.get_pllsrc_frequency
                0x0000000008001570        0x8 zephyr/drivers/clock_control/libdrivers__clock_control.a(clock_stm32l4_l5_wb_wl.c.obj)
                0x0000000008001570                get_pllsrc_frequency
 .text.config_pll_sysclock
                0x0000000008001578       0x2c zephyr/drivers/clock_control/libdrivers__clock_control.a(clock_stm32l4_l5_wb_wl.c.obj)
                0x0000000008001578                config_pll_sysclock
 .text.config_enable_default_clocks
                0x00000000080015a4       0x20 zephyr/drivers/clock_control/libdrivers__clock_control.a(clock_stm32l4_l5_wb_wl.c.obj)
                0x00000000080015a4                config_enable_default_clocks
 .text.console_out
                0x00000000080015c4       0x28 zephyr/drivers/console/libdrivers__console.a(uart_console.c.obj)
 .text.uart_console_hook_install
                0x00000000080015ec       0x18 zephyr/drivers/console/libdrivers__console.a(uart_console.c.obj)
 .text.uart_console_init
                0x0000000008001604       0x1c zephyr/drivers/console/libdrivers__console.a(uart_console.c.obj)
 .text.gpio_stm32_clock_request
                0x0000000008001620       0x28 zephyr/drivers/gpio/libdrivers__gpio.a(gpio_stm32.c.obj)
 .text.gpio_stm32_pin_interrupt_configure
                0x0000000008001648       0x94 zephyr/drivers/gpio/libdrivers__gpio.a(gpio_stm32.c.obj)
 .text.gpio_stm32_init
                0x00000000080016dc       0x2c zephyr/drivers/gpio/libdrivers__gpio.a(gpio_stm32.c.obj)
 .text.stm32_pin_configure
                0x0000000008001708       0x40 zephyr/drivers/pinctrl/libdrivers__pinctrl.a(pinctrl_stm32.c.obj)
 .text.uart_stm32_configure
                0x0000000008001748      0x140 zephyr/drivers/serial/libdrivers__serial.a(uart_stm32.c.obj)
 .text.uart_stm32_poll_in
                0x0000000008001888       0x10 zephyr/drivers/serial/libdrivers__serial.a(uart_stm32.c.obj)
 .text.uart_stm32_poll_out
                0x0000000008001898       0x10 zephyr/drivers/serial/libdrivers__serial.a(uart_stm32.c.obj)
 .text.uart_stm32_clocks_enable
                0x00000000080018a8       0x28 zephyr/drivers/serial/libdrivers__serial.a(uart_stm32.c.obj)
 .text.uart_stm32_registers_configure
                0x00000000080018d0       0xf8 zephyr/drivers/serial/libdrivers__serial.a(uart_stm32.c.obj)
 .text.elapsed  0x00000000080019c8       0x48 zephyr/drivers/timer/libdrivers__timer.a(cortex_m_systick.c.obj)
 .text.sys_clock_driver_init
                0x0000000008001a10       0x38 zephyr/drivers/timer/libdrivers__timer.a(cortex_m_systick.c.obj)
 .text.sys_clock_isr
                0x0000000008001a48       0x68 zephyr/drivers/timer/libdrivers__timer.a(cortex_m_systick.c.obj)
                0x0000000008001a48                sys_clock_isr
 .text.sys_clock_set_timeout
                0x0000000008001ab0      0x124 zephyr/drivers/timer/libdrivers__timer.a(cortex_m_systick.c.obj)
                0x0000000008001ab0                sys_clock_set_timeout
 .text.sys_clock_elapsed
                0x0000000008001bd4       0x40 zephyr/drivers/timer/libdrivers__timer.a(cortex_m_systick.c.obj)
                0x0000000008001bd4                sys_clock_elapsed
 .text.sys_clock_cycle_get_32
                0x0000000008001c14       0x28 zephyr/drivers/timer/libdrivers__timer.a(cortex_m_systick.c.obj)
                0x0000000008001c14                sys_clock_cycle_get_32
 .text.HAL_RCC_GetSysClockFreq
                0x0000000008001c3c       0xb4 modules/hal_stm32/stm32cube/lib..__modules__hal__stm32__stm32cube.a(stm32l4xx_hal_rcc.c.obj)
                0x0000000008001c3c                HAL_RCC_GetSysClockFreq
 .text.LL_SetFlashLatency
                0x0000000008001cf0       0xd0 modules/hal_stm32/stm32cube/lib..__modules__hal__stm32__stm32cube.a(stm32l4xx_ll_utils.c.obj)
                0x0000000008001cf0                LL_SetFlashLatency
 .text.z_device_state_init
                0x0000000008001dc0       0x18 zephyr/kernel/libkernel.a(device.c.obj)
                0x0000000008001dc0                z_device_state_init
 .text.z_fatal_error
                0x0000000008001dd8       0x2c zephyr/kernel/libkernel.a(fatal.c.obj)
                0x0000000008001dd8                z_fatal_error
 .text.z_sys_init_run_level
                0x0000000008001e04       0x34 zephyr/kernel/libkernel.a(init.c.obj)
 .text.init_idle_thread
                0x0000000008001e38       0x64 zephyr/kernel/libkernel.a(init.c.obj)
 .text.thread_schedule_new
                0x0000000008001e9c       0x1c zephyr/kernel/libkernel.a(init.c.obj)
 .text.z_init_static_threads
                0x0000000008001eb8       0x70 zephyr/kernel/libkernel.a(init.c.obj)
 .text.bg_thread_main
                0x0000000008001f28       0x38 zephyr/kernel/libkernel.a(init.c.obj)
 .text.switch_to_main_thread
                0x0000000008001f60       0x14 zephyr/kernel/libkernel.a(init.c.obj)
 .text.z_bss_zero
                0x0000000008001f74       0x18 zephyr/kernel/libkernel.a(init.c.obj)
                0x0000000008001f74                z_bss_zero
 .text.z_init_cpu
                0x0000000008001f8c       0x54 zephyr/kernel/libkernel.a(init.c.obj)
                0x0000000008001f8c                z_init_cpu
 .text.prepare_multithreading
                0x0000000008001fe0       0x60 zephyr/kernel/libkernel.a(init.c.obj)
 .text.z_cstart
                0x0000000008002040       0x7c zephyr/kernel/libkernel.a(init.c.obj)
                0x0000000008002040                z_cstart
 .text.z_impl_k_mutex_lock
                0x00000000080020bc      0x100 zephyr/kernel/libkernel.a(mutex.c.obj)
                0x00000000080020bc                z_impl_k_mutex_lock
 .text.z_impl_k_mutex_unlock
                0x00000000080021bc       0xac zephyr/kernel/libkernel.a(mutex.c.obj)
                0x00000000080021bc                z_impl_k_mutex_unlock
 .text.z_impl_k_sem_give
                0x0000000008002268       0x88 zephyr/kernel/libkernel.a(sem.c.obj)
                0x0000000008002268                z_impl_k_sem_give
 .text.z_impl_k_sem_take
                0x00000000080022f0       0x50 zephyr/kernel/libkernel.a(sem.c.obj)
                0x00000000080022f0                z_impl_k_sem_take
 .text.z_setup_new_thread
                0x0000000008002340       0xd8 zephyr/kernel/libkernel.a(thread.c.obj)
                0x0000000008002340                z_setup_new_thread
 .text.z_thread_mark_switched_in
                0x0000000008002418       0x10 zephyr/kernel/libkernel.a(thread.c.obj)
                0x0000000008002418                z_thread_mark_switched_in
 .text.z_dummy_thread_init
                0x0000000008002428       0x20 zephyr/kernel/libkernel.a(thread.c.obj)
                0x0000000008002428                z_dummy_thread_init
 .text.z_swap_irqlock
                0x0000000008002448       0x34 zephyr/kernel/libkernel.a(sched.c.obj)
 .text.ready_thread
                0x000000000800247c       0xb4 zephyr/kernel/libkernel.a(sched.c.obj)
 .text.unready_thread
                0x0000000008002530       0x68 zephyr/kernel/libkernel.a(sched.c.obj)
 .text.thread_halt_spin
                0x0000000008002598      0x114 zephyr/kernel/libkernel.a(sched.c.obj)
 .text.add_thread_timeout
                0x00000000080026ac       0x20 zephyr/kernel/libkernel.a(sched.c.obj)
 .text.move_thread_to_end_of_prio_q
                0x00000000080026cc       0xc8 zephyr/kernel/libkernel.a(sched.c.obj)
                0x00000000080026cc                move_thread_to_end_of_prio_q
 .text.z_pend_curr
                0x0000000008002794       0x38 zephyr/kernel/libkernel.a(sched.c.obj)
                0x0000000008002794                z_pend_curr
 .text.z_thread_prio_set
                0x00000000080027cc       0xe8 zephyr/kernel/libkernel.a(sched.c.obj)
                0x00000000080027cc                z_thread_prio_set
 .text.z_reschedule
                0x00000000080028b4       0x2c zephyr/kernel/libkernel.a(sched.c.obj)
                0x00000000080028b4                z_reschedule
 .text.z_reschedule_irqlock
                0x00000000080028e0       0x2c zephyr/kernel/libkernel.a(sched.c.obj)
                0x00000000080028e0                z_reschedule_irqlock
 .text.k_sched_lock
                0x000000000800290c       0x30 zephyr/kernel/libkernel.a(sched.c.obj)
                0x000000000800290c                k_sched_lock
 .text.k_sched_unlock
                0x000000000800293c       0x70 zephyr/kernel/libkernel.a(sched.c.obj)
                0x000000000800293c                k_sched_unlock
 .text.z_sched_init
                0x00000000080029ac       0x10 zephyr/kernel/libkernel.a(sched.c.obj)
                0x00000000080029ac                z_sched_init
 .text.z_impl_k_yield
                0x00000000080029bc       0xa0 zephyr/kernel/libkernel.a(sched.c.obj)
                0x00000000080029bc                z_impl_k_yield
 .text.z_tick_sleep
                0x0000000008002a5c       0x90 zephyr/kernel/libkernel.a(sched.c.obj)
 .text.z_impl_k_sleep
                0x0000000008002aec       0x64 zephyr/kernel/libkernel.a(sched.c.obj)
                0x0000000008002aec                z_impl_k_sleep
 .text.z_impl_k_wakeup
                0x0000000008002b50       0x48 zephyr/kernel/libkernel.a(sched.c.obj)
                0x0000000008002b50                z_impl_k_wakeup
 .text.z_impl_k_sched_current_thread_query
                0x0000000008002b98        0xc zephyr/kernel/libkernel.a(sched.c.obj)
                0x0000000008002b98                z_impl_k_sched_current_thread_query
 .text.z_thread_abort
                0x0000000008002ba4      0x164 zephyr/kernel/libkernel.a(sched.c.obj)
                0x0000000008002ba4                z_thread_abort
 .text.slice_timeout
                0x0000000008002d08       0x20 zephyr/kernel/libkernel.a(timeslicing.c.obj)
 .text.thread_is_sliceable
                0x0000000008002d28       0x4c zephyr/kernel/libkernel.a(timeslicing.c.obj)
                0x0000000008002d28                thread_is_sliceable
 .text.z_reset_time_slice
                0x0000000008002d74       0x50 zephyr/kernel/libkernel.a(timeslicing.c.obj)
                0x0000000008002d74                z_reset_time_slice
 .text.z_time_slice
                0x0000000008002dc4       0x70 zephyr/kernel/libkernel.a(timeslicing.c.obj)
                0x0000000008002dc4                z_time_slice
 .text.z_thread_monitor_exit
                0x0000000008002e34       0x44 zephyr/kernel/libkernel.a(thread_monitor.c.obj)
                0x0000000008002e34                z_thread_monitor_exit
 .text.z_data_copy
                0x0000000008002e78       0x34 zephyr/kernel/libkernel.a(xip.c.obj)
                0x0000000008002e78                z_data_copy
 .text.first    0x0000000008002eac       0x14 zephyr/kernel/libkernel.a(timeout.c.obj)
 .text.next     0x0000000008002ec0       0x18 zephyr/kernel/libkernel.a(timeout.c.obj)
 .text.elapsed  0x0000000008002ed8       0x18 zephyr/kernel/libkernel.a(timeout.c.obj)
 .text.z_add_timeout
                0x0000000008002ef0      0x10c zephyr/kernel/libkernel.a(timeout.c.obj)
                0x0000000008002ef0                z_add_timeout
 .text.sys_clock_announce
                0x0000000008002ffc       0xc4 zephyr/kernel/libkernel.a(timeout.c.obj)
                0x0000000008002ffc                sys_clock_announce
 .text.sys_clock_tick_get
                0x00000000080030c0       0x40 zephyr/kernel/libkernel.a(timeout.c.obj)
                0x00000000080030c0                sys_clock_tick_get
 .text.z_sched_usage_start
                0x0000000008003100       0x10 zephyr/kernel/libkernel.a(usage.c.obj)
                0x0000000008003100                z_sched_usage_start
 .text.z_sched_usage_stop
                0x0000000008003110       0x4c zephyr/kernel/libkernel.a(usage.c.obj)
                0x0000000008003110                z_sched_usage_stop
 .text.boot_banner
                0x000000000800315c       0x10 zephyr/kernel/libkernel.a(banner.c.obj)
                0x000000000800315c                boot_banner
 .text.statics_init
                0x000000000800316c       0x24 zephyr/kernel/libkernel.a(kheap.c.obj)
 .text.printf   0x0000000008003190       0x24 /home/falu/zephyr-sdk-0.17.0/arm-zephyr-eabi/bin/../lib/gcc/../../picolibc/arm-zephyr-eabi/lib/thumb/v7e-m/nofp/libc.a(libc_tinystdio_printf.c.o)
                0x0000000008003190                printf
 .text.__l_vfprintf
                0x00000000080031b4      0x4b8 /home/falu/zephyr-sdk-0.17.0/arm-zephyr-eabi/bin/../lib/gcc/../../picolibc/arm-zephyr-eabi/lib/thumb/v7e-m/nofp/libc.a(libc_tinystdio_vflprintf.c.o)
                0x00000000080031b4                __l_vfprintf
 .text._OffsetAbsSyms
                0x000000000800366c        0x2 zephyr/CMakeFiles/offsets.dir/./arch/arm/core/offsets/offsets.c.obj
                0x000000000800366c                _OffsetAbsSyms
 .text.z_impl_gpio_pin_configure
                0x000000000800366e       0x50 app/libapp.a(main.c.obj)
 .text.gpio_pin_configure_dt
                0x00000000080036be       0x16 app/libapp.a(main.c.obj)
 .text.gpio_pin_toggle_dt
                0x00000000080036d4       0x14 app/libapp.a(main.c.obj)
 .text.k_msleep
                0x00000000080036e8       0x20 app/libapp.a(main.c.obj)
 .text.free_list_add_bidx
                0x0000000008003708       0x4e zephyr/libzephyr.a(heap.c.obj)
 .text.free_list_add
                0x0000000008003756       0x18 zephyr/libzephyr.a(heap.c.obj)
 .text.sys_heap_init
                0x000000000800376e       0x84 zephyr/libzephyr.a(heap.c.obj)
                0x000000000800376e                sys_heap_init
 .text.arch_printk_char_out
                0x00000000080037f2        0x4 zephyr/libzephyr.a(printk.c.obj)
                0x00000000080037f2                arch_printk_char_out
 .text.printk   0x00000000080037f6       0x1c zephyr/libzephyr.a(printk.c.obj)
                0x00000000080037f6                printk
 .text._ConfigAbsSyms
                0x0000000008003812        0x2 zephyr/libzephyr.a(configs.c.obj)
                0x0000000008003812                _ConfigAbsSyms
 .text.z_arm_fatal_error
                0x0000000008003814       0x12 zephyr/arch/arch/arm/core/libarch__arm__core.a(fatal.c.obj)
                0x0000000008003814                z_arm_fatal_error
 .text.z_do_kernel_oops
                0x0000000008003826        0xc zephyr/arch/arch/arm/core/libarch__arm__core.a(fatal.c.obj)
                0x0000000008003826                z_do_kernel_oops
 .text.z_arm_nmi
                0x0000000008003832        0xc zephyr/arch/arch/arm/core/libarch__arm__core.a(nmi.c.obj)
                0x0000000008003832                z_arm_nmi
 .text.memory_fault_recoverable
                0x000000000800383e        0x4 zephyr/arch/arch/arm/core/cortex_m/libarch__arm__core__cortex_m.a(fault.c.obj)
 .text.debug_monitor
                0x0000000008003842        0x6 zephyr/arch/arch/arm/core/cortex_m/libarch__arm__core__cortex_m.a(fault.c.obj)
 .text.fault_handle
                0x0000000008003848       0x46 zephyr/arch/arch/arm/core/cortex_m/libarch__arm__core__cortex_m.a(fault.c.obj)
 .text.arch_irq_enable
                0x000000000800388e        0xa zephyr/arch/arch/arm/core/cortex_m/libarch__arm__core__cortex_m.a(irq_manage.c.obj)
                0x000000000800388e                arch_irq_enable
 .text.z_arm_irq_priority_set
                0x0000000008003898        0xc zephyr/arch/arch/arm/core/cortex_m/libarch__arm__core__cortex_m.a(irq_manage.c.obj)
                0x0000000008003898                z_arm_irq_priority_set
 .text.z_irq_spurious
                0x00000000080038a4        0xc zephyr/arch/arch/arm/core/cortex_m/libarch__arm__core__cortex_m.a(irq_manage.c.obj)
                0x00000000080038a4                z_irq_spurious
 .text.arch_irq_unlock_outlined
                0x00000000080038b0        0xe zephyr/arch/arch/arm/core/cortex_m/libarch__arm__core__cortex_m.a(thread.c.obj)
                0x00000000080038b0                arch_irq_unlock_outlined
 .text.arch_cpu_idle
                0x00000000080038be       0x1a zephyr/arch/arch/arm/core/cortex_m/libarch__arm__core__cortex_m.a(cpu_idle.c.obj)
                0x00000000080038be                arch_cpu_idle
 .text.mpu_partition_is_valid
                0x00000000080038d8       0x22 zephyr/arch/arch/arm/core/mpu/libarch__arm__core__mpu.a(arm_mpu.c.obj)
 .text.mpu_configure_region
                0x00000000080038fa       0x3e zephyr/arch/arch/arm/core/mpu/libarch__arm__core__mpu.a(arm_mpu.c.obj)
 .text.mpu_configure_regions
                0x0000000008003938       0x50 zephyr/arch/arch/arm/core/mpu/libarch__arm__core__mpu.a(arm_mpu.c.obj)
 .text.mpu_configure_regions_from_dt
                0x0000000008003988      0x1b0 zephyr/arch/arch/arm/core/mpu/libarch__arm__core__mpu.a(arm_mpu.c.obj)
 .text.arm_core_mpu_configure_static_mpu_regions
                0x0000000008003b38        0x8 zephyr/arch/arch/arm/core/mpu/libarch__arm__core__mpu.a(arm_mpu.c.obj)
                0x0000000008003b38                arm_core_mpu_configure_static_mpu_regions
 .text.arm_core_mpu_configure_dynamic_mpu_regions
                0x0000000008003b40        0x8 zephyr/arch/arch/arm/core/mpu/libarch__arm__core__mpu.a(arm_mpu.c.obj)
                0x0000000008003b40                arm_core_mpu_configure_dynamic_mpu_regions
 .text.picolibc_put
                0x0000000008003b48        0xa zephyr/lib/libc/picolibc/liblib__libc__picolibc.a(stdio.c.obj)
 .text.stm32_exti_init
                0x0000000008003b52       0x94 zephyr/drivers/interrupt_controller/libdrivers__interrupt_controller.a(intc_exti_stm32.c.obj)
 .text.stm32_gpio_intc_get_pin_irq_line
                0x0000000008003be6        0x6 zephyr/drivers/interrupt_controller/libdrivers__interrupt_controller.a(intc_exti_stm32.c.obj)
                0x0000000008003be6                stm32_gpio_intc_get_pin_irq_line
 .text.stm32_exti_set_line_src_port
                0x0000000008003bec       0x1c zephyr/drivers/interrupt_controller/libdrivers__interrupt_controller.a(intc_exti_stm32.c.obj)
                0x0000000008003bec                stm32_exti_set_line_src_port
 .text.stm32_exti_get_line_src_port
                0x0000000008003c08       0x1a zephyr/drivers/interrupt_controller/libdrivers__interrupt_controller.a(intc_exti_stm32.c.obj)
                0x0000000008003c08                stm32_exti_get_line_src_port
 .text.can_calc_timing_internal
                0x0000000008003c22      0x10e zephyr/drivers/can/libdrivers__can.a(can_common.c.obj)
 .text.check_timing_in_range
                0x0000000008003d30       0xae zephyr/drivers/can/libdrivers__can.a(can_common.c.obj)
 .text.z_impl_can_set_timing
                0x0000000008003dde       0x22 zephyr/drivers/can/libdrivers__can.a(can_common.c.obj)
                0x0000000008003dde                z_impl_can_set_timing
 .text.can_stm32_signal_tx_complete
                0x0000000008003e00       0x14 zephyr/drivers/can/libdrivers__can.a(can_stm32_bxcan.c.obj)
 .text.can_stm32_get_state
                0x0000000008003e14       0x5e zephyr/drivers/can/libdrivers__can.a(can_stm32_bxcan.c.obj)
 .text.can_stm32_bus_state_change_isr
                0x0000000008003e72       0x34 zephyr/drivers/can/libdrivers__can.a(can_stm32_bxcan.c.obj)
 .text.can_stm32_get_capabilities
                0x0000000008003ea6        0x8 zephyr/drivers/can/libdrivers__can.a(can_stm32_bxcan.c.obj)
 .text.can_stm32_get_max_filters
                0x0000000008003eae        0xa zephyr/drivers/can/libdrivers__can.a(can_stm32_bxcan.c.obj)
 .text.can_stm32_set_state_change_callback
                0x0000000008003eb8       0x24 zephyr/drivers/can/libdrivers__can.a(can_stm32_bxcan.c.obj)
 .text.can_stm32_set_filter_bank
                0x0000000008003edc       0x24 zephyr/drivers/can/libdrivers__can.a(can_stm32_bxcan.c.obj)
 .text.can_stm32_set_filter
                0x0000000008003f00       0xde zephyr/drivers/can/libdrivers__can.a(can_stm32_bxcan.c.obj)
 .text.can_stm32_set_mode
                0x0000000008003fde       0x88 zephyr/drivers/can/libdrivers__can.a(can_stm32_bxcan.c.obj)
 .text.can_stm32_send
                0x0000000008004066      0x13c zephyr/drivers/can/libdrivers__can.a(can_stm32_bxcan.c.obj)
 .text.can_stm32_stop
                0x00000000080041a2       0x92 zephyr/drivers/can/libdrivers__can.a(can_stm32_bxcan.c.obj)
 .text.can_stm32_start
                0x0000000008004234       0x62 zephyr/drivers/can/libdrivers__can.a(can_stm32_bxcan.c.obj)
 .text.config_can_0_irq
                0x0000000008004296       0x42 zephyr/drivers/can/libdrivers__can.a(can_stm32_bxcan.c.obj)
 .text.can_stm32_rx_fifo_pop
                0x00000000080042d8       0x4e zephyr/drivers/can/libdrivers__can.a(can_stm32_bxcan.c.obj)
 .text.can_stm32_rx_isr_handler
                0x0000000008004326       0x70 zephyr/drivers/can/libdrivers__can.a(can_stm32_bxcan.c.obj)
 .text.can_stm32_rx_isr
                0x0000000008004396        0x8 zephyr/drivers/can/libdrivers__can.a(can_stm32_bxcan.c.obj)
 .text.can_stm32_tx_isr_handler
                0x000000000800439e      0x114 zephyr/drivers/can/libdrivers__can.a(can_stm32_bxcan.c.obj)
 .text.can_stm32_tx_isr
                0x00000000080044b2        0x8 zephyr/drivers/can/libdrivers__can.a(can_stm32_bxcan.c.obj)
 .text.can_stm32_state_change_isr
                0x00000000080044ba       0x26 zephyr/drivers/can/libdrivers__can.a(can_stm32_bxcan.c.obj)
 .text.pinctrl_apply_state
                0x00000000080044e0       0x20 zephyr/drivers/can/libdrivers__can.a(can_stm32_bxcan.c.obj)
 .text.get_pll_div_frequency
                0x0000000008004500        0xe zephyr/drivers/clock_control/libdrivers__clock_control.a(clock_stm32_ll_common.c.obj)
 .text.get_bus_clock
                0x000000000800450e        0x6 zephyr/drivers/clock_control/libdrivers__clock_control.a(clock_stm32_ll_common.c.obj)
 .text.get_msi_frequency
                0x0000000008004514        0x4 zephyr/drivers/clock_control/libdrivers__clock_control.a(clock_stm32_ll_common.c.obj)
 .text.stm32_clock_control_on
                0x0000000008004518       0x44 zephyr/drivers/clock_control/libdrivers__clock_control.a(clock_stm32_ll_common.c.obj)
 .text.stm32_clock_control_off
                0x000000000800455c       0x2e zephyr/drivers/clock_control/libdrivers__clock_control.a(clock_stm32_ll_common.c.obj)
 .text.enabled_clock
                0x000000000800458a       0x20 zephyr/drivers/clock_control/libdrivers__clock_control.a(clock_stm32_ll_common.c.obj)
                0x000000000800458a                enabled_clock
 .text.stm32_clock_control_configure
                0x00000000080045aa       0x56 zephyr/drivers/clock_control/libdrivers__clock_control.a(clock_stm32_ll_common.c.obj)
 .text.stm32_clock_control_get_status
                0x0000000008004600       0x3a zephyr/drivers/clock_control/libdrivers__clock_control.a(clock_stm32_ll_common.c.obj)
 .text.config_regulator_voltage
                0x000000000800463a        0x2 zephyr/drivers/clock_control/libdrivers__clock_control.a(clock_stm32_ll_common.c.obj)
                0x000000000800463a                config_regulator_voltage
 .text.get_pll_source
                0x000000000800463c        0x4 zephyr/drivers/clock_control/libdrivers__clock_control.a(clock_stm32l4_l5_wb_wl.c.obj)
 .text.sys_slist_remove
                0x0000000008004640       0x26 zephyr/drivers/gpio/libdrivers__gpio.a(gpio_stm32.c.obj)
 .text.sys_slist_find_and_remove
                0x0000000008004666       0x20 zephyr/drivers/gpio/libdrivers__gpio.a(gpio_stm32.c.obj)
 .text.gpio_manage_callback
                0x0000000008004686       0x3e zephyr/drivers/gpio/libdrivers__gpio.a(gpio_stm32.c.obj)
 .text.gpio_fire_callbacks
                0x00000000080046c4       0x40 zephyr/drivers/gpio/libdrivers__gpio.a(gpio_stm32.c.obj)
 .text.gpio_stm32_isr
                0x0000000008004704       0x10 zephyr/drivers/gpio/libdrivers__gpio.a(gpio_stm32.c.obj)
 .text.gpio_stm32_flags_to_conf
                0x0000000008004714       0xa8 zephyr/drivers/gpio/libdrivers__gpio.a(gpio_stm32.c.obj)
 .text.gpio_stm32_port_get_raw
                0x00000000080047bc        0xc zephyr/drivers/gpio/libdrivers__gpio.a(gpio_stm32.c.obj)
 .text.gpio_stm32_port_set_masked_raw
                0x00000000080047c8       0x12 zephyr/drivers/gpio/libdrivers__gpio.a(gpio_stm32.c.obj)
 .text.gpio_stm32_port_set_bits_raw
                0x00000000080047da        0xa zephyr/drivers/gpio/libdrivers__gpio.a(gpio_stm32.c.obj)
 .text.gpio_stm32_port_clear_bits_raw
                0x00000000080047e4        0xa zephyr/drivers/gpio/libdrivers__gpio.a(gpio_stm32.c.obj)
 .text.gpio_stm32_port_toggle_bits
                0x00000000080047ee        0xe zephyr/drivers/gpio/libdrivers__gpio.a(gpio_stm32.c.obj)
 .text.gpio_stm32_manage_callback
                0x00000000080047fc        0xc zephyr/drivers/gpio/libdrivers__gpio.a(gpio_stm32.c.obj)
 .text.LL_GPIO_SetPinMode
                0x0000000008004808       0x3a zephyr/drivers/gpio/libdrivers__gpio.a(gpio_stm32.c.obj)
 .text.LL_GPIO_SetPinSpeed
                0x0000000008004842       0x3a zephyr/drivers/gpio/libdrivers__gpio.a(gpio_stm32.c.obj)
 .text.LL_GPIO_SetPinPull
                0x000000000800487c       0x3a zephyr/drivers/gpio/libdrivers__gpio.a(gpio_stm32.c.obj)
 .text.LL_GPIO_SetAFPin_0_7
                0x00000000080048b6       0x3a zephyr/drivers/gpio/libdrivers__gpio.a(gpio_stm32.c.obj)
 .text.LL_GPIO_SetAFPin_8_15
                0x00000000080048f0       0x3c zephyr/drivers/gpio/libdrivers__gpio.a(gpio_stm32.c.obj)
 .text.gpio_stm32_configure_raw
                0x000000000800492c       0x70 zephyr/drivers/gpio/libdrivers__gpio.a(gpio_stm32.c.obj)
 .text.gpio_stm32_config
                0x000000000800499c       0x98 zephyr/drivers/gpio/libdrivers__gpio.a(gpio_stm32.c.obj)
 .text.gpio_stm32_disable_pin_irqs
                0x0000000008004a34       0x30 zephyr/drivers/gpio/libdrivers__gpio.a(gpio_stm32.c.obj)
 .text.gpio_stm32_configure
                0x0000000008004a64       0x34 zephyr/drivers/gpio/libdrivers__gpio.a(gpio_stm32.c.obj)
                0x0000000008004a64                gpio_stm32_configure
 .text.pinctrl_lookup_state
                0x0000000008004a98       0x32 zephyr/drivers/pinctrl/libdrivers__pinctrl.a(common.c.obj)
                0x0000000008004a98                pinctrl_lookup_state
 .text.pinctrl_configure_pins
                0x0000000008004aca       0x5e zephyr/drivers/pinctrl/libdrivers__pinctrl.a(pinctrl_stm32.c.obj)
                0x0000000008004aca                pinctrl_configure_pins
 .text.reset_stm32_status
                0x0000000008004b28       0x20 zephyr/drivers/reset/libdrivers__reset.a(reset_stm32.c.obj)
 .text.reset_stm32_line_assert
                0x0000000008004b48       0x1e zephyr/drivers/reset/libdrivers__reset.a(reset_stm32.c.obj)
 .text.reset_stm32_line_deassert
                0x0000000008004b66       0x20 zephyr/drivers/reset/libdrivers__reset.a(reset_stm32.c.obj)
 .text.reset_stm32_line_toggle
                0x0000000008004b86       0x16 zephyr/drivers/reset/libdrivers__reset.a(reset_stm32.c.obj)
 .text.reset_line_toggle
                0x0000000008004b9c       0x12 zephyr/drivers/serial/libdrivers__serial.a(uart_stm32.c.obj)
 .text.uart_stm32_set_baudrate
                0x0000000008004bae       0x38 zephyr/drivers/serial/libdrivers__serial.a(uart_stm32.c.obj)
 .text.uart_stm32_set_driver_enable
                0x0000000008004be6       0x1c zephyr/drivers/serial/libdrivers__serial.a(uart_stm32.c.obj)
 .text.uart_stm32_ll2cfg_databits
                0x0000000008004c02       0x2a zephyr/drivers/serial/libdrivers__serial.a(uart_stm32.c.obj)
 .text.uart_stm32_parameters_set
                0x0000000008004c2c      0x160 zephyr/drivers/serial/libdrivers__serial.a(uart_stm32.c.obj)
 .text.uart_stm32_config_get
                0x0000000008004d8c       0x9a zephyr/drivers/serial/libdrivers__serial.a(uart_stm32.c.obj)
 .text.uart_stm32_poll_in_visitor
                0x0000000008004e26       0x26 zephyr/drivers/serial/libdrivers__serial.a(uart_stm32.c.obj)
 .text.uart_stm32_poll_out_visitor
                0x0000000008004e4c       0x3a zephyr/drivers/serial/libdrivers__serial.a(uart_stm32.c.obj)
 .text.poll_in_u8
                0x0000000008004e86        0x6 zephyr/drivers/serial/libdrivers__serial.a(uart_stm32.c.obj)
 .text.poll_out_u8
                0x0000000008004e8c        0x6 zephyr/drivers/serial/libdrivers__serial.a(uart_stm32.c.obj)
 .text.uart_stm32_err_check
                0x0000000008004e92       0x74 zephyr/drivers/serial/libdrivers__serial.a(uart_stm32.c.obj)
 .text.pinctrl_apply_state
                0x0000000008004f06       0x20 zephyr/drivers/serial/libdrivers__serial.a(uart_stm32.c.obj)
 .text.uart_stm32_init
                0x0000000008004f26       0x28 zephyr/drivers/serial/libdrivers__serial.a(uart_stm32.c.obj)
 .text.z_impl_device_is_ready
                0x0000000008004f4e       0x20 zephyr/kernel/libkernel.a(device.c.obj)
                0x0000000008004f4e                z_impl_device_is_ready
 .text.arch_system_halt
                0x0000000008004f6e       0x10 zephyr/kernel/libkernel.a(fatal.c.obj)
                0x0000000008004f6e                arch_system_halt
 .text.k_sys_fatal_error_handler
                0x0000000008004f7e        0x6 zephyr/kernel/libkernel.a(fatal.c.obj)
                0x0000000008004f7e                k_sys_fatal_error_handler
 .text.do_device_init
                0x0000000008004f84       0x30 zephyr/kernel/libkernel.a(init.c.obj)
 .text.z_early_memset
                0x0000000008004fb4        0x8 zephyr/kernel/libkernel.a(init.c.obj)
                0x0000000008004fb4                z_early_memset
 .text.z_early_memcpy
                0x0000000008004fbc        0x8 zephyr/kernel/libkernel.a(init.c.obj)
                0x0000000008004fbc                z_early_memcpy
 .text.z_init_static
                0x0000000008004fc4        0x2 zephyr/kernel/libkernel.a(init_static.c.obj)
                0x0000000008004fc4                z_init_static
 .text.idle     0x0000000008004fc6       0x16 zephyr/kernel/libkernel.a(idle.c.obj)
                0x0000000008004fc6                idle
 .text.arch_spin_relax
                0x0000000008004fdc        0x4 zephyr/kernel/libkernel.a(idle.c.obj)
                0x0000000008004fdc                arch_spin_relax
 .text.new_prio_for_inheritance
                0x0000000008004fe0       0x16 zephyr/kernel/libkernel.a(mutex.c.obj)
 .text.adjust_owner_prio
                0x0000000008004ff6       0x16 zephyr/kernel/libkernel.a(mutex.c.obj)
 .text.z_impl_k_mutex_init
                0x000000000800500c        0xe zephyr/kernel/libkernel.a(mutex.c.obj)
                0x000000000800500c                z_impl_k_mutex_init
 .text.z_impl_k_sem_init
                0x000000000800501a       0x1e zephyr/kernel/libkernel.a(sem.c.obj)
                0x000000000800501a                z_impl_k_sem_init
 .text.setup_thread_stack
                0x0000000008005038       0x56 zephyr/kernel/libkernel.a(thread.c.obj)
 .text.z_init_thread_base
                0x000000000800508e       0x16 zephyr/kernel/libkernel.a(thread.c.obj)
                0x000000000800508e                z_init_thread_base
 .text.z_thread_mark_switched_out
                0x00000000080050a4        0x8 zephyr/kernel/libkernel.a(thread.c.obj)
                0x00000000080050a4                z_thread_mark_switched_out
 .text.thread_active_elsewhere
                0x00000000080050ac        0x4 zephyr/kernel/libkernel.a(sched.c.obj)
 .text.add_to_waitq_locked
                0x00000000080050b0       0x64 zephyr/kernel/libkernel.a(sched.c.obj)
 .text.z_abort_thread_timeout
                0x0000000008005114        0xa zephyr/kernel/libkernel.a(sched.c.obj)
 .text.unpend_all
                0x000000000800511e       0x46 zephyr/kernel/libkernel.a(sched.c.obj)
 .text.pend_locked
                0x0000000008005164       0x18 zephyr/kernel/libkernel.a(sched.c.obj)
 .text.z_ready_thread
                0x000000000800517c       0x36 zephyr/kernel/libkernel.a(sched.c.obj)
                0x000000000800517c                z_ready_thread
 .text.z_sched_wake_thread
                0x00000000080051b2       0x5a zephyr/kernel/libkernel.a(sched.c.obj)
                0x00000000080051b2                z_sched_wake_thread
 .text.z_thread_timeout
                0x000000000800520c        0xc zephyr/kernel/libkernel.a(sched.c.obj)
                0x000000000800520c                z_thread_timeout
 .text.z_reschedule_unlocked
                0x0000000008005218       0x16 zephyr/kernel/libkernel.a(sched.c.obj)
 .text.init_ready_q
                0x000000000800522e        0x8 zephyr/kernel/libkernel.a(sched.c.obj)
                0x000000000800522e                init_ready_q
 .text.remove_timeout
                0x0000000008005236       0x2e zephyr/kernel/libkernel.a(timeout.c.obj)
 .text.next_timeout
                0x0000000008005264       0x3a zephyr/kernel/libkernel.a(timeout.c.obj)
 .text.z_abort_timeout
                0x000000000800529e       0x50 zephyr/kernel/libkernel.a(timeout.c.obj)
                0x000000000800529e                z_abort_timeout
 .text.sys_clock_tick_get_32
                0x00000000080052ee        0x8 zephyr/kernel/libkernel.a(timeout.c.obj)
                0x00000000080052ee                sys_clock_tick_get_32
 .text.sched_cpu_update_usage
                0x00000000080052f6       0x24 zephyr/kernel/libkernel.a(usage.c.obj)
 .text.sched_thread_update_usage
                0x000000000800531a       0x10 zephyr/kernel/libkernel.a(usage.c.obj)
 .text.usage_now
                0x000000000800532a        0xc zephyr/kernel/libkernel.a(usage.c.obj)
 .text.k_heap_init
                0x0000000008005336       0x10 zephyr/kernel/libkernel.a(kheap.c.obj)
                0x0000000008005336                k_heap_init
 .text.memcpy   0x0000000008005346       0x1c /home/falu/zephyr-sdk-0.17.0/arm-zephyr-eabi/bin/../lib/gcc/../../picolibc/arm-zephyr-eabi/lib/thumb/v7e-m/nofp/libc.a(memcpy.c.o)
                0x0000000008005346                memcpy
                0x0000000008005346                __aeabi_memcpy
                0x0000000008005346                __aeabi_memcpy4
                0x0000000008005346                __aeabi_memcpy8
 .text.memset   0x0000000008005362       0x10 /home/falu/zephyr-sdk-0.17.0/arm-zephyr-eabi/bin/../lib/gcc/../../picolibc/arm-zephyr-eabi/lib/thumb/v7e-m/nofp/libc.a(memset.c.o)
                0x0000000008005362                memset
 .text.strncpy  0x0000000008005372       0x20 /home/falu/zephyr-sdk-0.17.0/arm-zephyr-eabi/bin/../lib/gcc/../../picolibc/arm-zephyr-eabi/lib/thumb/v7e-m/nofp/libc.a(libc_string_strncpy.c.o)
                0x0000000008005372                strncpy
 .text.strnlen  0x0000000008005392       0x18 /home/falu/zephyr-sdk-0.17.0/arm-zephyr-eabi/bin/../lib/gcc/../../picolibc/arm-zephyr-eabi/lib/thumb/v7e-m/nofp/libc.a(libc_string_strnlen.c.o)
                0x0000000008005392                strnlen
 .text.__ultoa_invert
                0x00000000080053aa       0xae /home/falu/zephyr-sdk-0.17.0/arm-zephyr-eabi/bin/../lib/gcc/../../picolibc/arm-zephyr-eabi/lib/thumb/v7e-m/nofp/libc.a(libc_tinystdio_vflprintf.c.o)
 *(SORT_BY_ALIGNMENT(.TEXT.*))
 .TEXT.__aeabi_read_tp
                0x0000000008005458        0xc zephyr/arch/arch/arm/core/cortex_m/libarch__arm__core__cortex_m.a(__aeabi_read_tp.S.obj)
                0x0000000008005458                __aeabi_read_tp
 *(SORT_BY_ALIGNMENT(.gnu.linkonce.t.*))
 *(SORT_BY_ALIGNMENT(.glue_7t))
 .glue_7t       0x0000000008005464        0x0 linker stubs
 *(SORT_BY_ALIGNMENT(.glue_7))
 .glue_7        0x0000000008005464        0x0 linker stubs
 *(SORT_BY_ALIGNMENT(.vfp11_veneer))
 .vfp11_veneer  0x0000000008005464        0x0 linker stubs
 *(SORT_BY_ALIGNMENT(.v4_bx))
 .v4_bx         0x0000000008005464        0x0 linker stubs
                0x0000000008005464                . = ALIGN (0x4)
                0x0000000008005464                __text_region_end = .

.ARM.exidx      0x0000000008005464        0x0
                0x0000000008005464                __exidx_start = .
 *(SORT_BY_ALIGNMENT(.ARM.exidx*) SORT_BY_ALIGNMENT(gnu.linkonce.armexidx.*))
                0x0000000008005464                __exidx_end = .
                0x0000000008005464                __rodata_region_start = .

initlevel       0x0000000008005464       0x70
                0x0000000008005464                __init_start = .
                0x0000000008005464                __init_EARLY_start = .
 *(SORT_BY_NAME(SORT_BY_ALIGNMENT(.z_init_EARLY?_*)))
 *(SORT_BY_NAME(SORT_BY_ALIGNMENT(.z_init_EARLY??_*)))
                0x0000000008005464                __init_PRE_KERNEL_1_start = .
 *(SORT_BY_NAME(SORT_BY_ALIGNMENT(.z_init_PRE_KERNEL_1?_*)))
 .z_init_PRE_KERNEL_11_00008_
                0x0000000008005464        0x8 zephyr/drivers/clock_control/libdrivers__clock_control.a(clock_stm32_ll_common.c.obj)
 .z_init_PRE_KERNEL_11_0_
                0x000000000800546c        0x8 zephyr/libzephyr.a(soc_config.c.obj)
 *(SORT_BY_NAME(SORT_BY_ALIGNMENT(.z_init_PRE_KERNEL_1??_*)))
 .z_init_PRE_KERNEL_130_0_
                0x0000000008005474        0x8 zephyr/kernel/libkernel.a(kheap.c.obj)
 .z_init_PRE_KERNEL_135_00048_
                0x000000000800547c        0x8 zephyr/drivers/reset/libdrivers__reset.a(reset_stm32.c.obj)
 .z_init_PRE_KERNEL_140_00032_
                0x0000000008005484        0x8 zephyr/drivers/gpio/libdrivers__gpio.a(gpio_stm32.c.obj)
 .z_init_PRE_KERNEL_140_00044_
                0x000000000800548c        0x8 zephyr/drivers/interrupt_controller/libdrivers__interrupt_controller.a(intc_exti_stm32.c.obj)
 .z_init_PRE_KERNEL_140_00072_
                0x0000000008005494        0x8 zephyr/drivers/gpio/libdrivers__gpio.a(gpio_stm32.c.obj)
 .z_init_PRE_KERNEL_140_00073_
                0x000000000800549c        0x8 zephyr/drivers/gpio/libdrivers__gpio.a(gpio_stm32.c.obj)
 .z_init_PRE_KERNEL_140_00074_
                0x00000000080054a4        0x8 zephyr/drivers/gpio/libdrivers__gpio.a(gpio_stm32.c.obj)
 .z_init_PRE_KERNEL_150_00049_
                0x00000000080054ac        0x8 zephyr/drivers/serial/libdrivers__serial.a(uart_stm32.c.obj)
 .z_init_PRE_KERNEL_160_0_
                0x00000000080054b4        0x8 zephyr/drivers/console/libdrivers__console.a(uart_console.c.obj)
                0x00000000080054bc                __init_PRE_KERNEL_2_start = .
 *(SORT_BY_NAME(SORT_BY_ALIGNMENT(.z_init_PRE_KERNEL_2?_*)))
 .z_init_PRE_KERNEL_20_0_
                0x00000000080054bc        0x8 zephyr/drivers/timer/libdrivers__timer.a(cortex_m_systick.c.obj)
 *(SORT_BY_NAME(SORT_BY_ALIGNMENT(.z_init_PRE_KERNEL_2??_*)))
                0x00000000080054c4                __init_POST_KERNEL_start = .
 *(SORT_BY_NAME(SORT_BY_ALIGNMENT(.z_init_POST_KERNEL?_*)))
 *(SORT_BY_NAME(SORT_BY_ALIGNMENT(.z_init_POST_KERNEL??_*)))
 .z_init_POST_KERNEL35_0_
                0x00000000080054c4        0x8 zephyr/lib/libc/common/liblib__libc__common.a(malloc.c.obj)
 .z_init_POST_KERNEL80_00040_
                0x00000000080054cc        0x8 zephyr/drivers/can/libdrivers__can.a(can_stm32_bxcan.c.obj)
                0x00000000080054d4                __init_APPLICATION_start = .
 *(SORT_BY_NAME(SORT_BY_ALIGNMENT(.z_init_APPLICATION?_*)))
 *(SORT_BY_NAME(SORT_BY_ALIGNMENT(.z_init_APPLICATION??_*)))
                0x00000000080054d4                __init_SMP_start = .
 *(SORT_BY_NAME(SORT_BY_ALIGNMENT(.z_init_SMP?_*)))
 *(SORT_BY_NAME(SORT_BY_ALIGNMENT(.z_init_SMP??_*)))
                0x00000000080054d4                __init_end = .
                0x00000000080054d4                __deferred_init_list_start = .
 *(SORT_BY_ALIGNMENT(.z_deferred_init*))
                0x00000000080054d4                __deferred_init_list_end = .

device_area     0x00000000080054d4       0xb4
                0x00000000080054d4                _device_list_start = .
 *(SORT_BY_NAME(SORT_BY_ALIGNMENT(._device.static.*_?_*)))
 ._device.static.1_1_
                0x00000000080054d4       0x14 zephyr/drivers/clock_control/libdrivers__clock_control.a(clock_stm32_ll_common.c.obj)
                0x00000000080054d4                __device_dts_ord_8
 *(SORT_BY_NAME(SORT_BY_ALIGNMENT(._device.static.*_??_*)))
 ._device.static.1_35_
                0x00000000080054e8       0x14 zephyr/drivers/reset/libdrivers__reset.a(reset_stm32.c.obj)
                0x00000000080054e8                __device_dts_ord_48
 ._device.static.1_40_
                0x00000000080054fc       0x14 zephyr/drivers/interrupt_controller/libdrivers__interrupt_controller.a(intc_exti_stm32.c.obj)
                0x00000000080054fc                __device_dts_ord_44
 ._device.static.1_40_
                0x0000000008005510       0x50 zephyr/drivers/gpio/libdrivers__gpio.a(gpio_stm32.c.obj)
                0x0000000008005510                __device_dts_ord_74
                0x0000000008005524                __device_dts_ord_73
                0x0000000008005538                __device_dts_ord_32
                0x000000000800554c                __device_dts_ord_72
 ._device.static.1_50_
                0x0000000008005560       0x14 zephyr/drivers/serial/libdrivers__serial.a(uart_stm32.c.obj)
                0x0000000008005560                __device_dts_ord_49
 ._device.static.3_80_
                0x0000000008005574       0x14 zephyr/drivers/can/libdrivers__can.a(can_stm32_bxcan.c.obj)
                0x0000000008005574                __device_dts_ord_40
 *(SORT_BY_NAME(SORT_BY_ALIGNMENT(._device.static.*_???_*)))
 *(SORT_BY_NAME(SORT_BY_ALIGNMENT(._device.static.*_????_*)))
 *(SORT_BY_NAME(SORT_BY_ALIGNMENT(._device.static.*_?????_*)))
                0x0000000008005588                _device_list_end = .

sw_isr_table    0x0000000008005588      0x298
                0x0000000008005588                . = ALIGN (0x4)
 *(SORT_BY_ALIGNMENT(.gnu.linkonce.sw_isr_table*))
 .gnu.linkonce.sw_isr_table
                0x0000000008005588      0x298 zephyr/CMakeFiles/zephyr_final.dir/isr_tables.c.obj
                0x0000000008005588                _sw_isr_table

initlevel_error
                0x0000000008005464        0x0
 *(SORT_BY_NAME(SORT_BY_ALIGNMENT(.z_init_[_A-Z0-9]*)))
                0x0000000000000001                ASSERT ((SIZEOF (initlevel_error) == 0x0), Undefined initialization levels used.)

app_shmem_regions
                0x0000000008005820        0x0
                0x0000000008005820                __app_shmem_regions_start = .
 *(SORT_BY_NAME(SORT_BY_ALIGNMENT(.app_regions.*)))
                0x0000000008005820                __app_shmem_regions_end = .

k_p4wq_initparam_area
                0x0000000008005820        0x0
                0x0000000008005820                _k_p4wq_initparam_list_start = .
 *(SORT_BY_NAME(SORT_BY_ALIGNMENT(._k_p4wq_initparam.static.*)))
                0x0000000008005820                _k_p4wq_initparam_list_end = .

_static_thread_data_area
                0x0000000008005820        0x0
                0x0000000008005820                __static_thread_data_list_start = .
 *(SORT_BY_NAME(SORT_BY_ALIGNMENT(.__static_thread_data.static.*)))
                0x0000000008005820                __static_thread_data_list_end = .

device_deps     0x0000000008005820        0x0
                0x0000000008005820                __device_deps_start = .
 *(SORT_BY_NAME(SORT_BY_ALIGNMENT(.__device_deps_pass2*)))
                0x0000000008005820                __device_deps_end = .

can_driver_api_area
                0x0000000008005820       0x44
                0x0000000008005820                _can_driver_api_list_start = .
 *(SORT_BY_NAME(SORT_BY_ALIGNMENT(._can_driver_api.static.*)))
 ._can_driver_api.static.can_api_funcs_
                0x0000000008005820       0x44 zephyr/drivers/can/libdrivers__can.a(can_stm32_bxcan.c.obj)
                0x0000000008005864                _can_driver_api_list_end = .

gpio_driver_api_area
                0x0000000008005864       0x24
                0x0000000008005864                _gpio_driver_api_list_start = .
 *(SORT_BY_NAME(SORT_BY_ALIGNMENT(._gpio_driver_api.static.*)))
 ._gpio_driver_api.static.gpio_stm32_driver_
                0x0000000008005864       0x24 zephyr/drivers/gpio/libdrivers__gpio.a(gpio_stm32.c.obj)
                0x0000000008005888                _gpio_driver_api_list_end = .

reset_driver_api_area
                0x0000000008005888       0x10
                0x0000000008005888                _reset_driver_api_list_start = .
 *(SORT_BY_NAME(SORT_BY_ALIGNMENT(._reset_driver_api.static.*)))
 ._reset_driver_api.static.reset_stm32_driver_api_
                0x0000000008005888       0x10 zephyr/drivers/reset/libdrivers__reset.a(reset_stm32.c.obj)
                0x0000000008005898                _reset_driver_api_list_end = .

shared_irq_driver_api_area
                0x0000000008005898        0x0
                0x0000000008005898                _shared_irq_driver_api_list_start = .
 *(SORT_BY_NAME(SORT_BY_ALIGNMENT(._shared_irq_driver_api.static.*)))
                0x0000000008005898                _shared_irq_driver_api_list_end = .

crypto_driver_api_area
                0x0000000008005898        0x0
                0x0000000008005898                _crypto_driver_api_list_start = .
 *(SORT_BY_NAME(SORT_BY_ALIGNMENT(._crypto_driver_api.static.*)))
                0x0000000008005898                _crypto_driver_api_list_end = .

adc_driver_api_area
                0x0000000008005898        0x0
                0x0000000008005898                _adc_driver_api_list_start = .
 *(SORT_BY_NAME(SORT_BY_ALIGNMENT(._adc_driver_api.static.*)))
                0x0000000008005898                _adc_driver_api_list_end = .

auxdisplay_driver_api_area
                0x0000000008005898        0x0
                0x0000000008005898                _auxdisplay_driver_api_list_start = .
 *(SORT_BY_NAME(SORT_BY_ALIGNMENT(._auxdisplay_driver_api.static.*)))
                0x0000000008005898                _auxdisplay_driver_api_list_end = .

bbram_driver_api_area
                0x0000000008005898        0x0
                0x0000000008005898                _bbram_driver_api_list_start = .
 *(SORT_BY_NAME(SORT_BY_ALIGNMENT(._bbram_driver_api.static.*)))
                0x0000000008005898                _bbram_driver_api_list_end = .

bt_hci_driver_api_area
                0x0000000008005898        0x0
                0x0000000008005898                _bt_hci_driver_api_list_start = .
 *(SORT_BY_NAME(SORT_BY_ALIGNMENT(._bt_hci_driver_api.static.*)))
                0x0000000008005898                _bt_hci_driver_api_list_end = .

cellular_driver_api_area
                0x0000000008005898        0x0
                0x0000000008005898                _cellular_driver_api_list_start = .
 *(SORT_BY_NAME(SORT_BY_ALIGNMENT(._cellular_driver_api.static.*)))
                0x0000000008005898                _cellular_driver_api_list_end = .

charger_driver_api_area
                0x0000000008005898        0x0
                0x0000000008005898                _charger_driver_api_list_start = .
 *(SORT_BY_NAME(SORT_BY_ALIGNMENT(._charger_driver_api.static.*)))
                0x0000000008005898                _charger_driver_api_list_end = .

clock_control_driver_api_area
                0x0000000008005898       0x1c
                0x0000000008005898                _clock_control_driver_api_list_start = .
 *(SORT_BY_NAME(SORT_BY_ALIGNMENT(._clock_control_driver_api.static.*)))
 ._clock_control_driver_api.static.stm32_clock_control_api_
                0x0000000008005898       0x1c zephyr/drivers/clock_control/libdrivers__clock_control.a(clock_stm32_ll_common.c.obj)
                0x00000000080058b4                _clock_control_driver_api_list_end = .

comparator_driver_api_area
                0x00000000080058b4        0x0
                0x00000000080058b4                _comparator_driver_api_list_start = .
 *(SORT_BY_NAME(SORT_BY_ALIGNMENT(._comparator_driver_api.static.*)))
                0x00000000080058b4                _comparator_driver_api_list_end = .

coredump_driver_api_area
                0x00000000080058b4        0x0
                0x00000000080058b4                _coredump_driver_api_list_start = .
 *(SORT_BY_NAME(SORT_BY_ALIGNMENT(._coredump_driver_api.static.*)))
                0x00000000080058b4                _coredump_driver_api_list_end = .

counter_driver_api_area
                0x00000000080058b4        0x0
                0x00000000080058b4                _counter_driver_api_list_start = .
 *(SORT_BY_NAME(SORT_BY_ALIGNMENT(._counter_driver_api.static.*)))
                0x00000000080058b4                _counter_driver_api_list_end = .

dac_driver_api_area
                0x00000000080058b4        0x0
                0x00000000080058b4                _dac_driver_api_list_start = .
 *(SORT_BY_NAME(SORT_BY_ALIGNMENT(._dac_driver_api.static.*)))
                0x00000000080058b4                _dac_driver_api_list_end = .

dai_driver_api_area
                0x00000000080058b4        0x0
                0x00000000080058b4                _dai_driver_api_list_start = .
 *(SORT_BY_NAME(SORT_BY_ALIGNMENT(._dai_driver_api.static.*)))
                0x00000000080058b4                _dai_driver_api_list_end = .

display_driver_api_area
                0x00000000080058b4        0x0
                0x00000000080058b4                _display_driver_api_list_start = .
 *(SORT_BY_NAME(SORT_BY_ALIGNMENT(._display_driver_api.static.*)))
                0x00000000080058b4                _display_driver_api_list_end = .

dma_driver_api_area
                0x00000000080058b4        0x0
                0x00000000080058b4                _dma_driver_api_list_start = .
 *(SORT_BY_NAME(SORT_BY_ALIGNMENT(._dma_driver_api.static.*)))
                0x00000000080058b4                _dma_driver_api_list_end = .

edac_driver_api_area
                0x00000000080058b4        0x0
                0x00000000080058b4                _edac_driver_api_list_start = .
 *(SORT_BY_NAME(SORT_BY_ALIGNMENT(._edac_driver_api.static.*)))
                0x00000000080058b4                _edac_driver_api_list_end = .

eeprom_driver_api_area
                0x00000000080058b4        0x0
                0x00000000080058b4                _eeprom_driver_api_list_start = .
 *(SORT_BY_NAME(SORT_BY_ALIGNMENT(._eeprom_driver_api.static.*)))
                0x00000000080058b4                _eeprom_driver_api_list_end = .

emul_bbram_driver_api_area
                0x00000000080058b4        0x0
                0x00000000080058b4                _emul_bbram_driver_api_list_start = .
 *(SORT_BY_NAME(SORT_BY_ALIGNMENT(._emul_bbram_driver_api.static.*)))
                0x00000000080058b4                _emul_bbram_driver_api_list_end = .

fuel_gauge_emul_driver_api_area
                0x00000000080058b4        0x0
                0x00000000080058b4                _fuel_gauge_emul_driver_api_list_start = .
 *(SORT_BY_NAME(SORT_BY_ALIGNMENT(._fuel_gauge_emul_driver_api.static.*)))
                0x00000000080058b4                _fuel_gauge_emul_driver_api_list_end = .

emul_sensor_driver_api_area
                0x00000000080058b4        0x0
                0x00000000080058b4                _emul_sensor_driver_api_list_start = .
 *(SORT_BY_NAME(SORT_BY_ALIGNMENT(._emul_sensor_driver_api.static.*)))
                0x00000000080058b4                _emul_sensor_driver_api_list_end = .

entropy_driver_api_area
                0x00000000080058b4        0x0
                0x00000000080058b4                _entropy_driver_api_list_start = .
 *(SORT_BY_NAME(SORT_BY_ALIGNMENT(._entropy_driver_api.static.*)))
                0x00000000080058b4                _entropy_driver_api_list_end = .

espi_driver_api_area
                0x00000000080058b4        0x0
                0x00000000080058b4                _espi_driver_api_list_start = .
 *(SORT_BY_NAME(SORT_BY_ALIGNMENT(._espi_driver_api.static.*)))
                0x00000000080058b4                _espi_driver_api_list_end = .

espi_saf_driver_api_area
                0x00000000080058b4        0x0
                0x00000000080058b4                _espi_saf_driver_api_list_start = .
 *(SORT_BY_NAME(SORT_BY_ALIGNMENT(._espi_saf_driver_api.static.*)))
                0x00000000080058b4                _espi_saf_driver_api_list_end = .

flash_driver_api_area
                0x00000000080058b4        0x0
                0x00000000080058b4                _flash_driver_api_list_start = .
 *(SORT_BY_NAME(SORT_BY_ALIGNMENT(._flash_driver_api.static.*)))
                0x00000000080058b4                _flash_driver_api_list_end = .

fpga_driver_api_area
                0x00000000080058b4        0x0
                0x00000000080058b4                _fpga_driver_api_list_start = .
 *(SORT_BY_NAME(SORT_BY_ALIGNMENT(._fpga_driver_api.static.*)))
                0x00000000080058b4                _fpga_driver_api_list_end = .

fuel_gauge_driver_api_area
                0x00000000080058b4        0x0
                0x00000000080058b4                _fuel_gauge_driver_api_list_start = .
 *(SORT_BY_NAME(SORT_BY_ALIGNMENT(._fuel_gauge_driver_api.static.*)))
                0x00000000080058b4                _fuel_gauge_driver_api_list_end = .

gnss_driver_api_area
                0x00000000080058b4        0x0
                0x00000000080058b4                _gnss_driver_api_list_start = .
 *(SORT_BY_NAME(SORT_BY_ALIGNMENT(._gnss_driver_api.static.*)))
                0x00000000080058b4                _gnss_driver_api_list_end = .

haptics_driver_api_area
                0x00000000080058b4        0x0
                0x00000000080058b4                _haptics_driver_api_list_start = .
 *(SORT_BY_NAME(SORT_BY_ALIGNMENT(._haptics_driver_api.static.*)))
                0x00000000080058b4                _haptics_driver_api_list_end = .

hwspinlock_driver_api_area
                0x00000000080058b4        0x0
                0x00000000080058b4                _hwspinlock_driver_api_list_start = .
 *(SORT_BY_NAME(SORT_BY_ALIGNMENT(._hwspinlock_driver_api.static.*)))
                0x00000000080058b4                _hwspinlock_driver_api_list_end = .

i2c_driver_api_area
                0x00000000080058b4        0x0
                0x00000000080058b4                _i2c_driver_api_list_start = .
 *(SORT_BY_NAME(SORT_BY_ALIGNMENT(._i2c_driver_api.static.*)))
                0x00000000080058b4                _i2c_driver_api_list_end = .

i2c_target_driver_api_area
                0x00000000080058b4        0x0
                0x00000000080058b4                _i2c_target_driver_api_list_start = .
 *(SORT_BY_NAME(SORT_BY_ALIGNMENT(._i2c_target_driver_api.static.*)))
                0x00000000080058b4                _i2c_target_driver_api_list_end = .

i2s_driver_api_area
                0x00000000080058b4        0x0
                0x00000000080058b4                _i2s_driver_api_list_start = .
 *(SORT_BY_NAME(SORT_BY_ALIGNMENT(._i2s_driver_api.static.*)))
                0x00000000080058b4                _i2s_driver_api_list_end = .

i3c_driver_api_area
                0x00000000080058b4        0x0
                0x00000000080058b4                _i3c_driver_api_list_start = .
 *(SORT_BY_NAME(SORT_BY_ALIGNMENT(._i3c_driver_api.static.*)))
                0x00000000080058b4                _i3c_driver_api_list_end = .

ipm_driver_api_area
                0x00000000080058b4        0x0
                0x00000000080058b4                _ipm_driver_api_list_start = .
 *(SORT_BY_NAME(SORT_BY_ALIGNMENT(._ipm_driver_api.static.*)))
                0x00000000080058b4                _ipm_driver_api_list_end = .

kscan_driver_api_area
                0x00000000080058b4        0x0
                0x00000000080058b4                _kscan_driver_api_list_start = .
 *(SORT_BY_NAME(SORT_BY_ALIGNMENT(._kscan_driver_api.static.*)))
                0x00000000080058b4                _kscan_driver_api_list_end = .

led_driver_api_area
                0x00000000080058b4        0x0
                0x00000000080058b4                _led_driver_api_list_start = .
 *(SORT_BY_NAME(SORT_BY_ALIGNMENT(._led_driver_api.static.*)))
                0x00000000080058b4                _led_driver_api_list_end = .

led_strip_driver_api_area
                0x00000000080058b4        0x0
                0x00000000080058b4                _led_strip_driver_api_list_start = .
 *(SORT_BY_NAME(SORT_BY_ALIGNMENT(._led_strip_driver_api.static.*)))
                0x00000000080058b4                _led_strip_driver_api_list_end = .

lora_driver_api_area
                0x00000000080058b4        0x0
                0x00000000080058b4                _lora_driver_api_list_start = .
 *(SORT_BY_NAME(SORT_BY_ALIGNMENT(._lora_driver_api.static.*)))
                0x00000000080058b4                _lora_driver_api_list_end = .

mbox_driver_api_area
                0x00000000080058b4        0x0
                0x00000000080058b4                _mbox_driver_api_list_start = .
 *(SORT_BY_NAME(SORT_BY_ALIGNMENT(._mbox_driver_api.static.*)))
                0x00000000080058b4                _mbox_driver_api_list_end = .

mdio_driver_api_area
                0x00000000080058b4        0x0
                0x00000000080058b4                _mdio_driver_api_list_start = .
 *(SORT_BY_NAME(SORT_BY_ALIGNMENT(._mdio_driver_api.static.*)))
                0x00000000080058b4                _mdio_driver_api_list_end = .

mipi_dbi_driver_api_area
                0x00000000080058b4        0x0
                0x00000000080058b4                _mipi_dbi_driver_api_list_start = .
 *(SORT_BY_NAME(SORT_BY_ALIGNMENT(._mipi_dbi_driver_api.static.*)))
                0x00000000080058b4                _mipi_dbi_driver_api_list_end = .

mipi_dsi_driver_api_area
                0x00000000080058b4        0x0
                0x00000000080058b4                _mipi_dsi_driver_api_list_start = .
 *(SORT_BY_NAME(SORT_BY_ALIGNMENT(._mipi_dsi_driver_api.static.*)))
                0x00000000080058b4                _mipi_dsi_driver_api_list_end = .

mspi_driver_api_area
                0x00000000080058b4        0x0
                0x00000000080058b4                _mspi_driver_api_list_start = .
 *(SORT_BY_NAME(SORT_BY_ALIGNMENT(._mspi_driver_api.static.*)))
                0x00000000080058b4                _mspi_driver_api_list_end = .

peci_driver_api_area
                0x00000000080058b4        0x0
                0x00000000080058b4                _peci_driver_api_list_start = .
 *(SORT_BY_NAME(SORT_BY_ALIGNMENT(._peci_driver_api.static.*)))
                0x00000000080058b4                _peci_driver_api_list_end = .

ps2_driver_api_area
                0x00000000080058b4        0x0
                0x00000000080058b4                _ps2_driver_api_list_start = .
 *(SORT_BY_NAME(SORT_BY_ALIGNMENT(._ps2_driver_api.static.*)))
                0x00000000080058b4                _ps2_driver_api_list_end = .

ptp_clock_driver_api_area
                0x00000000080058b4        0x0
                0x00000000080058b4                _ptp_clock_driver_api_list_start = .
 *(SORT_BY_NAME(SORT_BY_ALIGNMENT(._ptp_clock_driver_api.static.*)))
                0x00000000080058b4                _ptp_clock_driver_api_list_end = .

pwm_driver_api_area
                0x00000000080058b4        0x0
                0x00000000080058b4                _pwm_driver_api_list_start = .
 *(SORT_BY_NAME(SORT_BY_ALIGNMENT(._pwm_driver_api.static.*)))
                0x00000000080058b4                _pwm_driver_api_list_end = .

regulator_parent_driver_api_area
                0x00000000080058b4        0x0
                0x00000000080058b4                _regulator_parent_driver_api_list_start = .
 *(SORT_BY_NAME(SORT_BY_ALIGNMENT(._regulator_parent_driver_api.static.*)))
                0x00000000080058b4                _regulator_parent_driver_api_list_end = .

regulator_driver_api_area
                0x00000000080058b4        0x0
                0x00000000080058b4                _regulator_driver_api_list_start = .
 *(SORT_BY_NAME(SORT_BY_ALIGNMENT(._regulator_driver_api.static.*)))
                0x00000000080058b4                _regulator_driver_api_list_end = .

retained_mem_driver_api_area
                0x00000000080058b4        0x0
                0x00000000080058b4                _retained_mem_driver_api_list_start = .
 *(SORT_BY_NAME(SORT_BY_ALIGNMENT(._retained_mem_driver_api.static.*)))
                0x00000000080058b4                _retained_mem_driver_api_list_end = .

rtc_driver_api_area
                0x00000000080058b4        0x0
                0x00000000080058b4                _rtc_driver_api_list_start = .
 *(SORT_BY_NAME(SORT_BY_ALIGNMENT(._rtc_driver_api.static.*)))
                0x00000000080058b4                _rtc_driver_api_list_end = .

sdhc_driver_api_area
                0x00000000080058b4        0x0
                0x00000000080058b4                _sdhc_driver_api_list_start = .
 *(SORT_BY_NAME(SORT_BY_ALIGNMENT(._sdhc_driver_api.static.*)))
                0x00000000080058b4                _sdhc_driver_api_list_end = .

sensor_driver_api_area
                0x00000000080058b4        0x0
                0x00000000080058b4                _sensor_driver_api_list_start = .
 *(SORT_BY_NAME(SORT_BY_ALIGNMENT(._sensor_driver_api.static.*)))
                0x00000000080058b4                _sensor_driver_api_list_end = .

smbus_driver_api_area
                0x00000000080058b4        0x0
                0x00000000080058b4                _smbus_driver_api_list_start = .
 *(SORT_BY_NAME(SORT_BY_ALIGNMENT(._smbus_driver_api.static.*)))
                0x00000000080058b4                _smbus_driver_api_list_end = .

spi_driver_api_area
                0x00000000080058b4        0x0
                0x00000000080058b4                _spi_driver_api_list_start = .
 *(SORT_BY_NAME(SORT_BY_ALIGNMENT(._spi_driver_api.static.*)))
                0x00000000080058b4                _spi_driver_api_list_end = .

stepper_driver_api_area
                0x00000000080058b4        0x0
                0x00000000080058b4                _stepper_driver_api_list_start = .
 *(SORT_BY_NAME(SORT_BY_ALIGNMENT(._stepper_driver_api.static.*)))
                0x00000000080058b4                _stepper_driver_api_list_end = .

syscon_driver_api_area
                0x00000000080058b4        0x0
                0x00000000080058b4                _syscon_driver_api_list_start = .
 *(SORT_BY_NAME(SORT_BY_ALIGNMENT(._syscon_driver_api.static.*)))
                0x00000000080058b4                _syscon_driver_api_list_end = .

tee_driver_api_area
                0x00000000080058b4        0x0
                0x00000000080058b4                _tee_driver_api_list_start = .
 *(SORT_BY_NAME(SORT_BY_ALIGNMENT(._tee_driver_api.static.*)))
                0x00000000080058b4                _tee_driver_api_list_end = .

video_driver_api_area
                0x00000000080058b4        0x0
                0x00000000080058b4                _video_driver_api_list_start = .
 *(SORT_BY_NAME(SORT_BY_ALIGNMENT(._video_driver_api.static.*)))
                0x00000000080058b4                _video_driver_api_list_end = .

w1_driver_api_area
                0x00000000080058b4        0x0
                0x00000000080058b4                _w1_driver_api_list_start = .
 *(SORT_BY_NAME(SORT_BY_ALIGNMENT(._w1_driver_api.static.*)))
                0x00000000080058b4                _w1_driver_api_list_end = .

wdt_driver_api_area
                0x00000000080058b4        0x0
                0x00000000080058b4                _wdt_driver_api_list_start = .
 *(SORT_BY_NAME(SORT_BY_ALIGNMENT(._wdt_driver_api.static.*)))
                0x00000000080058b4                _wdt_driver_api_list_end = .

can_transceiver_driver_api_area
                0x00000000080058b4        0x0
                0x00000000080058b4                _can_transceiver_driver_api_list_start = .
 *(SORT_BY_NAME(SORT_BY_ALIGNMENT(._can_transceiver_driver_api.static.*)))
                0x00000000080058b4                _can_transceiver_driver_api_list_end = .

nrf_clock_control_driver_api_area
                0x00000000080058b4        0x0
                0x00000000080058b4                _nrf_clock_control_driver_api_list_start = .
 *(SORT_BY_NAME(SORT_BY_ALIGNMENT(._nrf_clock_control_driver_api.static.*)))
                0x00000000080058b4                _nrf_clock_control_driver_api_list_end = .

i3c_target_driver_api_area
                0x00000000080058b4        0x0
                0x00000000080058b4                _i3c_target_driver_api_list_start = .
 *(SORT_BY_NAME(SORT_BY_ALIGNMENT(._i3c_target_driver_api.static.*)))
                0x00000000080058b4                _i3c_target_driver_api_list_end = .

its_driver_api_area
                0x00000000080058b4        0x0
                0x00000000080058b4                _its_driver_api_list_start = .
 *(SORT_BY_NAME(SORT_BY_ALIGNMENT(._its_driver_api.static.*)))
                0x00000000080058b4                _its_driver_api_list_end = .

vtd_driver_api_area
                0x00000000080058b4        0x0
                0x00000000080058b4                _vtd_driver_api_list_start = .
 *(SORT_BY_NAME(SORT_BY_ALIGNMENT(._vtd_driver_api.static.*)))
                0x00000000080058b4                _vtd_driver_api_list_end = .

tgpio_driver_api_area
                0x00000000080058b4        0x0
                0x00000000080058b4                _tgpio_driver_api_list_start = .
 *(SORT_BY_NAME(SORT_BY_ALIGNMENT(._tgpio_driver_api.static.*)))
                0x00000000080058b4                _tgpio_driver_api_list_end = .

pcie_ctrl_driver_api_area
                0x00000000080058b4        0x0
                0x00000000080058b4                _pcie_ctrl_driver_api_list_start = .
 *(SORT_BY_NAME(SORT_BY_ALIGNMENT(._pcie_ctrl_driver_api.static.*)))
                0x00000000080058b4                _pcie_ctrl_driver_api_list_end = .

pcie_ep_driver_api_area
                0x00000000080058b4        0x0
                0x00000000080058b4                _pcie_ep_driver_api_list_start = .
 *(SORT_BY_NAME(SORT_BY_ALIGNMENT(._pcie_ep_driver_api.static.*)))
                0x00000000080058b4                _pcie_ep_driver_api_list_end = .

svc_driver_api_area
                0x00000000080058b4        0x0
                0x00000000080058b4                _svc_driver_api_list_start = .
 *(SORT_BY_NAME(SORT_BY_ALIGNMENT(._svc_driver_api.static.*)))
                0x00000000080058b4                _svc_driver_api_list_end = .

uart_driver_api_area
                0x00000000080058b4       0x14
                0x00000000080058b4                _uart_driver_api_list_start = .
 *(SORT_BY_NAME(SORT_BY_ALIGNMENT(._uart_driver_api.static.*)))
 ._uart_driver_api.static.uart_stm32_driver_api_
                0x00000000080058b4       0x14 zephyr/drivers/serial/libdrivers__serial.a(uart_stm32.c.obj)
                0x00000000080058c8                _uart_driver_api_list_end = .

bc12_emul_driver_api_area
                0x00000000080058c8        0x0
                0x00000000080058c8                _bc12_emul_driver_api_list_start = .
 *(SORT_BY_NAME(SORT_BY_ALIGNMENT(._bc12_emul_driver_api.static.*)))
                0x00000000080058c8                _bc12_emul_driver_api_list_end = .

bc12_driver_api_area
                0x00000000080058c8        0x0
                0x00000000080058c8                _bc12_driver_api_list_start = .
 *(SORT_BY_NAME(SORT_BY_ALIGNMENT(._bc12_driver_api.static.*)))
                0x00000000080058c8                _bc12_driver_api_list_end = .

usbc_ppc_driver_api_area
                0x00000000080058c8        0x0
                0x00000000080058c8                _usbc_ppc_driver_api_list_start = .
 *(SORT_BY_NAME(SORT_BY_ALIGNMENT(._usbc_ppc_driver_api.static.*)))
                0x00000000080058c8                _usbc_ppc_driver_api_list_end = .

tcpc_driver_api_area
                0x00000000080058c8        0x0
                0x00000000080058c8                _tcpc_driver_api_list_start = .
 *(SORT_BY_NAME(SORT_BY_ALIGNMENT(._tcpc_driver_api.static.*)))
                0x00000000080058c8                _tcpc_driver_api_list_end = .

usbc_vbus_driver_api_area
                0x00000000080058c8        0x0
                0x00000000080058c8                _usbc_vbus_driver_api_list_start = .
 *(SORT_BY_NAME(SORT_BY_ALIGNMENT(._usbc_vbus_driver_api.static.*)))
                0x00000000080058c8                _usbc_vbus_driver_api_list_end = .

ivshmem_driver_api_area
                0x00000000080058c8        0x0
                0x00000000080058c8                _ivshmem_driver_api_list_start = .
 *(SORT_BY_NAME(SORT_BY_ALIGNMENT(._ivshmem_driver_api.static.*)))
                0x00000000080058c8                _ivshmem_driver_api_list_end = .

ethphy_driver_api_area
                0x00000000080058c8        0x0
                0x00000000080058c8                _ethphy_driver_api_list_start = .
 *(SORT_BY_NAME(SORT_BY_ALIGNMENT(._ethphy_driver_api.static.*)))
                0x00000000080058c8                _ethphy_driver_api_list_end = .

ztest           0x00000000080058c8        0x0
                0x00000000080058c8                _ztest_expected_result_entry_list_start = .
 *(SORT_BY_NAME(SORT_BY_ALIGNMENT(._ztest_expected_result_entry.static.*)))
                0x00000000080058c8                _ztest_expected_result_entry_list_end = .
                0x00000000080058c8                _ztest_suite_node_list_start = .
 *(SORT_BY_NAME(SORT_BY_ALIGNMENT(._ztest_suite_node.static.*)))
                0x00000000080058c8                _ztest_suite_node_list_end = .
                0x00000000080058c8                _ztest_unit_test_list_start = .
 *(SORT_BY_NAME(SORT_BY_ALIGNMENT(._ztest_unit_test.static.*)))
                0x00000000080058c8                _ztest_unit_test_list_end = .
                0x00000000080058c8                _ztest_test_rule_list_start = .
 *(SORT_BY_NAME(SORT_BY_ALIGNMENT(._ztest_test_rule.static.*)))
                0x00000000080058c8                _ztest_test_rule_list_end = .

init_array      0x00000000080058c8        0x0
 *(SORT_BY_NAME(SORT_BY_ALIGNMENT(.ctors*)))
 *(SORT_BY_NAME(SORT_BY_ALIGNMENT(.init_array*)))
                0x0000000000000001                ASSERT ((SIZEOF (init_array) == 0x0), GNU-style constructors required but STATIC_INIT_GNU not enabled)

bt_l2cap_fixed_chan_area
                0x00000000080058c8        0x0
                0x00000000080058c8                _bt_l2cap_fixed_chan_list_start = .
 *(SORT_BY_NAME(SORT_BY_ALIGNMENT(._bt_l2cap_fixed_chan.static.*)))
                0x00000000080058c8                _bt_l2cap_fixed_chan_list_end = .

bt_gatt_service_static_area
                0x00000000080058c8        0x0
                0x00000000080058c8                _bt_gatt_service_static_list_start = .
 *(SORT_BY_NAME(SORT_BY_ALIGNMENT(._bt_gatt_service_static.static.*)))
                0x00000000080058c8                _bt_gatt_service_static_list_end = .

log_strings_area
                0x00000000080058c8        0x0
                0x00000000080058c8                _log_strings_list_start = .
 *(SORT_BY_NAME(SORT_BY_ALIGNMENT(._log_strings.static.*)))
                0x00000000080058c8                _log_strings_list_end = .

log_stmesp_ptr_area
                0x00000000080058c8        0x0
                0x00000000080058c8                _log_stmesp_ptr_list_start = .
 *(SORT_BY_NAME(SORT_BY_ALIGNMENT(._log_stmesp_ptr.static.*)))
                0x00000000080058c8                _log_stmesp_ptr_list_end = .

log_stmesp_str_area
                0x00000000080058c8        0x0
                0x00000000080058c8                _log_stmesp_str_list_start = .
 *(SORT_BY_NAME(SORT_BY_ALIGNMENT(._log_stmesp_str.static.*)))
                0x00000000080058c8                _log_stmesp_str_list_end = .

log_const_area  0x00000000080058c8        0x0
                0x00000000080058c8                _log_const_list_start = .
 *(SORT_BY_NAME(SORT_BY_ALIGNMENT(._log_const.static.*)))
                0x00000000080058c8                _log_const_list_end = .

log_backend_area
                0x00000000080058c8        0x0
                0x00000000080058c8                _log_backend_list_start = .
 *(SORT_BY_NAME(SORT_BY_ALIGNMENT(._log_backend.static.*)))
                0x00000000080058c8                _log_backend_list_end = .

log_link_area   0x00000000080058c8        0x0
                0x00000000080058c8                _log_link_list_start = .
 *(SORT_BY_NAME(SORT_BY_ALIGNMENT(._log_link.static.*)))
                0x00000000080058c8                _log_link_list_end = .

tracing_backend_area
                0x00000000080058c8        0x0
                0x00000000080058c8                _tracing_backend_list_start = .
 *(SORT_BY_NAME(SORT_BY_ALIGNMENT(._tracing_backend.static.*)))
                0x00000000080058c8                _tracing_backend_list_end = .

zephyr_dbg_info
 *(SORT_BY_ALIGNMENT(.dbg_thread_info))

intc_table_area
                0x00000000080058c8        0x0
                0x00000000080058c8                _intc_table_list_start = .
 *(SORT_BY_NAME(SORT_BY_ALIGNMENT(._intc_table.static.*)))
                0x00000000080058c8                _intc_table_list_end = .

symbol_to_keep  0x00000000080058c8        0x0
                0x00000000080058c8                __symbol_to_keep_start = .
 *(SORT_BY_NAME(SORT_BY_ALIGNMENT(.symbol_to_keep*)))
                0x00000000080058c8                __symbol_to_keep_end = .

shell_area      0x00000000080058c8        0x0
                0x00000000080058c8                _shell_list_start = .
 *(SORT_BY_NAME(SORT_BY_ALIGNMENT(._shell.static.*)))
                0x00000000080058c8                _shell_list_end = .

shell_root_cmds_area
                0x00000000080058c8        0x0
                0x00000000080058c8                _shell_root_cmds_list_start = .
 *(SORT_BY_NAME(SORT_BY_ALIGNMENT(._shell_root_cmds.static.*)))
                0x00000000080058c8                _shell_root_cmds_list_end = .

shell_subcmds_area
                0x00000000080058c8        0x0
                0x00000000080058c8                _shell_subcmds_list_start = .
 *(SORT_BY_NAME(SORT_BY_ALIGNMENT(._shell_subcmds.static.*)))
                0x00000000080058c8                _shell_subcmds_list_end = .

shell_dynamic_subcmds_area
                0x00000000080058c8        0x0
                0x00000000080058c8                _shell_dynamic_subcmds_list_start = .
 *(SORT_BY_NAME(SORT_BY_ALIGNMENT(._shell_dynamic_subcmds.static.*)))
                0x00000000080058c8                _shell_dynamic_subcmds_list_end = .

cfb_font_area   0x00000000080058c8        0x0
                0x00000000080058c8                _cfb_font_list_start = .
 *(SORT_BY_NAME(SORT_BY_ALIGNMENT(._cfb_font.static.*)))
                0x00000000080058c8                _cfb_font_list_end = .

tdata           0x00000000080058c8        0x0
 *(SORT_BY_ALIGNMENT(.tdata) SORT_BY_ALIGNMENT(.tdata.*) SORT_BY_ALIGNMENT(.gnu.linkonce.td.*))

tbss            0x00000000080058c8        0x4
 *(SORT_BY_ALIGNMENT(.tbss) SORT_BY_ALIGNMENT(.tbss.*) SORT_BY_ALIGNMENT(.gnu.linkonce.tb.*) SORT_BY_ALIGNMENT(.tcommon))
 .tbss.z_tls_current
                0x00000000080058c8        0x4 zephyr/libzephyr.a(thread_entry.c.obj)
                0x00000000080058c8                z_tls_current
                0x00000000080058c8                PROVIDE (__tdata_start = LOADADDR (tdata))
                0x0000000000000001                PROVIDE (__tdata_align = ALIGNOF (tdata))
                0x0000000000000000                PROVIDE (__tdata_size = (((SIZEOF (tdata) + __tdata_align) - 0x1) & ~ ((__tdata_align - 0x1))))
                [!provide]                        PROVIDE (__tdata_end = (__tdata_start + __tdata_size))
                0x0000000000000004                PROVIDE (__tbss_align = ALIGNOF (tbss))
                [!provide]                        PROVIDE (__tbss_start = ADDR (tbss))
                0x0000000000000004                PROVIDE (__tbss_size = (((SIZEOF (tbss) + __tbss_align) - 0x1) & ~ ((__tbss_align - 0x1))))
                [!provide]                        PROVIDE (__tbss_end = (__tbss_start + __tbss_size))
                [!provide]                        PROVIDE (__tls_start = __tdata_start)
                [!provide]                        PROVIDE (__tls_end = __tbss_end)
                [!provide]                        PROVIDE (__tls_size = (__tbss_end - __tdata_start))

rodata          0x00000000080058c8      0x304
 *(SORT_BY_ALIGNMENT(.rodata))
 *(SORT_BY_ALIGNMENT(.rodata.*))
 .rodata.main.str1.4
                0x00000000080058c8       0x17 app/libapp.a(main.c.obj)
 *fill*         0x00000000080058df        0x1 
 .rodata.led    0x00000000080058e0        0x8 app/libapp.a(main.c.obj)
 .rodata.mem_attr_region
                0x00000000080058e8        0x0 zephyr/libzephyr.a(mem_attr.c.obj)
 .rodata.static_regions