Archive member included to satisfy reference by file (symbol)

app/libapp.a(main.c.obj)      (--whole-archive)
zephyr/libzephyr.a(heap.c.obj)
                              (--whole-archive)
zephyr/libzephyr.a(cbprintf_packaged.c.obj)
                              (--whole-archive)
zephyr/libzephyr.a(printk.c.obj)
                              (--whole-archive)
zephyr/libzephyr.a(sem.c.obj)
                              (--whole-archive)
zephyr/libzephyr.a(thread_entry.c.obj)
                              (--whole-archive)
zephyr/libzephyr.a(cbprintf_complete.c.obj)
                              (--whole-archive)
zephyr/libzephyr.a(assert.c.obj)
                              (--whole-archive)
zephyr/libzephyr.a(dec.c.obj)
                              (--whole-archive)
zephyr/libzephyr.a(hex.c.obj)
                              (--whole-archive)
zephyr/libzephyr.a(rb.c.obj)  (--whole-archive)
zephyr/libzephyr.a(timeutil.c.obj)
                              (--whole-archive)
zephyr/libzephyr.a(bitarray.c.obj)
                              (--whole-archive)
zephyr/libzephyr.a(ring_buffer.c.obj)
                              (--whole-archive)
zephyr/libzephyr.a(configs.c.obj)
                              (--whole-archive)
zephyr/libzephyr.a(stm32cube_hal.c.obj)
                              (--whole-archive)
zephyr/libzephyr.a(soc_config.c.obj)
                              (--whole-archive)
zephyr/libzephyr.a(soc.c.obj)
                              (--whole-archive)
zephyr/libzephyr.a(mem_attr.c.obj)
                              (--whole-archive)
zephyr/libzephyr.a(tracing_none.c.obj)
                              (--whole-archive)
zephyr/arch/common/libarch__common.a(sw_isr_common.c.obj)
                              (--whole-archive)
zephyr/arch/arch/arm/core/libarch__arm__core.a(fatal.c.obj)
                              (--whole-archive)
zephyr/arch/arch/arm/core/libarch__arm__core.a(nmi.c.obj)
                              (--whole-archive)
zephyr/arch/arch/arm/core/libarch__arm__core.a(nmi_on_reset.S.obj)
                              (--whole-archive)
zephyr/arch/arch/arm/core/libarch__arm__core.a(tls.c.obj)
                              (--whole-archive)
zephyr/arch/arch/arm/core/cortex_m/libarch__arm__core__cortex_m.a(exc_exit.c.obj)
                              (--whole-archive)
zephyr/arch/arch/arm/core/cortex_m/libarch__arm__core__cortex_m.a(fault.c.obj)
                              (--whole-archive)
zephyr/arch/arch/arm/core/cortex_m/libarch__arm__core__cortex_m.a(fault_s.S.obj)
                              (--whole-archive)
zephyr/arch/arch/arm/core/cortex_m/libarch__arm__core__cortex_m.a(fpu.c.obj)
                              (--whole-archive)
zephyr/arch/arch/arm/core/cortex_m/libarch__arm__core__cortex_m.a(reset.S.obj)
                              (--whole-archive)
zephyr/arch/arch/arm/core/cortex_m/libarch__arm__core__cortex_m.a(scb.c.obj)
                              (--whole-archive)
zephyr/arch/arch/arm/core/cortex_m/libarch__arm__core__cortex_m.a(thread_abort.c.obj)
                              (--whole-archive)
zephyr/arch/arch/arm/core/cortex_m/libarch__arm__core__cortex_m.a(vector_table.S.obj)
                              (--whole-archive)
zephyr/arch/arch/arm/core/cortex_m/libarch__arm__core__cortex_m.a(swap_helper.S.obj)
                              (--whole-archive)
zephyr/arch/arch/arm/core/cortex_m/libarch__arm__core__cortex_m.a(irq_manage.c.obj)
                              (--whole-archive)
zephyr/arch/arch/arm/core/cortex_m/libarch__arm__core__cortex_m.a(prep_c.c.obj)
                              (--whole-archive)
zephyr/arch/arch/arm/core/cortex_m/libarch__arm__core__cortex_m.a(thread.c.obj)
                              (--whole-archive)
zephyr/arch/arch/arm/core/cortex_m/libarch__arm__core__cortex_m.a(cpu_idle.c.obj)
                              (--whole-archive)
zephyr/arch/arch/arm/core/cortex_m/libarch__arm__core__cortex_m.a(irq_init.c.obj)
                              (--whole-archive)
zephyr/arch/arch/arm/core/cortex_m/libarch__arm__core__cortex_m.a(isr_wrapper.c.obj)
                              (--whole-archive)
zephyr/arch/arch/arm/core/cortex_m/libarch__arm__core__cortex_m.a(__aeabi_read_tp.S.obj)
                              (--whole-archive)
zephyr/arch/arch/arm/core/mpu/libarch__arm__core__mpu.a(arm_core_mpu.c.obj)
                              (--whole-archive)
zephyr/arch/arch/arm/core/mpu/libarch__arm__core__mpu.a(arm_mpu.c.obj)
                              (--whole-archive)
zephyr/arch/arch/arm/core/mpu/libarch__arm__core__mpu.a(arm_mpu_regions.c.obj)
                              (--whole-archive)
zephyr/lib/libc/picolibc/liblib__libc__picolibc.a(assert.c.obj)
                              (--whole-archive)
zephyr/lib/libc/picolibc/liblib__libc__picolibc.a(cbprintf.c.obj)
                              (--whole-archive)
zephyr/lib/libc/picolibc/liblib__libc__picolibc.a(chk_fail.c.obj)
                              (--whole-archive)
[...]
Memory Configuration

Name             Origin             Length             Attributes
FLASH            0x0000000008000000 0x0000000000040000 xr
RAM              0x0000000020000000 0x0000000000010000 xw
IDT_LIST         0x00000000ffff7fff 0x0000000000008000 xw
*default*        0x0000000000000000 0xffffffffffffffff

Linker script and memory map

                0x000000000800270c                vfprintf = __l_vfprintf
                0x0000000000000000                vfscanf = __l_vfscanf
LOAD zephyr/CMakeFiles/zephyr_final.dir/misc/empty_file.c.obj
LOAD zephyr/CMakeFiles/zephyr_final.dir/isr_tables.c.obj
LOAD zephyr/CMakeFiles/offsets.dir/./arch/arm/core/offsets/offsets.c.obj
LOAD app/libapp.a
LOAD zephyr/libzephyr.a
LOAD zephyr/arch/common/libarch__common.a
LOAD zephyr/arch/arch/arm/core/libarch__arm__core.a
LOAD zephyr/arch/arch/arm/core/cortex_m/libarch__arm__core__cortex_m.a
LOAD zephyr/arch/arch/arm/core/mpu/libarch__arm__core__mpu.a
LOAD zephyr/lib/libc/picolibc/liblib__libc__picolibc.a
LOAD zephyr/lib/libc/common/liblib__libc__common.a
LOAD zephyr/drivers/interrupt_controller/libdrivers__interrupt_controller.a
LOAD zephyr/drivers/clock_control/libdrivers__clock_control.a
LOAD zephyr/drivers/console/libdrivers__console.a
LOAD zephyr/drivers/gpio/libdrivers__gpio.a
LOAD zephyr/drivers/pinctrl/libdrivers__pinctrl.a
LOAD zephyr/drivers/reset/libdrivers__reset.a
LOAD zephyr/drivers/serial/libdrivers__serial.a
LOAD zephyr/drivers/timer/libdrivers__timer.a
LOAD modules/hal_stm32/stm32cube/lib..__modules__hal__stm32__stm32cube.a
LOAD zephyr/kernel/libkernel.a
LOAD zephyr/arch/common/libisr_tables.a
LOAD /home/hackerluca/zephyr-sdk-0.17.0/arm-zephyr-eabi/bin/../lib/gcc/../../picolibc/arm-zephyr-eabi/lib/thumb/v7e-m/nofp/libc.a
LOAD /home/hackerluca/zephyr-sdk-0.17.0/arm-zephyr-eabi/bin/../lib/gcc/arm-zephyr-eabi/12.2.0/thumb/v7e-m/nofp/libgcc.a
                0x0000000000000020                _region_min_align = 0x20

.rel.plt        0x0000000008000000        0x0
 *(SORT_BY_ALIGNMENT(.rel.plt))
                [!provide]                        PROVIDE (__rel_iplt_start = .)
 *(SORT_BY_ALIGNMENT(.rel.iplt))
 .rel.iplt      0x0000000008000000        0x0 zephyr/CMakeFiles/zephyr_final.dir/isr_tables.c.obj
                [!provide]                        PROVIDE (__rel_iplt_end = .)

.rela.plt       0x0000000000000000        0x0
 *(SORT_BY_ALIGNMENT(.rela.plt))
                [!provide]                        PROVIDE (__rela_iplt_start = .)
 *(SORT_BY_ALIGNMENT(.rela.iplt))
                [!provide]                        PROVIDE (__rela_iplt_end = .)

.rel.dyn
 *(SORT_BY_ALIGNMENT(.rel.*))

.rela.dyn
 *(SORT_BY_ALIGNMENT(.rela.*))

/DISCARD/
 *(SORT_BY_ALIGNMENT(.plt))

/DISCARD/
 *(SORT_BY_ALIGNMENT(.iplt))
                0x0000000008000000                __rom_region_start = 0x8000000

rom_start       0x0000000008000000      0x18c
                0x0000000008000000                __rom_start_address = .
 FILL mask 0x00
                0x0000000008000000                . = (. + (0x0 - (. - __rom_start_address)))
                0x0000000008000000                . = ALIGN (0x4)
                0x0000000008000000                . = ALIGN (0x80)
                0x0000000008000000                . = ALIGN (0x200)
                0x0000000008000000                _vector_start = .
 *(SORT_BY_ALIGNMENT(.exc_vector_table))
 *(SORT_BY_ALIGNMENT(.exc_vector_table.*))
 .exc_vector_table._vector_table_section
                0x0000000008000000       0x40 zephyr/arch/arch/arm/core/cortex_m/libarch__arm__core__cortex_m.a(vector_table.S.obj)
                0x0000000008000000                _vector_table
 *(SORT_BY_ALIGNMENT(.vectors))
                0x000000000800018c                _vector_end = .
                0x0000000008000040                . = ALIGN (0x4)
 *(SORT_BY_ALIGNMENT(.gnu.linkonce.irq_vector_table*))
 .gnu.linkonce.irq_vector_table
                0x0000000008000040      0x14c zephyr/CMakeFiles/zephyr_final.dir/isr_tables.c.obj
                0x0000000008000040                _irq_vector_table
                0x000000000800018c                _vector_end = .

text            0x000000000800018c     0x34a8
                0x000000000800018c                __text_region_start = .
 *(SORT_BY_ALIGNMENT(.text))
 .text          0x000000000800018c       0x30 /home/hackerluca/zephyr-sdk-0.17.0/arm-zephyr-eabi/bin/../lib/gcc/arm-zephyr-eabi/12.2.0/thumb/v7e-m/nofp/libgcc.a(_aeabi_uldivmod.o)
                0x000000000800018c                __aeabi_uldivmod
 .text          0x00000000080001bc        0x4 /home/hackerluca/zephyr-sdk-0.17.0/arm-zephyr-eabi/bin/../lib/gcc/arm-zephyr-eabi/12.2.0/thumb/v7e-m/nofp/libgcc.a(_dvmd_tls.o)
                0x00000000080001bc                __aeabi_ldiv0
                0x00000000080001bc                __aeabi_idiv0
 .text          0x00000000080001c0      0x2a0 /home/hackerluca/zephyr-sdk-0.17.0/arm-zephyr-eabi/bin/../lib/gcc/arm-zephyr-eabi/12.2.0/thumb/v7e-m/nofp/libgcc.a(_udivmoddi4.o)
                0x00000000080001c0                __udivmoddi4
 *(SORT_BY_ALIGNMENT(.text.*))
 .text.main     0x0000000008000460       0x70 app/libapp.a(main.c.obj)
                0x0000000008000460                main
 .text.char_out
                0x00000000080004d0        0xc zephyr/libzephyr.a(printk.c.obj)
 .text.__printk_hook_install
                0x00000000080004dc        0xc zephyr/libzephyr.a(printk.c.obj)
                0x00000000080004dc                __printk_hook_install
 .text.vprintk  0x00000000080004e8       0x30 zephyr/libzephyr.a(printk.c.obj)
                0x00000000080004e8                vprintk
 .text.z_thread_entry
                0x0000000008000518       0x34 zephyr/libzephyr.a(thread_entry.c.obj)
                0x0000000008000518                z_thread_entry
 .text.st_stm32_common_config
                0x000000000800054c       0x14 zephyr/libzephyr.a(soc_config.c.obj)
 .text.soc_early_init_hook
                0x0000000008000560       0x30 zephyr/libzephyr.a(soc.c.obj)
                0x0000000008000560                soc_early_init_hook
 .text.mem_attr_get_regions
                0x0000000008000590        0xc zephyr/libzephyr.a(mem_attr.c.obj)
                0x0000000008000590                mem_attr_get_regions
 .text.z_SysNmiOnReset
                0x000000000800059c        0x8 zephyr/arch/arch/arm/core/libarch__arm__core.a(nmi_on_reset.S.obj)
                0x000000000800059c                z_SysNmiOnReset
 .text.arch_tls_stack_setup
                0x00000000080005a4       0x40 zephyr/arch/arch/arm/core/libarch__arm__core.a(tls.c.obj)
                0x00000000080005a4                arch_tls_stack_setup
 .text._HandlerModeExit
                0x00000000080005e4       0x20 zephyr/arch/arch/arm/core/cortex_m/libarch__arm__core__cortex_m.a(exc_exit.c.obj)
                0x00000000080005e4                z_arm_exc_exit
                0x00000000080005e4                z_arm_int_exit
 .text.mem_manage_fault
                0x0000000008000604       0xa0 zephyr/arch/arch/arm/core/cortex_m/libarch__arm__core__cortex_m.a(fault.c.obj)
 .text.usage_fault.constprop.0
                0x00000000080006a4       0x54 zephyr/arch/arch/arm/core/cortex_m/libarch__arm__core__cortex_m.a(fault.c.obj)
 .text.bus_fault.constprop.0
                0x00000000080006f8       0x6c zephyr/arch/arch/arm/core/cortex_m/libarch__arm__core__cortex_m.a(fault.c.obj)
 .text.z_arm_fault
                0x0000000008000764      0x128 zephyr/arch/arch/arm/core/cortex_m/libarch__arm__core__cortex_m.a(fault.c.obj)
                0x0000000008000764                z_arm_fault
 .text.z_arm_fault_init
                0x000000000800088c       0x18 zephyr/arch/arch/arm/core/cortex_m/libarch__arm__core__cortex_m.a(fault.c.obj)
                0x000000000800088c                z_arm_fault_init
 .text.__fault  0x00000000080008a4       0x14 zephyr/arch/arch/arm/core/cortex_m/libarch__arm__core__cortex_m.a(fault_s.S.obj)
                0x00000000080008a4                z_arm_bus_fault
                0x00000000080008a4                z_arm_usage_fault
                0x00000000080008a4                z_arm_mpu_fault
                0x00000000080008a4                z_arm_exc_spurious
                0x00000000080008a4                z_arm_debug_monitor
                0x00000000080008a4                z_arm_hard_fault
 .text._reset_section
                0x00000000080008b8       0x2c zephyr/arch/arch/arm/core/cortex_m/libarch__arm__core__cortex_m.a(reset.S.obj)
                0x00000000080008b8                z_arm_reset
                0x00000000080008b8                __start
 .text.z_impl_k_thread_abort
                0x00000000080008e4       0x2c zephyr/arch/arch/arm/core/cortex_m/libarch__arm__core__cortex_m.a(thread_abort.c.obj)
                0x00000000080008e4                z_impl_k_thread_abort
 .text.z_arm_pendsv
                0x0000000008000910       0x60 zephyr/arch/arch/arm/core/cortex_m/libarch__arm__core__cortex_m.a(swap_helper.S.obj)
                0x0000000008000910                z_arm_pendsv
 .text.z_arm_svc
                0x0000000008000970       0x24 zephyr/arch/arch/arm/core/cortex_m/libarch__arm__core__cortex_m.a(swap_helper.S.obj)
                0x0000000008000970                z_arm_svc
 .text.arch_irq_enable
                0x0000000008000994       0x1c zephyr/arch/arch/arm/core/cortex_m/libarch__arm__core__cortex_m.a(irq_manage.c.obj)
                0x0000000008000994                arch_irq_enable
 .text.z_arm_irq_priority_set
                0x00000000080009b0       0x30 zephyr/arch/arch/arm/core/cortex_m/libarch__arm__core__cortex_m.a(irq_manage.c.obj)
                0x00000000080009b0                z_arm_irq_priority_set
 .text.z_prep_c
                0x00000000080009e0       0x48 zephyr/arch/arch/arm/core/cortex_m/libarch__arm__core__cortex_m.a(prep_c.c.obj)
                0x00000000080009e0                z_prep_c
 .text.arch_new_thread
                0x0000000008000a28       0x38 zephyr/arch/arch/arm/core/cortex_m/libarch__arm__core__cortex_m.a(thread.c.obj)
                0x0000000008000a28                arch_new_thread
 .text.z_check_thread_stack_fail
                0x0000000008000a60       0x2c zephyr/arch/arch/arm/core/cortex_m/libarch__arm__core__cortex_m.a(thread.c.obj)
                0x0000000008000a60                z_check_thread_stack_fail
 .text.arch_switch_to_main_thread
                0x0000000008000a8c       0x3c zephyr/arch/arch/arm/core/cortex_m/libarch__arm__core__cortex_m.a(thread.c.obj)
                0x0000000008000a8c                arch_switch_to_main_thread
 .text.z_arm_cpu_idle_init
                0x0000000008000ac8        0xc zephyr/arch/arch/arm/core/cortex_m/libarch__arm__core__cortex_m.a(cpu_idle.c.obj)
                0x0000000008000ac8                z_arm_cpu_idle_init
 .text.z_arm_interrupt_init
                0x0000000008000ad4       0x18 zephyr/arch/arch/arm/core/cortex_m/libarch__arm__core__cortex_m.a(irq_init.c.obj)
                0x0000000008000ad4                z_arm_interrupt_init
 .text._isr_wrapper
                0x0000000008000aec       0x24 zephyr/arch/arch/arm/core/cortex_m/libarch__arm__core__cortex_m.a(isr_wrapper.c.obj)
                0x0000000008000aec                _isr_wrapper
 .text.z_arm_configure_static_mpu_regions
                0x0000000008000b10       0x18 zephyr/arch/arch/arm/core/mpu/libarch__arm__core__mpu.a(arm_core_mpu.c.obj)
                0x0000000008000b10                z_arm_configure_static_mpu_regions
 .text.z_arm_configure_dynamic_mpu_regions
                0x0000000008000b28       0x20 zephyr/arch/arch/arm/core/mpu/libarch__arm__core__mpu.a(arm_core_mpu.c.obj)
                0x0000000008000b28                z_arm_configure_dynamic_mpu_regions
 .text.region_init
                0x0000000008000b48       0x28 zephyr/arch/arch/arm/core/mpu/libarch__arm__core__mpu.a(arm_mpu.c.obj)
 .text.mpu_configure_regions
                0x0000000008000b70       0x6c zephyr/arch/arch/arm/core/mpu/libarch__arm__core__mpu.a(arm_mpu.c.obj)
 .text.arm_core_mpu_enable
                0x0000000008000bdc       0x18 zephyr/arch/arch/arm/core/mpu/libarch__arm__core__mpu.a(arm_mpu.c.obj)
                0x0000000008000bdc                arm_core_mpu_enable
 .text.arm_core_mpu_disable
                0x0000000008000bf4       0x14 zephyr/arch/arch/arm/core/mpu/libarch__arm__core__mpu.a(arm_mpu.c.obj)
                0x0000000008000bf4                arm_core_mpu_disable
 .text.arm_core_mpu_configure_static_mpu_regions
                0x0000000008000c08       0x14 zephyr/arch/arch/arm/core/mpu/libarch__arm__core__mpu.a(arm_mpu.c.obj)
                0x0000000008000c08                arm_core_mpu_configure_static_mpu_regions
 .text.arm_core_mpu_configure_dynamic_mpu_regions
                0x0000000008000c1c       0x38 zephyr/arch/arch/arm/core/mpu/libarch__arm__core__mpu.a(arm_mpu.c.obj)
                0x0000000008000c1c                arm_core_mpu_configure_dynamic_mpu_regions
 .text.z_arm_mpu_init
                0x0000000008000c54      0x168 zephyr/arch/arch/arm/core/mpu/libarch__arm__core__mpu.a(arm_mpu.c.obj)
                0x0000000008000c54                z_arm_mpu_init
 .text.z_impl_zephyr_fputc
                0x0000000008000dbc       0x10 zephyr/lib/libc/picolibc/liblib__libc__picolibc.a(stdio.c.obj)
                0x0000000008000dbc                z_impl_zephyr_fputc
 .text.__stdout_hook_install
                0x0000000008000dcc       0x18 zephyr/lib/libc/picolibc/liblib__libc__picolibc.a(stdio.c.obj)
                0x0000000008000dcc                __stdout_hook_install
 .text.malloc_prepare
                0x0000000008000de4       0x24 zephyr/lib/libc/common/liblib__libc__common.a(malloc.c.obj)
 .text.stm32_exti_isr
                0x0000000008000e08       0x4c zephyr/drivers/interrupt_controller/libdrivers__interrupt_controller.a(intc_exti_stm32.c.obj)
 .text.stm32_fill_irq_table
                0x0000000008000e54       0x18 zephyr/drivers/interrupt_controller/libdrivers__interrupt_controller.a(intc_exti_stm32.c.obj)
 .text.stm32_exti_init
                0x0000000008000e6c       0xac zephyr/drivers/interrupt_controller/libdrivers__interrupt_controller.a(intc_exti_stm32.c.obj)
 .text.stm32_gpio_intc_enable_line
                0x0000000008000f18       0x2c zephyr/drivers/interrupt_controller/libdrivers__interrupt_controller.a(intc_exti_stm32.c.obj)
                0x0000000008000f18                stm32_gpio_intc_enable_line
 .text.stm32_gpio_intc_disable_line
                0x0000000008000f44       0x10 zephyr/drivers/interrupt_controller/libdrivers__interrupt_controller.a(intc_exti_stm32.c.obj)
                0x0000000008000f44                stm32_gpio_intc_disable_line
 .text.stm32_gpio_intc_select_line_trigger
                0x0000000008000f54       0x50 zephyr/drivers/interrupt_controller/libdrivers__interrupt_controller.a(intc_exti_stm32.c.obj)
                0x0000000008000f54                stm32_gpio_intc_select_line_trigger
 .text.stm32_gpio_intc_set_irq_callback
                0x0000000008000fa4       0x40 zephyr/drivers/interrupt_controller/libdrivers__interrupt_controller.a(intc_exti_stm32.c.obj)
                0x0000000008000fa4                stm32_gpio_intc_set_irq_callback
 .text.stm32_gpio_intc_remove_irq_callback
                0x0000000008000fe4       0x24 zephyr/drivers/interrupt_controller/libdrivers__interrupt_controller.a(intc_exti_stm32.c.obj)
                0x0000000008000fe4                stm32_gpio_intc_remove_irq_callback
 .text.stm32_exti_get_line_src_port
                0x0000000008001008       0x34 zephyr/drivers/interrupt_controller/libdrivers__interrupt_controller.a(intc_exti_stm32.c.obj)
                0x0000000008001008                stm32_exti_get_line_src_port
 .text.LL_RCC_HSI_IsReady
                0x000000000800103c       0x10 zephyr/drivers/clock_control/libdrivers__clock_control.a(clock_stm32_ll_common.c.obj)
 .text.stm32_clock_control_get_subsys_rate
                0x000000000800104c       0xc8 zephyr/drivers/clock_control/libdrivers__clock_control.a(clock_stm32_ll_common.c.obj)
 .text.stm32_clock_control_init
                0x0000000008001114      0x134 zephyr/drivers/clock_control/libdrivers__clock_control.a(clock_stm32_ll_common.c.obj)
                0x0000000008001114                stm32_clock_control_init
 .text.get_pllsrc_frequency
                0x0000000008001248        0x8 zephyr/drivers/clock_control/libdrivers__clock_control.a(clock_stm32l4_l5_wb_wl.c.obj)
                0x0000000008001248                get_pllsrc_frequency
 .text.config_pll_sysclock
                0x0000000008001250       0x24 zephyr/drivers/clock_control/libdrivers__clock_control.a(clock_stm32l4_l5_wb_wl.c.obj)
                0x0000000008001250                config_pll_sysclock
 .text.config_enable_default_clocks
                0x0000000008001274       0x20 zephyr/drivers/clock_control/libdrivers__clock_control.a(clock_stm32l4_l5_wb_wl.c.obj)
                0x0000000008001274                config_enable_default_clocks
 .text.uart_console_init
                0x0000000008001294       0x28 zephyr/drivers/console/libdrivers__console.a(uart_console.c.obj)
 .text.console_out
                0x00000000080012bc       0x28 zephyr/drivers/console/libdrivers__console.a(uart_console.c.obj)
 .text.gpio_stm32_pin_interrupt_configure
                0x00000000080012e4       0xb0 zephyr/drivers/gpio/libdrivers__gpio.a(gpio_stm32.c.obj)
 .text.gpio_stm32_init
                0x0000000008001394       0x30 zephyr/drivers/gpio/libdrivers__gpio.a(gpio_stm32.c.obj)
 .text.pinctrl_configure_pins
                0x00000000080013c4       0x84 zephyr/drivers/pinctrl/libdrivers__pinctrl.a(pinctrl_stm32.c.obj)
                0x00000000080013c4                pinctrl_configure_pins
 .text.uart_stm32_parameters_set
                0x0000000008001448      0x138 zephyr/drivers/serial/libdrivers__serial.a(uart_stm32.c.obj)
 .text.uart_stm32_init
                0x0000000008001580      0x12c zephyr/drivers/serial/libdrivers__serial.a(uart_stm32.c.obj)
 .text.uart_stm32_configure
                0x00000000080016ac      0x134 zephyr/drivers/serial/libdrivers__serial.a(uart_stm32.c.obj)
 .text.elapsed  0x00000000080017e0       0x4c zephyr/drivers/timer/libdrivers__timer.a(cortex_m_systick.c.obj)
 .text.sys_clock_driver_init
                0x000000000800182c       0x38 zephyr/drivers/timer/libdrivers__timer.a(cortex_m_systick.c.obj)
 .text.sys_clock_isr
                0x0000000008001864       0x60 zephyr/drivers/timer/libdrivers__timer.a(cortex_m_systick.c.obj)
                0x0000000008001864                sys_clock_isr
 .text.sys_clock_set_timeout
                0x00000000080018c4       0xf8 zephyr/drivers/timer/libdrivers__timer.a(cortex_m_systick.c.obj)
                0x00000000080018c4                sys_clock_set_timeout
 .text.sys_clock_elapsed
                0x00000000080019bc       0x3c zephyr/drivers/timer/libdrivers__timer.a(cortex_m_systick.c.obj)
                0x00000000080019bc                sys_clock_elapsed
 .text.HAL_RCC_GetSysClockFreq
                0x00000000080019f8       0x9c modules/hal_stm32/stm32cube/lib..__modules__hal__stm32__stm32cube.a(stm32l4xx_hal_rcc.c.obj)
                0x00000000080019f8                HAL_RCC_GetSysClockFreq
 .text.LL_SetFlashLatency
                0x0000000008001a94       0xa8 modules/hal_stm32/stm32cube/lib..__modules__hal__stm32__stm32cube.a(stm32l4xx_ll_utils.c.obj)
                0x0000000008001a94                LL_SetFlashLatency
 .text.z_fatal_error
                0x0000000008001b3c       0x30 zephyr/kernel/libkernel.a(fatal.c.obj)
                0x0000000008001b3c                z_fatal_error
 .text.z_sys_init_run_level
                0x0000000008001b6c       0x2c zephyr/kernel/libkernel.a(init.c.obj)
 .text.bg_thread_main
                0x0000000008001b98       0xc4 zephyr/kernel/libkernel.a(init.c.obj)
 .text.z_bss_zero
                0x0000000008001c5c       0x18 zephyr/kernel/libkernel.a(init.c.obj)
                0x0000000008001c5c                z_bss_zero
 .text.z_init_cpu
                0x0000000008001c74       0x70 zephyr/kernel/libkernel.a(init.c.obj)
                0x0000000008001c74                z_init_cpu
 .text.z_cstart
                0x0000000008001ce4       0xd0 zephyr/kernel/libkernel.a(init.c.obj)
                0x0000000008001ce4                z_cstart
 .text.z_setup_new_thread
                0x0000000008001db4       0x98 zephyr/kernel/libkernel.a(thread.c.obj)
                0x0000000008001db4                z_setup_new_thread
 .text.z_dummy_thread_init
                0x0000000008001e4c       0x18 zephyr/kernel/libkernel.a(thread.c.obj)
                0x0000000008001e4c                z_dummy_thread_init
 .text.z_swap_irqlock
                0x0000000008001e64       0x30 zephyr/kernel/libkernel.a(sched.c.obj)
 .text.ready_thread
                0x0000000008001e94       0x84 zephyr/kernel/libkernel.a(sched.c.obj)
 .text.unready_thread
                0x0000000008001f18       0x54 zephyr/kernel/libkernel.a(sched.c.obj)
 .text.move_thread_to_end_of_prio_q
                0x0000000008001f6c       0x90 zephyr/kernel/libkernel.a(sched.c.obj)
                0x0000000008001f6c                move_thread_to_end_of_prio_q
 .text.z_reschedule
                0x0000000008001ffc       0x24 zephyr/kernel/libkernel.a(sched.c.obj)
                0x0000000008001ffc                z_reschedule
 .text.z_reschedule_irqlock
                0x0000000008002020       0x28 zephyr/kernel/libkernel.a(sched.c.obj)
                0x0000000008002020                z_reschedule_irqlock
 .text.k_sched_lock
                0x0000000008002048       0x28 zephyr/kernel/libkernel.a(sched.c.obj)
                0x0000000008002048                k_sched_lock
 .text.k_sched_unlock
                0x0000000008002070       0x68 zephyr/kernel/libkernel.a(sched.c.obj)
                0x0000000008002070                k_sched_unlock
 .text.z_sched_init
                0x00000000080020d8       0x10 zephyr/kernel/libkernel.a(sched.c.obj)
                0x00000000080020d8                z_sched_init
 .text.z_impl_k_yield
                0x00000000080020e8       0x88 zephyr/kernel/libkernel.a(sched.c.obj)
                0x00000000080020e8                z_impl_k_yield
 .text.z_tick_sleep
                0x0000000008002170       0x80 zephyr/kernel/libkernel.a(sched.c.obj)
 .text.z_impl_k_wakeup
                0x00000000080021f0       0x48 zephyr/kernel/libkernel.a(sched.c.obj)
                0x00000000080021f0                z_impl_k_wakeup
 .text.z_impl_k_sched_current_thread_query
                0x0000000008002238        0xc zephyr/kernel/libkernel.a(sched.c.obj)
                0x0000000008002238                z_impl_k_sched_current_thread_query
 .text.z_thread_abort
                0x0000000008002244      0x120 zephyr/kernel/libkernel.a(sched.c.obj)
                0x0000000008002244                z_thread_abort
 .text.slice_timeout
                0x0000000008002364       0x20 zephyr/kernel/libkernel.a(timeslicing.c.obj)
 .text.thread_is_sliceable
                0x0000000008002384       0x3c zephyr/kernel/libkernel.a(timeslicing.c.obj)
                0x0000000008002384                thread_is_sliceable
 .text.z_reset_time_slice
                0x00000000080023c0       0x50 zephyr/kernel/libkernel.a(timeslicing.c.obj)
                0x00000000080023c0                z_reset_time_slice
 .text.z_time_slice
                0x0000000008002410       0x60 zephyr/kernel/libkernel.a(timeslicing.c.obj)
                0x0000000008002410                z_time_slice
 .text.z_data_copy
                0x0000000008002470       0x38 zephyr/kernel/libkernel.a(xip.c.obj)
                0x0000000008002470                z_data_copy
 .text.first    0x00000000080024a8       0x10 zephyr/kernel/libkernel.a(timeout.c.obj)
 .text.elapsed  0x00000000080024b8       0x14 zephyr/kernel/libkernel.a(timeout.c.obj)
 .text.remove_timeout
                0x00000000080024cc       0x38 zephyr/kernel/libkernel.a(timeout.c.obj)
 .text.z_add_timeout
                0x0000000008002504       0xec zephyr/kernel/libkernel.a(timeout.c.obj)
                0x0000000008002504                z_add_timeout
 .text.sys_clock_announce
                0x00000000080025f0       0xbc zephyr/kernel/libkernel.a(timeout.c.obj)
                0x00000000080025f0                sys_clock_announce
 .text.sys_clock_tick_get
                0x00000000080026ac       0x30 zephyr/kernel/libkernel.a(timeout.c.obj)
                0x00000000080026ac                sys_clock_tick_get
 .text.boot_banner
                0x00000000080026dc        0xc zephyr/kernel/libkernel.a(banner.c.obj)
                0x00000000080026dc                boot_banner
 .text.printf   0x00000000080026e8       0x24 /home/hackerluca/zephyr-sdk-0.17.0/arm-zephyr-eabi/bin/../lib/gcc/../../picolibc/arm-zephyr-eabi/lib/thumb/v7e-m/nofp/libc.a(libc_tinystdio_printf.c.o)
                0x00000000080026e8                printf
 .text.__l_vfprintf
                0x000000000800270c      0x4b8 /home/hackerluca/zephyr-sdk-0.17.0/arm-zephyr-eabi/bin/../lib/gcc/../../picolibc/arm-zephyr-eabi/lib/thumb/v7e-m/nofp/libc.a(libc_tinystdio_vflprintf.c.o)
                0x000000000800270c                __l_vfprintf
 .text._OffsetAbsSyms
                0x0000000008002bc4        0x2 zephyr/CMakeFiles/offsets.dir/./arch/arm/core/offsets/offsets.c.obj
                0x0000000008002bc4                _OffsetAbsSyms
 .text.chunk_size
                0x0000000008002bc6        0xa zephyr/libzephyr.a(heap.c.obj)
 .text.free_list_add
                0x0000000008002bd0       0x4e zephyr/libzephyr.a(heap.c.obj)
 .text.sys_heap_init
                0x0000000008002c1e       0x7a zephyr/libzephyr.a(heap.c.obj)
                0x0000000008002c1e                sys_heap_init
 .text.arch_printk_char_out
                0x0000000008002c98        0x4 zephyr/libzephyr.a(printk.c.obj)
                0x0000000008002c98                arch_printk_char_out
 .text.printk   0x0000000008002c9c       0x1a zephyr/libzephyr.a(printk.c.obj)
                0x0000000008002c9c                printk
 .text._ConfigAbsSyms
                0x0000000008002cb6        0x2 zephyr/libzephyr.a(configs.c.obj)
                0x0000000008002cb6                _ConfigAbsSyms
 .text.z_arm_fatal_error
                0x0000000008002cb8        0xc zephyr/arch/arch/arm/core/libarch__arm__core.a(fatal.c.obj)
                0x0000000008002cb8                z_arm_fatal_error
 .text.z_do_kernel_oops
                0x0000000008002cc4        0x8 zephyr/arch/arch/arm/core/libarch__arm__core.a(fatal.c.obj)
                0x0000000008002cc4                z_do_kernel_oops
 .text.z_arm_nmi
                0x0000000008002ccc        0xe zephyr/arch/arch/arm/core/libarch__arm__core.a(nmi.c.obj)
                0x0000000008002ccc                z_arm_nmi
 .text.z_irq_spurious
                0x0000000008002cda        0x8 zephyr/arch/arch/arm/core/cortex_m/libarch__arm__core__cortex_m.a(irq_manage.c.obj)
                0x0000000008002cda                z_irq_spurious
 .text.arch_irq_unlock_outlined
                0x0000000008002ce2        0xe zephyr/arch/arch/arm/core/cortex_m/libarch__arm__core__cortex_m.a(thread.c.obj)
                0x0000000008002ce2                arch_irq_unlock_outlined
 .text.arch_cpu_idle
                0x0000000008002cf0       0x1a zephyr/arch/arch/arm/core/cortex_m/libarch__arm__core__cortex_m.a(cpu_idle.c.obj)
                0x0000000008002cf0                arch_cpu_idle
 .text.size_to_mpu_rasr_size
                0x0000000008002d0a       0x20 zephyr/arch/arch/arm/core/mpu/libarch__arm__core__mpu.a(arm_mpu.c.obj)
 .text.picolibc_put
                0x0000000008002d2a        0xa zephyr/lib/libc/picolibc/liblib__libc__picolibc.a(stdio.c.obj)
 .text.stm32_gpio_intc_get_pin_irq_line
                0x0000000008002d34        0x6 zephyr/drivers/interrupt_controller/libdrivers__interrupt_controller.a(intc_exti_stm32.c.obj)
                0x0000000008002d34                stm32_gpio_intc_get_pin_irq_line
 .text.stm32_exti_set_line_src_port
                0x0000000008002d3a       0x38 zephyr/drivers/interrupt_controller/libdrivers__interrupt_controller.a(intc_exti_stm32.c.obj)
                0x0000000008002d3a                stm32_exti_set_line_src_port
 .text.stm32_clock_control_on
                0x0000000008002d72       0x44 zephyr/drivers/clock_control/libdrivers__clock_control.a(clock_stm32_ll_common.c.obj)
 .text.stm32_clock_control_off
                0x0000000008002db6       0x2c zephyr/drivers/clock_control/libdrivers__clock_control.a(clock_stm32_ll_common.c.obj)
 .text.enabled_clock
                0x0000000008002de2       0x1e zephyr/drivers/clock_control/libdrivers__clock_control.a(clock_stm32_ll_common.c.obj)
                0x0000000008002de2                enabled_clock
 .text.stm32_clock_control_configure
                0x0000000008002e00       0x52 zephyr/drivers/clock_control/libdrivers__clock_control.a(clock_stm32_ll_common.c.obj)
 .text.stm32_clock_control_get_status
                0x0000000008002e52       0x38 zephyr/drivers/clock_control/libdrivers__clock_control.a(clock_stm32_ll_common.c.obj)
 .text.config_regulator_voltage
                0x0000000008002e8a        0x2 zephyr/drivers/clock_control/libdrivers__clock_control.a(clock_stm32_ll_common.c.obj)
                0x0000000008002e8a                config_regulator_voltage
 .text.gpio_stm32_port_get_raw
                0x0000000008002e8c        0xc zephyr/drivers/gpio/libdrivers__gpio.a(gpio_stm32.c.obj)
 .text.gpio_stm32_port_set_masked_raw
                0x0000000008002e98       0x12 zephyr/drivers/gpio/libdrivers__gpio.a(gpio_stm32.c.obj)
 .text.gpio_stm32_port_set_bits_raw
                0x0000000008002eaa        0xa zephyr/drivers/gpio/libdrivers__gpio.a(gpio_stm32.c.obj)
 .text.gpio_stm32_port_clear_bits_raw
                0x0000000008002eb4        0xa zephyr/drivers/gpio/libdrivers__gpio.a(gpio_stm32.c.obj)
 .text.gpio_stm32_port_toggle_bits
                0x0000000008002ebe        0xe zephyr/drivers/gpio/libdrivers__gpio.a(gpio_stm32.c.obj)
 .text.gpio_stm32_manage_callback
                0x0000000008002ecc       0x52 zephyr/drivers/gpio/libdrivers__gpio.a(gpio_stm32.c.obj)
 .text.gpio_stm32_configure_raw.isra.0
                0x0000000008002f1e      0x106 zephyr/drivers/gpio/libdrivers__gpio.a(gpio_stm32.c.obj)
 .text.gpio_stm32_config
                0x0000000008003024       0xd4 zephyr/drivers/gpio/libdrivers__gpio.a(gpio_stm32.c.obj)
 .text.gpio_stm32_isr
                0x00000000080030f8       0x2c zephyr/drivers/gpio/libdrivers__gpio.a(gpio_stm32.c.obj)
 .text.gpio_stm32_configure
                0x0000000008003124       0x2a zephyr/drivers/gpio/libdrivers__gpio.a(gpio_stm32.c.obj)
                0x0000000008003124                gpio_stm32_configure
 .text.pinctrl_lookup_state
                0x000000000800314e       0x26 zephyr/drivers/pinctrl/libdrivers__pinctrl.a(common.c.obj)
                0x000000000800314e                pinctrl_lookup_state
 .text.reset_stm32_status
                0x0000000008003174       0x20 zephyr/drivers/reset/libdrivers__reset.a(reset_stm32.c.obj)
 .text.reset_stm32_line_assert
                0x0000000008003194       0x1c zephyr/drivers/reset/libdrivers__reset.a(reset_stm32.c.obj)
 .text.reset_stm32_line_deassert
                0x00000000080031b0       0x1e zephyr/drivers/reset/libdrivers__reset.a(reset_stm32.c.obj)
 .text.reset_stm32_line_toggle
                0x00000000080031ce       0x16 zephyr/drivers/reset/libdrivers__reset.a(reset_stm32.c.obj)
 .text.uart_stm32_set_baudrate
                0x00000000080031e4       0x36 zephyr/drivers/serial/libdrivers__serial.a(uart_stm32.c.obj)
 .text.uart_stm32_ll2cfg_databits
                0x000000000800321a       0x2a zephyr/drivers/serial/libdrivers__serial.a(uart_stm32.c.obj)
 .text.uart_stm32_err_check
                0x0000000008003244       0x5a zephyr/drivers/serial/libdrivers__serial.a(uart_stm32.c.obj)
 .text.uart_stm32_poll_out
                0x000000000800329e       0x36 zephyr/drivers/serial/libdrivers__serial.a(uart_stm32.c.obj)
 .text.uart_stm32_poll_in
                0x00000000080032d4       0x20 zephyr/drivers/serial/libdrivers__serial.a(uart_stm32.c.obj)
 .text.uart_stm32_config_get
                0x00000000080032f4       0x92 zephyr/drivers/serial/libdrivers__serial.a(uart_stm32.c.obj)
 .text.z_device_state_init
                0x0000000008003386        0x2 zephyr/kernel/libkernel.a(device.c.obj)
                0x0000000008003386                z_device_state_init
 .text.z_impl_device_is_ready
                0x0000000008003388       0x16 zephyr/kernel/libkernel.a(device.c.obj)
                0x0000000008003388                z_impl_device_is_ready
 .text.arch_system_halt
                0x000000000800339e       0x10 zephyr/kernel/libkernel.a(fatal.c.obj)
                0x000000000800339e                arch_system_halt
 .text.k_sys_fatal_error_handler
                0x00000000080033ae        0x6 zephyr/kernel/libkernel.a(fatal.c.obj)
                0x00000000080033ae                k_sys_fatal_error_handler
 .text.do_device_init
                0x00000000080033b4       0x30 zephyr/kernel/libkernel.a(init.c.obj)
 .text.z_early_memset
                0x00000000080033e4        0x4 zephyr/kernel/libkernel.a(init.c.obj)
                0x00000000080033e4                z_early_memset
 .text.z_early_memcpy
                0x00000000080033e8        0x4 zephyr/kernel/libkernel.a(init.c.obj)
                0x00000000080033e8                z_early_memcpy
 .text.z_init_static
                0x00000000080033ec        0x2 zephyr/kernel/libkernel.a(init_static.c.obj)
                0x00000000080033ec                z_init_static
 .text.idle     0x00000000080033ee       0x16 zephyr/kernel/libkernel.a(idle.c.obj)
                0x00000000080033ee                idle
 .text.sys_dlist_remove
                0x0000000008003404       0x10 zephyr/kernel/libkernel.a(sched.c.obj)
 .text.unpend_thread_no_timeout
                0x0000000008003414       0x14 zephyr/kernel/libkernel.a(sched.c.obj)
 .text.z_ready_thread
                0x0000000008003428       0x1e zephyr/kernel/libkernel.a(sched.c.obj)
                0x0000000008003428                z_ready_thread
 .text.z_sched_wake_thread
                0x0000000008003446       0x3a zephyr/kernel/libkernel.a(sched.c.obj)
                0x0000000008003446                z_sched_wake_thread
 .text.z_thread_timeout
                0x0000000008003480        0x8 zephyr/kernel/libkernel.a(sched.c.obj)
                0x0000000008003480                z_thread_timeout
 .text.z_impl_k_sleep
                0x0000000008003488       0x32 zephyr/kernel/libkernel.a(sched.c.obj)
                0x0000000008003488                z_impl_k_sleep
 .text.next_timeout
                0x00000000080034ba       0x32 zephyr/kernel/libkernel.a(timeout.c.obj)
 .text.z_abort_timeout
                0x00000000080034ec       0x42 zephyr/kernel/libkernel.a(timeout.c.obj)
                0x00000000080034ec                z_abort_timeout
 .text.sys_clock_tick_get_32
                0x000000000800352e        0x8 zephyr/kernel/libkernel.a(timeout.c.obj)
                0x000000000800352e                sys_clock_tick_get_32
 .text.memcpy   0x0000000008003536       0x1c /home/hackerluca/zephyr-sdk-0.17.0/arm-zephyr-eabi/bin/../lib/gcc/../../picolibc/arm-zephyr-eabi/lib/thumb/v7e-m/nofp/libc.a(memcpy.c.o)
                0x0000000008003536                memcpy
                0x0000000008003536                __aeabi_memcpy
                0x0000000008003536                __aeabi_memcpy4
                0x0000000008003536                __aeabi_memcpy8
 .text.memset   0x0000000008003552       0x10 /home/hackerluca/zephyr-sdk-0.17.0/arm-zephyr-eabi/bin/../lib/gcc/../../picolibc/arm-zephyr-eabi/lib/thumb/v7e-m/nofp/libc.a(memset.c.o)
                0x0000000008003552                memset
 .text.strnlen  0x0000000008003562       0x18 /home/hackerluca/zephyr-sdk-0.17.0/arm-zephyr-eabi/bin/../lib/gcc/../../picolibc/arm-zephyr-eabi/lib/thumb/v7e-m/nofp/libc.a(libc_string_strnlen.c.o)
                0x0000000008003562                strnlen
 .text.__ultoa_invert
                0x000000000800357a       0xae /home/hackerluca/zephyr-sdk-0.17.0/arm-zephyr-eabi/bin/../lib/gcc/../../picolibc/arm-zephyr-eabi/lib/thumb/v7e-m/nofp/libc.a(libc_tinystdio_vflprintf.c.o)
 *(SORT_BY_ALIGNMENT(.TEXT.*))
 .TEXT.__aeabi_read_tp
                0x0000000008003628        0xc zephyr/arch/arch/arm/core/cortex_m/libarch__arm__core__cortex_m.a(__aeabi_read_tp.S.obj)
                0x0000000008003628                __aeabi_read_tp
 *(SORT_BY_ALIGNMENT(.gnu.linkonce.t.*))
 *(SORT_BY_ALIGNMENT(.glue_7t))
 .glue_7t       0x0000000008003634        0x0 linker stubs
 *(SORT_BY_ALIGNMENT(.glue_7))
 .glue_7        0x0000000008003634        0x0 linker stubs
 *(SORT_BY_ALIGNMENT(.vfp11_veneer))
 .vfp11_veneer  0x0000000008003634        0x0 linker stubs
 *(SORT_BY_ALIGNMENT(.v4_bx))
 .v4_bx         0x0000000008003634        0x0 linker stubs
                0x0000000008003634                . = ALIGN (0x4)
                0x0000000008003634                __text_region_end = .

.ARM.exidx      0x0000000008003634        0x8
                0x0000000008003634                __exidx_start = .
 *(SORT_BY_ALIGNMENT(.ARM.exidx*) SORT_BY_ALIGNMENT(gnu.linkonce.armexidx.*))
 .ARM.exidx     0x0000000008003634        0x8 /home/hackerluca/zephyr-sdk-0.17.0/arm-zephyr-eabi/bin/../lib/gcc/arm-zephyr-eabi/12.2.0/thumb/v7e-m/nofp/libgcc.a(_udivmoddi4.o)
                0x000000000800363c                __exidx_end = .
                0x000000000800363c                __rodata_region_start = .

initlevel       0x000000000800363c       0x60
                0x000000000800363c                __init_start = .
                0x000000000800363c                __init_EARLY_start = .
 *(SORT_BY_NAME(SORT_BY_ALIGNMENT(.z_init_EARLY?_*)))
 *(SORT_BY_NAME(SORT_BY_ALIGNMENT(.z_init_EARLY??_*)))
                0x000000000800363c                __init_PRE_KERNEL_1_start = .
 *(SORT_BY_NAME(SORT_BY_ALIGNMENT(.z_init_PRE_KERNEL_1?_*)))
 .z_init_PRE_KERNEL_11_00008_
                0x000000000800363c        0x8 zephyr/drivers/clock_control/libdrivers__clock_control.a(clock_stm32_ll_common.c.obj)
 .z_init_PRE_KERNEL_11_0_
                0x0000000008003644        0x8 zephyr/libzephyr.a(soc_config.c.obj)
 *(SORT_BY_NAME(SORT_BY_ALIGNMENT(.z_init_PRE_KERNEL_1??_*)))
 .z_init_PRE_KERNEL_135_00048_
                0x000000000800364c        0x8 zephyr/drivers/reset/libdrivers__reset.a(reset_stm32.c.obj)
 .z_init_PRE_KERNEL_140_00032_
                0x0000000008003654        0x8 zephyr/drivers/gpio/libdrivers__gpio.a(gpio_stm32.c.obj)
 .z_init_PRE_KERNEL_140_00044_
                0x000000000800365c        0x8 zephyr/drivers/interrupt_controller/libdrivers__interrupt_controller.a(intc_exti_stm32.c.obj)
 .z_init_PRE_KERNEL_140_00072_
                0x0000000008003664        0x8 zephyr/drivers/gpio/libdrivers__gpio.a(gpio_stm32.c.obj)
 .z_init_PRE_KERNEL_140_00073_
                0x000000000800366c        0x8 zephyr/drivers/gpio/libdrivers__gpio.a(gpio_stm32.c.obj)
 .z_init_PRE_KERNEL_140_00074_
                0x0000000008003674        0x8 zephyr/drivers/gpio/libdrivers__gpio.a(gpio_stm32.c.obj)
 .z_init_PRE_KERNEL_150_00049_
                0x000000000800367c        0x8 zephyr/drivers/serial/libdrivers__serial.a(uart_stm32.c.obj)
 .z_init_PRE_KERNEL_160_0_
                0x0000000008003684        0x8 zephyr/drivers/console/libdrivers__console.a(uart_console.c.obj)
                0x000000000800368c                __init_PRE_KERNEL_2_start = .
 *(SORT_BY_NAME(SORT_BY_ALIGNMENT(.z_init_PRE_KERNEL_2?_*)))
 .z_init_PRE_KERNEL_20_0_
                0x000000000800368c        0x8 zephyr/drivers/timer/libdrivers__timer.a(cortex_m_systick.c.obj)
 *(SORT_BY_NAME(SORT_BY_ALIGNMENT(.z_init_PRE_KERNEL_2??_*)))
                0x0000000008003694                __init_POST_KERNEL_start = .
 *(SORT_BY_NAME(SORT_BY_ALIGNMENT(.z_init_POST_KERNEL?_*)))
 *(SORT_BY_NAME(SORT_BY_ALIGNMENT(.z_init_POST_KERNEL??_*)))
 .z_init_POST_KERNEL35_0_
                0x0000000008003694        0x8 zephyr/lib/libc/common/liblib__libc__common.a(malloc.c.obj)
                0x000000000800369c                __init_APPLICATION_start = .
 *(SORT_BY_NAME(SORT_BY_ALIGNMENT(.z_init_APPLICATION?_*)))
 *(SORT_BY_NAME(SORT_BY_ALIGNMENT(.z_init_APPLICATION??_*)))
                0x000000000800369c                __init_SMP_start = .
 *(SORT_BY_NAME(SORT_BY_ALIGNMENT(.z_init_SMP?_*)))
 *(SORT_BY_NAME(SORT_BY_ALIGNMENT(.z_init_SMP??_*)))
                0x000000000800369c                __init_end = .
                0x000000000800369c                __deferred_init_list_start = .
 *(SORT_BY_ALIGNMENT(.z_deferred_init*))
                0x000000000800369c                __deferred_init_list_end = .

device_area     0x000000000800369c       0xa0
                0x000000000800369c                _device_list_start = .
 *(SORT_BY_NAME(SORT_BY_ALIGNMENT(._device.static.*_?_*)))
 ._device.static.1_1_
                0x000000000800369c       0x14 zephyr/drivers/clock_control/libdrivers__clock_control.a(clock_stm32_ll_common.c.obj)
                0x000000000800369c                __device_dts_ord_8
 *(SORT_BY_NAME(SORT_BY_ALIGNMENT(._device.static.*_??_*)))
 ._device.static.1_35_
                0x00000000080036b0       0x14 zephyr/drivers/reset/libdrivers__reset.a(reset_stm32.c.obj)
                0x00000000080036b0                __device_dts_ord_48
 ._device.static.1_40_
                0x00000000080036c4       0x14 zephyr/drivers/interrupt_controller/libdrivers__interrupt_controller.a(intc_exti_stm32.c.obj)
                0x00000000080036c4                __device_dts_ord_44
 ._device.static.1_40_
                0x00000000080036d8       0x50 zephyr/drivers/gpio/libdrivers__gpio.a(gpio_stm32.c.obj)
                0x00000000080036d8                __device_dts_ord_74
                0x00000000080036ec                __device_dts_ord_73
                0x0000000008003700                __device_dts_ord_32
                0x0000000008003714                __device_dts_ord_72
 ._device.static.1_50_
                0x0000000008003728       0x14 zephyr/drivers/serial/libdrivers__serial.a(uart_stm32.c.obj)
                0x0000000008003728                __device_dts_ord_49
 *(SORT_BY_NAME(SORT_BY_ALIGNMENT(._device.static.*_???_*)))
 *(SORT_BY_NAME(SORT_BY_ALIGNMENT(._device.static.*_????_*)))
 *(SORT_BY_NAME(SORT_BY_ALIGNMENT(._device.static.*_?????_*)))
                0x000000000800373c                _device_list_end = .

sw_isr_table    0x000000000800373c      0x298
                0x000000000800373c                . = ALIGN (0x4)
 *(SORT_BY_ALIGNMENT(.gnu.linkonce.sw_isr_table*))
 .gnu.linkonce.sw_isr_table
                0x000000000800373c      0x298 zephyr/CMakeFiles/zephyr_final.dir/isr_tables.c.obj
                0x000000000800373c                _sw_isr_table

initlevel_error
                0x000000000800363c        0x0
 *(SORT_BY_NAME(SORT_BY_ALIGNMENT(.z_init_[_A-Z0-9]*)))
                0x0000000000000001                ASSERT ((SIZEOF (initlevel_error) == 0x0), Undefined initialization levels used.)

app_shmem_regions
                0x00000000080039d4        0x0
                0x00000000080039d4                __app_shmem_regions_start = .
 *(SORT_BY_NAME(SORT_BY_ALIGNMENT(.app_regions.*)))
                0x00000000080039d4                __app_shmem_regions_end = .

k_p4wq_initparam_area
                0x00000000080039d4        0x0
                0x00000000080039d4                _k_p4wq_initparam_list_start = .
 *(SORT_BY_NAME(SORT_BY_ALIGNMENT(._k_p4wq_initparam.static.*)))
                0x00000000080039d4                _k_p4wq_initparam_list_end = .

_static_thread_data_area
                0x00000000080039d4        0x0
                0x00000000080039d4                __static_thread_data_list_start = .
 *(SORT_BY_NAME(SORT_BY_ALIGNMENT(.__static_thread_data.static.*)))
                0x00000000080039d4                __static_thread_data_list_end = .

device_deps     0x00000000080039d4        0x0
                0x00000000080039d4                __device_deps_start = .
 *(SORT_BY_NAME(SORT_BY_ALIGNMENT(.__device_deps_pass2*)))
                0x00000000080039d4                __device_deps_end = .

gpio_driver_api_area
                0x00000000080039d4       0x24
                0x00000000080039d4                _gpio_driver_api_list_start = .
 *(SORT_BY_NAME(SORT_BY_ALIGNMENT(._gpio_driver_api.static.*)))
 ._gpio_driver_api.static.gpio_stm32_driver_
                0x00000000080039d4       0x24 zephyr/drivers/gpio/libdrivers__gpio.a(gpio_stm32.c.obj)
                0x00000000080039f8                _gpio_driver_api_list_end = .

reset_driver_api_area
                0x00000000080039f8       0x10
                0x00000000080039f8                _reset_driver_api_list_start = .
 *(SORT_BY_NAME(SORT_BY_ALIGNMENT(._reset_driver_api.static.*)))
 ._reset_driver_api.static.reset_stm32_driver_api_
                0x00000000080039f8       0x10 zephyr/drivers/reset/libdrivers__reset.a(reset_stm32.c.obj)
                0x0000000008003a08                _reset_driver_api_list_end = .

shared_irq_driver_api_area
                0x0000000008003a08        0x0
                0x0000000008003a08                _shared_irq_driver_api_list_start = .
 *(SORT_BY_NAME(SORT_BY_ALIGNMENT(._shared_irq_driver_api.static.*)))
                0x0000000008003a08                _shared_irq_driver_api_list_end = .

crypto_driver_api_area
                0x0000000008003a08        0x0
                0x0000000008003a08                _crypto_driver_api_list_start = .
 *(SORT_BY_NAME(SORT_BY_ALIGNMENT(._crypto_driver_api.static.*)))
                0x0000000008003a08                _crypto_driver_api_list_end = .

adc_driver_api_area
                0x0000000008003a08        0x0
                0x0000000008003a08                _adc_driver_api_list_start = .
 *(SORT_BY_NAME(SORT_BY_ALIGNMENT(._adc_driver_api.static.*)))
                0x0000000008003a08                _adc_driver_api_list_end = .

auxdisplay_driver_api_area
                0x0000000008003a08        0x0
                0x0000000008003a08                _auxdisplay_driver_api_list_start = .
 *(SORT_BY_NAME(SORT_BY_ALIGNMENT(._auxdisplay_driver_api.static.*)))
                0x0000000008003a08                _auxdisplay_driver_api_list_end = .

bbram_driver_api_area
                0x0000000008003a08        0x0
                0x0000000008003a08                _bbram_driver_api_list_start = .
 *(SORT_BY_NAME(SORT_BY_ALIGNMENT(._bbram_driver_api.static.*)))
                0x0000000008003a08                _bbram_driver_api_list_end = .

bt_hci_driver_api_area
                0x0000000008003a08        0x0
                0x0000000008003a08                _bt_hci_driver_api_list_start = .
 *(SORT_BY_NAME(SORT_BY_ALIGNMENT(._bt_hci_driver_api.static.*)))
                0x0000000008003a08                _bt_hci_driver_api_list_end = .

can_driver_api_area
                0x0000000008003a08        0x0
                0x0000000008003a08                _can_driver_api_list_start = .
 *(SORT_BY_NAME(SORT_BY_ALIGNMENT(._can_driver_api.static.*)))
                0x0000000008003a08                _can_driver_api_list_end = .

cellular_driver_api_area
                0x0000000008003a08        0x0
                0x0000000008003a08                _cellular_driver_api_list_start = .
 *(SORT_BY_NAME(SORT_BY_ALIGNMENT(._cellular_driver_api.static.*)))
                0x0000000008003a08                _cellular_driver_api_list_end = .

charger_driver_api_area
                0x0000000008003a08        0x0
                0x0000000008003a08                _charger_driver_api_list_start = .
 *(SORT_BY_NAME(SORT_BY_ALIGNMENT(._charger_driver_api.static.*)))
                0x0000000008003a08                _charger_driver_api_list_end = .

clock_control_driver_api_area
                0x0000000008003a08       0x1c
                0x0000000008003a08                _clock_control_driver_api_list_start = .
 *(SORT_BY_NAME(SORT_BY_ALIGNMENT(._clock_control_driver_api.static.*)))
 ._clock_control_driver_api.static.stm32_clock_control_api_
                0x0000000008003a08       0x1c zephyr/drivers/clock_control/libdrivers__clock_control.a(clock_stm32_ll_common.c.obj)
                0x0000000008003a24                _clock_control_driver_api_list_end = .

comparator_driver_api_area
                0x0000000008003a24        0x0
                0x0000000008003a24                _comparator_driver_api_list_start = .
 *(SORT_BY_NAME(SORT_BY_ALIGNMENT(._comparator_driver_api.static.*)))
                0x0000000008003a24                _comparator_driver_api_list_end = .

coredump_driver_api_area
                0x0000000008003a24        0x0
                0x0000000008003a24                _coredump_driver_api_list_start = .
 *(SORT_BY_NAME(SORT_BY_ALIGNMENT(._coredump_driver_api.static.*)))
                0x0000000008003a24                _coredump_driver_api_list_end = .

counter_driver_api_area
                0x0000000008003a24        0x0
                0x0000000008003a24                _counter_driver_api_list_start = .
 *(SORT_BY_NAME(SORT_BY_ALIGNMENT(._counter_driver_api.static.*)))
                0x0000000008003a24                _counter_driver_api_list_end = .

dac_driver_api_area
                0x0000000008003a24        0x0
                0x0000000008003a24                _dac_driver_api_list_start = .
 *(SORT_BY_NAME(SORT_BY_ALIGNMENT(._dac_driver_api.static.*)))
                0x0000000008003a24                _dac_driver_api_list_end = .

dai_driver_api_area
                0x0000000008003a24        0x0
                0x0000000008003a24                _dai_driver_api_list_start = .
 *(SORT_BY_NAME(SORT_BY_ALIGNMENT(._dai_driver_api.static.*)))
                0x0000000008003a24                _dai_driver_api_list_end = .

display_driver_api_area
                0x0000000008003a24        0x0
                0x0000000008003a24                _display_driver_api_list_start = .
 *(SORT_BY_NAME(SORT_BY_ALIGNMENT(._display_driver_api.static.*)))
                0x0000000008003a24                _display_driver_api_list_end = .

dma_driver_api_area
                0x0000000008003a24        0x0
                0x0000000008003a24                _dma_driver_api_list_start = .
 *(SORT_BY_NAME(SORT_BY_ALIGNMENT(._dma_driver_api.static.*)))
                0x0000000008003a24                _dma_driver_api_list_end = .

edac_driver_api_area
                0x0000000008003a24        0x0
                0x0000000008003a24                _edac_driver_api_list_start = .
 *(SORT_BY_NAME(SORT_BY_ALIGNMENT(._edac_driver_api.static.*)))
                0x0000000008003a24                _edac_driver_api_list_end = .

eeprom_driver_api_area
                0x0000000008003a24        0x0
                0x0000000008003a24                _eeprom_driver_api_list_start = .
 *(SORT_BY_NAME(SORT_BY_ALIGNMENT(._eeprom_driver_api.static.*)))
                0x0000000008003a24                _eeprom_driver_api_list_end = .

emul_bbram_driver_api_area
                0x0000000008003a24        0x0
                0x0000000008003a24                _emul_bbram_driver_api_list_start = .
 *(SORT_BY_NAME(SORT_BY_ALIGNMENT(._emul_bbram_driver_api.static.*)))
                0x0000000008003a24                _emul_bbram_driver_api_list_end = .

fuel_gauge_emul_driver_api_area
                0x0000000008003a24        0x0
                0x0000000008003a24                _fuel_gauge_emul_driver_api_list_start = .
 *(SORT_BY_NAME(SORT_BY_ALIGNMENT(._fuel_gauge_emul_driver_api.static.*)))
                0x0000000008003a24                _fuel_gauge_emul_driver_api_list_end = .

emul_sensor_driver_api_area
                0x0000000008003a24        0x0
                0x0000000008003a24                _emul_sensor_driver_api_list_start = .
 *(SORT_BY_NAME(SORT_BY_ALIGNMENT(._emul_sensor_driver_api.static.*)))
                0x0000000008003a24                _emul_sensor_driver_api_list_end = .

entropy_driver_api_area
                0x0000000008003a24        0x0
                0x0000000008003a24                _entropy_driver_api_list_start = .
 *(SORT_BY_NAME(SORT_BY_ALIGNMENT(._entropy_driver_api.static.*)))
                0x0000000008003a24                _entropy_driver_api_list_end = .

espi_driver_api_area
                0x0000000008003a24        0x0
                0x0000000008003a24                _espi_driver_api_list_start = .
 *(SORT_BY_NAME(SORT_BY_ALIGNMENT(._espi_driver_api.static.*)))
                0x0000000008003a24                _espi_driver_api_list_end = .

espi_saf_driver_api_area
                0x0000000008003a24        0x0
                0x0000000008003a24                _espi_saf_driver_api_list_start = .
 *(SORT_BY_NAME(SORT_BY_ALIGNMENT(._espi_saf_driver_api.static.*)))
                0x0000000008003a24                _espi_saf_driver_api_list_end = .

flash_driver_api_area
                0x0000000008003a24        0x0
                0x0000000008003a24                _flash_driver_api_list_start = .
 *(SORT_BY_NAME(SORT_BY_ALIGNMENT(._flash_driver_api.static.*)))
                0x0000000008003a24                _flash_driver_api_list_end = .

fpga_driver_api_area
                0x0000000008003a24        0x0
                0x0000000008003a24                _fpga_driver_api_list_start = .
 *(SORT_BY_NAME(SORT_BY_ALIGNMENT(._fpga_driver_api.static.*)))
                0x0000000008003a24                _fpga_driver_api_list_end = .

fuel_gauge_driver_api_area
                0x0000000008003a24        0x0
                0x0000000008003a24                _fuel_gauge_driver_api_list_start = .
 *(SORT_BY_NAME(SORT_BY_ALIGNMENT(._fuel_gauge_driver_api.static.*)))
                0x0000000008003a24                _fuel_gauge_driver_api_list_end = .

gnss_driver_api_area
                0x0000000008003a24        0x0
                0x0000000008003a24                _gnss_driver_api_list_start = .
 *(SORT_BY_NAME(SORT_BY_ALIGNMENT(._gnss_driver_api.static.*)))
                0x0000000008003a24                _gnss_driver_api_list_end = .

haptics_driver_api_area
                0x0000000008003a24        0x0
                0x0000000008003a24                _haptics_driver_api_list_start = .
 *(SORT_BY_NAME(SORT_BY_ALIGNMENT(._haptics_driver_api.static.*)))
                0x0000000008003a24                _haptics_driver_api_list_end = .

hwspinlock_driver_api_area
                0x0000000008003a24        0x0
                0x0000000008003a24                _hwspinlock_driver_api_list_start = .
 *(SORT_BY_NAME(SORT_BY_ALIGNMENT(._hwspinlock_driver_api.static.*)))
                0x0000000008003a24                _hwspinlock_driver_api_list_end = .

i2c_driver_api_area
                0x0000000008003a24        0x0
                0x0000000008003a24                _i2c_driver_api_list_start = .
 *(SORT_BY_NAME(SORT_BY_ALIGNMENT(._i2c_driver_api.static.*)))
                0x0000000008003a24                _i2c_driver_api_list_end = .

i2c_target_driver_api_area
                0x0000000008003a24        0x0
                0x0000000008003a24                _i2c_target_driver_api_list_start = .
 *(SORT_BY_NAME(SORT_BY_ALIGNMENT(._i2c_target_driver_api.static.*)))
                0x0000000008003a24                _i2c_target_driver_api_list_end = .

i2s_driver_api_area
                0x0000000008003a24        0x0
                0x0000000008003a24                _i2s_driver_api_list_start = .
 *(SORT_BY_NAME(SORT_BY_ALIGNMENT(._i2s_driver_api.static.*)))
                0x0000000008003a24                _i2s_driver_api_list_end = .

i3c_driver_api_area
                0x0000000008003a24        0x0
                0x0000000008003a24                _i3c_driver_api_list_start = .
 *(SORT_BY_NAME(SORT_BY_ALIGNMENT(._i3c_driver_api.static.*)))
                0x0000000008003a24                _i3c_driver_api_list_end = .

ipm_driver_api_area
                0x0000000008003a24        0x0
                0x0000000008003a24                _ipm_driver_api_list_start = .
 *(SORT_BY_NAME(SORT_BY_ALIGNMENT(._ipm_driver_api.static.*)))
                0x0000000008003a24                _ipm_driver_api_list_end = .

kscan_driver_api_area
                0x0000000008003a24        0x0
                0x0000000008003a24                _kscan_driver_api_list_start = .
 *(SORT_BY_NAME(SORT_BY_ALIGNMENT(._kscan_driver_api.static.*)))
                0x0000000008003a24                _kscan_driver_api_list_end = .

led_driver_api_area
                0x0000000008003a24        0x0
                0x0000000008003a24                _led_driver_api_list_start = .
 *(SORT_BY_NAME(SORT_BY_ALIGNMENT(._led_driver_api.static.*)))
                0x0000000008003a24                _led_driver_api_list_end = .

led_strip_driver_api_area
                0x0000000008003a24        0x0
                0x0000000008003a24                _led_strip_driver_api_list_start = .
 *(SORT_BY_NAME(SORT_BY_ALIGNMENT(._led_strip_driver_api.static.*)))
                0x0000000008003a24                _led_strip_driver_api_list_end = .

lora_driver_api_area
                0x0000000008003a24        0x0
                0x0000000008003a24                _lora_driver_api_list_start = .
 *(SORT_BY_NAME(SORT_BY_ALIGNMENT(._lora_driver_api.static.*)))
                0x0000000008003a24                _lora_driver_api_list_end = .

mbox_driver_api_area
                0x0000000008003a24        0x0
                0x0000000008003a24                _mbox_driver_api_list_start = .
 *(SORT_BY_NAME(SORT_BY_ALIGNMENT(._mbox_driver_api.static.*)))
                0x0000000008003a24                _mbox_driver_api_list_end = .

mdio_driver_api_area
                0x0000000008003a24        0x0
                0x0000000008003a24                _mdio_driver_api_list_start = .
 *(SORT_BY_NAME(SORT_BY_ALIGNMENT(._mdio_driver_api.static.*)))
                0x0000000008003a24                _mdio_driver_api_list_end = .

mipi_dbi_driver_api_area
                0x0000000008003a24        0x0
                0x0000000008003a24                _mipi_dbi_driver_api_list_start = .
 *(SORT_BY_NAME(SORT_BY_ALIGNMENT(._mipi_dbi_driver_api.static.*)))
                0x0000000008003a24                _mipi_dbi_driver_api_list_end = .

mipi_dsi_driver_api_area
                0x0000000008003a24        0x0
                0x0000000008003a24                _mipi_dsi_driver_api_list_start = .
 *(SORT_BY_NAME(SORT_BY_ALIGNMENT(._mipi_dsi_driver_api.static.*)))
                0x0000000008003a24                _mipi_dsi_driver_api_list_end = .

mspi_driver_api_area
                0x0000000008003a24        0x0
                0x0000000008003a24                _mspi_driver_api_list_start = .
 *(SORT_BY_NAME(SORT_BY_ALIGNMENT(._mspi_driver_api.static.*)))
                0x0000000008003a24                _mspi_driver_api_list_end = .

peci_driver_api_area
                0x0000000008003a24        0x0
                0x0000000008003a24                _peci_driver_api_list_start = .
 *(SORT_BY_NAME(SORT_BY_ALIGNMENT(._peci_driver_api.static.*)))
                0x0000000008003a24                _peci_driver_api_list_end = .

ps2_driver_api_area
                0x0000000008003a24        0x0
                0x0000000008003a24                _ps2_driver_api_list_start = .
 *(SORT_BY_NAME(SORT_BY_ALIGNMENT(._ps2_driver_api.static.*)))
                0x0000000008003a24                _ps2_driver_api_list_end = .

ptp_clock_driver_api_area
                0x0000000008003a24        0x0
                0x0000000008003a24                _ptp_clock_driver_api_list_start = .
 *(SORT_BY_NAME(SORT_BY_ALIGNMENT(._ptp_clock_driver_api.static.*)))
                0x0000000008003a24                _ptp_clock_driver_api_list_end = .

pwm_driver_api_area
                0x0000000008003a24        0x0
                0x0000000008003a24                _pwm_driver_api_list_start = .
 *(SORT_BY_NAME(SORT_BY_ALIGNMENT(._pwm_driver_api.static.*)))
                0x0000000008003a24                _pwm_driver_api_list_end = .

regulator_parent_driver_api_area
                0x0000000008003a24        0x0
                0x0000000008003a24                _regulator_parent_driver_api_list_start = .
 *(SORT_BY_NAME(SORT_BY_ALIGNMENT(._regulator_parent_driver_api.static.*)))
                0x0000000008003a24                _regulator_parent_driver_api_list_end = .

regulator_driver_api_area
                0x0000000008003a24        0x0
                0x0000000008003a24                _regulator_driver_api_list_start = .
 *(SORT_BY_NAME(SORT_BY_ALIGNMENT(._regulator_driver_api.static.*)))
                0x0000000008003a24                _regulator_driver_api_list_end = .

retained_mem_driver_api_area
                0x0000000008003a24        0x0
                0x0000000008003a24                _retained_mem_driver_api_list_start = .
 *(SORT_BY_NAME(SORT_BY_ALIGNMENT(._retained_mem_driver_api.static.*)))
                0x0000000008003a24                _retained_mem_driver_api_list_end = .

rtc_driver_api_area
                0x0000000008003a24        0x0
                0x0000000008003a24                _rtc_driver_api_list_start = .
 *(SORT_BY_NAME(SORT_BY_ALIGNMENT(._rtc_driver_api.static.*)))
                0x0000000008003a24                _rtc_driver_api_list_end = .

sdhc_driver_api_area
                0x0000000008003a24        0x0
                0x0000000008003a24                _sdhc_driver_api_list_start = .
 *(SORT_BY_NAME(SORT_BY_ALIGNMENT(._sdhc_driver_api.static.*)))
                0x0000000008003a24                _sdhc_driver_api_list_end = .

sensor_driver_api_area
                0x0000000008003a24        0x0
                0x0000000008003a24                _sensor_driver_api_list_start = .
 *(SORT_BY_NAME(SORT_BY_ALIGNMENT(._sensor_driver_api.static.*)))
                0x0000000008003a24                _sensor_driver_api_list_end = .

smbus_driver_api_area
                0x0000000008003a24        0x0
                0x0000000008003a24                _smbus_driver_api_list_start = .
 *(SORT_BY_NAME(SORT_BY_ALIGNMENT(._smbus_driver_api.static.*)))
                0x0000000008003a24                _smbus_driver_api_list_end = .

spi_driver_api_area
                0x0000000008003a24        0x0
                0x0000000008003a24                _spi_driver_api_list_start = .
 *(SORT_BY_NAME(SORT_BY_ALIGNMENT(._spi_driver_api.static.*)))
                0x0000000008003a24                _spi_driver_api_list_end = .

stepper_driver_api_area
                0x0000000008003a24        0x0
                0x0000000008003a24                _stepper_driver_api_list_start = .
 *(SORT_BY_NAME(SORT_BY_ALIGNMENT(._stepper_driver_api.static.*)))
                0x0000000008003a24                _stepper_driver_api_list_end = .

syscon_driver_api_area
                0x0000000008003a24        0x0
                0x0000000008003a24                _syscon_driver_api_list_start = .
 *(SORT_BY_NAME(SORT_BY_ALIGNMENT(._syscon_driver_api.static.*)))
                0x0000000008003a24                _syscon_driver_api_list_end = .

tee_driver_api_area
                0x0000000008003a24        0x0
                0x0000000008003a24                _tee_driver_api_list_start = .
 *(SORT_BY_NAME(SORT_BY_ALIGNMENT(._tee_driver_api.static.*)))
                0x0000000008003a24                _tee_driver_api_list_end = .

video_driver_api_area
                0x0000000008003a24        0x0
                0x0000000008003a24                _video_driver_api_list_start = .
 *(SORT_BY_NAME(SORT_BY_ALIGNMENT(._video_driver_api.static.*)))
                0x0000000008003a24                _video_driver_api_list_end = .

w1_driver_api_area
                0x0000000008003a24        0x0
                0x0000000008003a24                _w1_driver_api_list_start = .
 *(SORT_BY_NAME(SORT_BY_ALIGNMENT(._w1_driver_api.static.*)))
                0x0000000008003a24                _w1_driver_api_list_end = .

wdt_driver_api_area
                0x0000000008003a24        0x0
                0x0000000008003a24                _wdt_driver_api_list_start = .
 *(SORT_BY_NAME(SORT_BY_ALIGNMENT(._wdt_driver_api.static.*)))
                0x0000000008003a24                _wdt_driver_api_list_end = .

can_transceiver_driver_api_area
                0x0000000008003a24        0x0
                0x0000000008003a24                _can_transceiver_driver_api_list_start = .
 *(SORT_BY_NAME(SORT_BY_ALIGNMENT(._can_transceiver_driver_api.static.*)))
                0x0000000008003a24                _can_transceiver_driver_api_list_end = .

nrf_clock_control_driver_api_area
                0x0000000008003a24        0x0
                0x0000000008003a24                _nrf_clock_control_driver_api_list_start = .
 *(SORT_BY_NAME(SORT_BY_ALIGNMENT(._nrf_clock_control_driver_api.static.*)))
                0x0000000008003a24                _nrf_clock_control_driver_api_list_end = .

i3c_target_driver_api_area
                0x0000000008003a24        0x0
                0x0000000008003a24                _i3c_target_driver_api_list_start = .
 *(SORT_BY_NAME(SORT_BY_ALIGNMENT(._i3c_target_driver_api.static.*)))
                0x0000000008003a24                _i3c_target_driver_api_list_end = .

its_driver_api_area
                0x0000000008003a24        0x0
                0x0000000008003a24                _its_driver_api_list_start = .
 *(SORT_BY_NAME(SORT_BY_ALIGNMENT(._its_driver_api.static.*)))
                0x0000000008003a24                _its_driver_api_list_end = .

vtd_driver_api_area
                0x0000000008003a24        0x0
                0x0000000008003a24                _vtd_driver_api_list_start = .
 *(SORT_BY_NAME(SORT_BY_ALIGNMENT(._vtd_driver_api.static.*)))
                0x0000000008003a24                _vtd_driver_api_list_end = .

tgpio_driver_api_area
                0x0000000008003a24        0x0
                0x0000000008003a24                _tgpio_driver_api_list_start = .
 *(SORT_BY_NAME(SORT_BY_ALIGNMENT(._tgpio_driver_api.static.*)))
                0x0000000008003a24                _tgpio_driver_api_list_end = .

pcie_ctrl_driver_api_area
                0x0000000008003a24        0x0
                0x0000000008003a24                _pcie_ctrl_driver_api_list_start = .
 *(SORT_BY_NAME(SORT_BY_ALIGNMENT(._pcie_ctrl_driver_api.static.*)))
                0x0000000008003a24                _pcie_ctrl_driver_api_list_end = .

pcie_ep_driver_api_area
                0x0000000008003a24        0x0
                0x0000000008003a24                _pcie_ep_driver_api_list_start = .
 *(SORT_BY_NAME(SORT_BY_ALIGNMENT(._pcie_ep_driver_api.static.*)))
                0x0000000008003a24                _pcie_ep_driver_api_list_end = .

svc_driver_api_area
                0x0000000008003a24        0x0
                0x0000000008003a24                _svc_driver_api_list_start = .
 *(SORT_BY_NAME(SORT_BY_ALIGNMENT(._svc_driver_api.static.*)))
                0x0000000008003a24                _svc_driver_api_list_end = .

uart_driver_api_area
                0x0000000008003a24       0x14
                0x0000000008003a24                _uart_driver_api_list_start = .
 *(SORT_BY_NAME(SORT_BY_ALIGNMENT(._uart_driver_api.static.*)))
 ._uart_driver_api.static.uart_stm32_driver_api_
                0x0000000008003a24       0x14 zephyr/drivers/serial/libdrivers__serial.a(uart_stm32.c.obj)
                0x0000000008003a38                _uart_driver_api_list_end = .

bc12_emul_driver_api_area
                0x0000000008003a38        0x0
                0x0000000008003a38                _bc12_emul_driver_api_list_start = .
 *(SORT_BY_NAME(SORT_BY_ALIGNMENT(._bc12_emul_driver_api.static.*)))
                0x0000000008003a38                _bc12_emul_driver_api_list_end = .

bc12_driver_api_area
                0x0000000008003a38        0x0
                0x0000000008003a38                _bc12_driver_api_list_start = .
 *(SORT_BY_NAME(SORT_BY_ALIGNMENT(._bc12_driver_api.static.*)))
                0x0000000008003a38                _bc12_driver_api_list_end = .

usbc_ppc_driver_api_area
                0x0000000008003a38        0x0
                0x0000000008003a38                _usbc_ppc_driver_api_list_start = .
 *(SORT_BY_NAME(SORT_BY_ALIGNMENT(._usbc_ppc_driver_api.static.*)))
                0x0000000008003a38                _usbc_ppc_driver_api_list_end = .

tcpc_driver_api_area
                0x0000000008003a38        0x0
                0x0000000008003a38                _tcpc_driver_api_list_start = .
 *(SORT_BY_NAME(SORT_BY_ALIGNMENT(._tcpc_driver_api.static.*)))
                0x0000000008003a38                _tcpc_driver_api_list_end = .

usbc_vbus_driver_api_area
                0x0000000008003a38        0x0
                0x0000000008003a38                _usbc_vbus_driver_api_list_start = .
 *(SORT_BY_NAME(SORT_BY_ALIGNMENT(._usbc_vbus_driver_api.static.*)))
                0x0000000008003a38                _usbc_vbus_driver_api_list_end = .

ivshmem_driver_api_area
                0x0000000008003a38        0x0
                0x0000000008003a38                _ivshmem_driver_api_list_start = .
 *(SORT_BY_NAME(SORT_BY_ALIGNMENT(._ivshmem_driver_api.static.*)))
                0x0000000008003a38                _ivshmem_driver_api_list_end = .

ethphy_driver_api_area
                0x0000000008003a38        0x0
                0x0000000008003a38                _ethphy_driver_api_list_start = .
 *(SORT_BY_NAME(SORT_BY_ALIGNMENT(._ethphy_driver_api.static.*)))
                0x0000000008003a38                _ethphy_driver_api_list_end = .

ztest           0x0000000008003a38        0x0
                0x0000000008003a38                _ztest_expected_result_entry_list_start = .
 *(SORT_BY_NAME(SORT_BY_ALIGNMENT(._ztest_expected_result_entry.static.*)))
                0x0000000008003a38                _ztest_expected_result_entry_list_end = .
                0x0000000008003a38                _ztest_suite_node_list_start = .
 *(SORT_BY_NAME(SORT_BY_ALIGNMENT(._ztest_suite_node.static.*)))
                0x0000000008003a38                _ztest_suite_node_list_end = .
                0x0000000008003a38                _ztest_unit_test_list_start = .
 *(SORT_BY_NAME(SORT_BY_ALIGNMENT(._ztest_unit_test.static.*)))
                0x0000000008003a38                _ztest_unit_test_list_end = .
                0x0000000008003a38                _ztest_test_rule_list_start = .
 *(SORT_BY_NAME(SORT_BY_ALIGNMENT(._ztest_test_rule.static.*)))
                0x0000000008003a38                _ztest_test_rule_list_end = .

init_array      0x0000000008003a38        0x0
 *(SORT_BY_NAME(SORT_BY_ALIGNMENT(.ctors*)))
 *(SORT_BY_NAME(SORT_BY_ALIGNMENT(.init_array*)))
                0x0000000000000001                ASSERT ((SIZEOF (init_array) == 0x0), GNU-style constructors required but STATIC_INIT_GNU not enabled)

bt_l2cap_fixed_chan_area
                0x0000000008003a38        0x0
                0x0000000008003a38                _bt_l2cap_fixed_chan_list_start = .
 *(SORT_BY_NAME(SORT_BY_ALIGNMENT(._bt_l2cap_fixed_chan.static.*)))
                0x0000000008003a38                _bt_l2cap_fixed_chan_list_end = .

bt_gatt_service_static_area
                0x0000000008003a38        0x0
                0x0000000008003a38                _bt_gatt_service_static_list_start = .
 *(SORT_BY_NAME(SORT_BY_ALIGNMENT(._bt_gatt_service_static.static.*)))
                0x0000000008003a38                _bt_gatt_service_static_list_end = .

log_strings_area
                0x0000000008003a38        0x0
                0x0000000008003a38                _log_strings_list_start = .
 *(SORT_BY_NAME(SORT_BY_ALIGNMENT(._log_strings.static.*)))
                0x0000000008003a38                _log_strings_list_end = .

log_stmesp_ptr_area
                0x0000000008003a38        0x0
                0x0000000008003a38                _log_stmesp_ptr_list_start = .
 *(SORT_BY_NAME(SORT_BY_ALIGNMENT(._log_stmesp_ptr.static.*)))
                0x0000000008003a38                _log_stmesp_ptr_list_end = .

log_stmesp_str_area
                0x0000000008003a38        0x0
                0x0000000008003a38                _log_stmesp_str_list_start = .
 *(SORT_BY_NAME(SORT_BY_ALIGNMENT(._log_stmesp_str.static.*)))
                0x0000000008003a38                _log_stmesp_str_list_end = .

log_const_area  0x0000000008003a38        0x0
                0x0000000008003a38                _log_const_list_start = .
 *(SORT_BY_NAME(SORT_BY_ALIGNMENT(._log_const.static.*)))
                0x0000000008003a38                _log_const_list_end = .

log_backend_area
                0x0000000008003a38        0x0
                0x0000000008003a38                _log_backend_list_start = .
 *(SORT_BY_NAME(SORT_BY_ALIGNMENT(._log_backend.static.*)))
                0x0000000008003a38                _log_backend_list_end = .

log_link_area   0x0000000008003a38        0x0
                0x0000000008003a38                _log_link_list_start = .
 *(SORT_BY_NAME(SORT_BY_ALIGNMENT(._log_link.static.*)))
                0x0000000008003a38                _log_link_list_end = .

tracing_backend_area
                0x0000000008003a38        0x0
                0x0000000008003a38                _tracing_backend_list_start = .
 *(SORT_BY_NAME(SORT_BY_ALIGNMENT(._tracing_backend.static.*)))
                0x0000000008003a38                _tracing_backend_list_end = .

zephyr_dbg_info
 *(SORT_BY_ALIGNMENT(.dbg_thread_info))

intc_table_area
                0x0000000008003a38        0x0
                0x0000000008003a38                _intc_table_list_start = .
 *(SORT_BY_NAME(SORT_BY_ALIGNMENT(._intc_table.static.*)))
                0x0000000008003a38                _intc_table_list_end = .

symbol_to_keep  0x0000000008003a38        0x0
                0x0000000008003a38                __symbol_to_keep_start = .
 *(SORT_BY_NAME(SORT_BY_ALIGNMENT(.symbol_to_keep*)))
                0x0000000008003a38                __symbol_to_keep_end = .

shell_area      0x0000000008003a38        0x0
                0x0000000008003a38                _shell_list_start = .
 *(SORT_BY_NAME(SORT_BY_ALIGNMENT(._shell.static.*)))
                0x0000000008003a38                _shell_list_end = .

shell_root_cmds_area
                0x0000000008003a38        0x0
                0x0000000008003a38                _shell_root_cmds_list_start = .
 *(SORT_BY_NAME(SORT_BY_ALIGNMENT(._shell_root_cmds.static.*)))
                0x0000000008003a38                _shell_root_cmds_list_end = .

shell_subcmds_area
                0x0000000008003a38        0x0
                0x0000000008003a38                _shell_subcmds_list_start = .
 *(SORT_BY_NAME(SORT_BY_ALIGNMENT(._shell_subcmds.static.*)))
                0x0000000008003a38                _shell_subcmds_list_end = .

shell_dynamic_subcmds_area
                0x0000000008003a38        0x0
                0x0000000008003a38                _shell_dynamic_subcmds_list_start = .
 *(SORT_BY_NAME(SORT_BY_ALIGNMENT(._shell_dynamic_subcmds.static.*)))
                0x0000000008003a38                _shell_dynamic_subcmds_list_end = .

cfb_font_area   0x0000000008003a38        0x0
                0x0000000008003a38                _cfb_font_list_start = .
 *(SORT_BY_NAME(SORT_BY_ALIGNMENT(._cfb_font.static.*)))
                0x0000000008003a38                _cfb_font_list_end = .

tdata           0x0000000008003a38        0x0
 *(SORT_BY_ALIGNMENT(.tdata) SORT_BY_ALIGNMENT(.tdata.*) SORT_BY_ALIGNMENT(.gnu.linkonce.td.*))

tbss            0x0000000008003a38        0x4
 *(SORT_BY_ALIGNMENT(.tbss) SORT_BY_ALIGNMENT(.tbss.*) SORT_BY_ALIGNMENT(.gnu.linkonce.tb.*) SORT_BY_ALIGNMENT(.tcommon))
 .tbss.z_tls_current
                0x0000000008003a38        0x4 zephyr/libzephyr.a(thread_entry.c.obj)
                0x0000000008003a38                z_tls_current
                0x0000000008003a38                PROVIDE (__tdata_start = LOADADDR (tdata))
                0x0000000000000001                PROVIDE (__tdata_align = ALIGNOF (tdata))
                0x0000000000000000                PROVIDE (__tdata_size = (((SIZEOF (tdata) + __tdata_align) - 0x1) & ~ ((__tdata_align - 0x1))))
                [!provide]                        PROVIDE (__tdata_end = (__tdata_start + __tdata_size))
                0x0000000000000004                PROVIDE (__tbss_align = ALIGNOF (tbss))
                [!provide]                        PROVIDE (__tbss_start = ADDR (tbss))
                0x0000000000000004                PROVIDE (__tbss_size = (((SIZEOF (tbss) + __tbss_align) - 0x1) & ~ ((__tbss_align - 0x1))))
                [!provide]                        PROVIDE (__tbss_end = (__tbss_start + __tbss_size))
                [!provide]                        PROVIDE (__tls_start = __tdata_start)
                [!provide]                        PROVIDE (__tls_end = __tbss_end)
                [!provide]                        PROVIDE (__tls_size = (__tbss_end - __tdata_start))

rodata          0x0000000008003a38      0x27c
 *(SORT_BY_ALIGNMENT(.rodata))
 *(SORT_BY_ALIGNMENT(.rodata.*))
 .rodata.mem_attr_region
                0x0000000008003a38        0x0 zephyr/libzephyr.a(mem_attr.c.obj)
 .rodata.static_regions
                0x0000000008003a38        0xc zephyr/arch/arch/arm/core/mpu/libarch__arm__core__mpu.a(arm_core_mpu.c.obj)
 .rodata.mpu_config
                0x0000000008003a44        0x8 zephyr/arch/arch/arm/core/mpu/libarch__arm__core__mpu.a(arm_mpu_regions.c.obj)
                0x0000000008003a44                mpu_config
 .rodata.mpu_regions
                0x0000000008003a4c       0x18 zephyr/arch/arch/arm/core/mpu/libarch__arm__core__mpu.a(arm_mpu_regions.c.obj)
 .rodata.stdout
                0x0000000008003a64        0x4 zephyr/lib/libc/picolibc/liblib__libc__picolibc.a(stdio.c.obj)
                0x0000000008003a64                stdout
                0x0000000008003a64                stderr
 .rodata.gpio_stm32_cfg_h
                0x0000000008003a68       0x14 zephyr/drivers/gpio/libdrivers__gpio.a(gpio_stm32.c.obj)
 .rodata.gpio_stm32_cfg_c
                0x0000000008003a7c       0x14 zephyr/drivers/gpio/libdrivers__gpio.a(gpio_stm32.c.obj)
 .rodata.gpio_stm32_cfg_b
                0x0000000008003a90       0x14 zephyr/drivers/gpio/libdrivers__gpio.a(gpio_stm32.c.obj)
 .rodata.gpio_stm32_cfg_a
                0x0000000008003aa4       0x14 zephyr/drivers/gpio/libdrivers__gpio.a(gpio_stm32.c.obj)
 .rodata.gpio_ports
                0x0000000008003ab8       0x44 zephyr/drivers/pinctrl/libdrivers__pinctrl.a(pinctrl_stm32.c.obj)
 .rodata.reset_stm32_config
                0x0000000008003afc        0x4 zephyr/drivers/reset/libdrivers__reset.a(reset_stm32.c.obj)
 .rodata.uart_stm32_cfg_0
                0x0000000008003b00       0x24 zephyr/drivers/serial/libdrivers__serial.a(uart_stm32.c.obj)
 .rodata.pclken_0
                0x0000000008003b24        0x8 zephyr/drivers/serial/libdrivers__serial.a(uart_stm32.c.obj)
 .rodata.__pinctrl_dev_config__device_dts_ord_49
                0x0000000008003b2c        0x8 zephyr/drivers/serial/libdrivers__serial.a(uart_stm32.c.obj)
 .rodata.__pinctrl_states__device_dts_ord_49
                0x0000000008003b34        0x8 zephyr/drivers/serial/libdrivers__serial.a(uart_stm32.c.obj)
 .rodata.__pinctrl_state_pins_0__device_dts_ord_49
                0x0000000008003b3c       0x10 zephyr/drivers/serial/libdrivers__serial.a(uart_stm32.c.obj)
 .rodata.MSIRangeTable
                0x0000000008003b4c       0x30 modules/hal_stm32/stm32cube/lib..__modules__hal__stm32__stm32cube.a(system_stm32l4xx.c.obj)
                0x0000000008003b4c                MSIRangeTable
 .rodata.levels.0
                0x0000000008003b7c       0x18 zephyr/kernel/libkernel.a(init.c.obj)
 .rodata.CSWTCH.86
                0x0000000008003b94        0x6 zephyr/drivers/serial/libdrivers__serial.a(uart_stm32.c.obj)
 .rodata.main.str1.1
                0x0000000008003b9a       0x16 app/libapp.a(main.c.obj)
 .rodata.str1.1
                0x0000000008003bb0        0xf zephyr/arch/arch/arm/core/mpu/libarch__arm__core__mpu.a(arm_mpu_regions.c.obj)
 .rodata.line_range_6.0
                0x0000000008003bbf        0x2 zephyr/drivers/interrupt_controller/libdrivers__interrupt_controller.a(intc_exti_stm32.c.obj)
 .rodata.line_range_5.1
                0x0000000008003bc1        0x2 zephyr/drivers/interrupt_controller/libdrivers__interrupt_controller.a(intc_exti_stm32.c.obj)
 .rodata.line_range_4.2
                0x0000000008003bc3        0x2 zephyr/drivers/interrupt_controller/libdrivers__interrupt_controller.a(intc_exti_stm32.c.obj)
 .rodata.line_range_3.3
                0x0000000008003bc5        0x2 zephyr/drivers/interrupt_controller/libdrivers__interrupt_controller.a(intc_exti_stm32.c.obj)
 .rodata.line_range_2.4
                0x0000000008003bc7        0x2 zephyr/drivers/interrupt_controller/libdrivers__interrupt_controller.a(intc_exti_stm32.c.obj)
 .rodata.line_range_1.5
                0x0000000008003bc9        0x2 zephyr/drivers/interrupt_controller/libdrivers__interrupt_controller.a(intc_exti_stm32.c.obj)
 .rodata.line_range_0.6
                0x0000000008003bcb        0x2 zephyr/drivers/interrupt_controller/libdrivers__interrupt_controller.a(intc_exti_stm32.c.obj)
 .rodata.str1.1
                0x0000000008003bcd       0x1e zephyr/drivers/interrupt_controller/libdrivers__interrupt_controller.a(intc_exti_stm32.c.obj)
 .rodata.str1.1
                0x0000000008003beb        0xd zephyr/drivers/clock_control/libdrivers__clock_control.a(clock_stm32_ll_common.c.obj)
 .rodata.str1.1
                0x0000000008003bf8       0x38 zephyr/drivers/gpio/libdrivers__gpio.a(gpio_stm32.c.obj)
 .rodata.str1.1
                0x0000000008003c30       0x11 zephyr/drivers/reset/libdrivers__reset.a(reset_stm32.c.obj)
 .rodata.str1.1
                0x0000000008003c41       0x10 zephyr/drivers/serial/libdrivers__serial.a(uart_stm32.c.obj)
 .rodata.AHBPrescTable
                0x0000000008003c51       0x10 modules/hal_stm32/stm32cube/lib..__modules__hal__stm32__stm32cube.a(system_stm32l4xx.c.obj)
                0x0000000008003c51                AHBPrescTable
 .rodata.z_cstart.str1.1
                0x0000000008003c61        0x5 zephyr/kernel/libkernel.a(init.c.obj)
 .rodata.boot_banner.str1.1
                0x0000000008003c66       0x3e zephyr/kernel/libkernel.a(banner.c.obj)
 .rodata.__l_vfprintf.str1.1
                0x0000000008003ca4        0xf /home/hackerluca/zephyr-sdk-0.17.0/arm-zephyr-eabi/bin/../lib/gcc/../../picolibc/arm-zephyr-eabi/lib/thumb/v7e-m/nofp/libc.a(libc_tinystdio_vflprintf.c.o)
 *(SORT_BY_ALIGNMENT(.gnu.linkonce.r.*))
                0x0000000008003cb4                . = ALIGN (0x4)
 *fill*         0x0000000008003cb3        0x1 
                0x0000000008003cb4                __rodata_region_end = .
                0x0000000008003cc0                . = ALIGN (_region_min_align)
                0x0000000008004000                . = ALIGN ((0x1 << LOG2CEIL ((__rodata_region_end - ADDR (rom_start)))))
                0x0000000008004000                __rom_region_end = ((__rom_region_start + .) - ADDR (rom_start))

/DISCARD/
 *(SORT_BY_ALIGNMENT(.got.plt))
 *(SORT_BY_ALIGNMENT(.igot.plt))
 *(SORT_BY_ALIGNMENT(.got))
 *(SORT_BY_ALIGNMENT(.igot))
                0x0000000020000000                . = 0x20000000
                0x0000000020000000                . = ALIGN (_region_min_align)
                0x0000000020000000                _image_ram_start = .

.ramfunc        0x0000000020000000        0x0 load address 0x0000000008003cb4
                0x0000000020000000                __ramfunc_region_start = .
                0x0000000020000000                . = ALIGN (_region_min_align)
                0x0000000020000000                . = ALIGN ((0x1 << LOG2CEIL (__ramfunc_size)))
                0x0000000020000000                __ramfunc_start = .
 *(SORT_BY_ALIGNMENT(.ramfunc))
 *(SORT_BY_ALIGNMENT(.ramfunc.*))
                0x0000000020000000                . = ALIGN (_region_min_align)
                0x0000000020000000                . = ALIGN ((0x1 << LOG2CEIL (__ramfunc_size)))
                0x0000000020000000                __ramfunc_end = .
                0x0000000000000000                __ramfunc_size = (__ramfunc_end - __ramfunc_start)
                0x0000000008003cb4                __ramfunc_load_start = LOADADDR (.ramfunc)

datas           0x0000000020000000       0x40 load address 0x0000000008003cb4
                0x0000000020000000                __data_region_start = .
                0x0000000020000000                __data_start = .
 *(SORT_BY_ALIGNMENT(.data))
 *(SORT_BY_ALIGNMENT(.data.*))
 .data._char_out
                0x0000000020000000        0x4 zephyr/libzephyr.a(printk.c.obj)
 .data.__stdout
                0x0000000020000004       0x10 zephyr/lib/libc/picolibc/liblib__libc__picolibc.a(stdio.c.obj)
 .data.uart_stm32_data_0
                0x0000000020000014        0x8 zephyr/drivers/serial/libdrivers__serial.a(uart_stm32.c.obj)
 .data.uart_cfg_0
                0x000000002000001c        0x8 zephyr/drivers/serial/libdrivers__serial.a(uart_stm32.c.obj)
 .data.SystemCoreClock
                0x0000000020000024        0x4 modules/hal_stm32/stm32cube/lib..__modules__hal__stm32__stm32cube.a(system_stm32l4xx.c.obj)
                0x0000000020000024                SystemCoreClock
 .data.timeout_list
                0x0000000020000028        0x8 zephyr/kernel/libkernel.a(timeout.c.obj)
 .data.exti_irq_table
                0x0000000020000030       0x10 zephyr/drivers/interrupt_controller/libdrivers__interrupt_controller.a(intc_exti_stm32.c.obj)
 *(SORT_BY_ALIGNMENT(.kernel.*))
                0x0000000020000040                __data_end = .
                0x0000000000000040                __data_size = (__data_end - __data_start)
                0x0000000008003cb4                __data_load_start = LOADADDR (datas)
                0x0000000008003cb4                __data_region_load_start = LOADADDR (datas)

device_states   0x0000000020000040       0x10 load address 0x0000000008003cf4
                0x0000000020000040                __device_states_start = .
 *(SORT_BY_ALIGNMENT(.z_devstate))
 .z_devstate    0x0000000020000040        0x2 zephyr/drivers/interrupt_controller/libdrivers__interrupt_controller.a(intc_exti_stm32.c.obj)
 .z_devstate    0x0000000020000042        0x2 zephyr/drivers/clock_control/libdrivers__clock_control.a(clock_stm32_ll_common.c.obj)
 .z_devstate    0x0000000020000044        0x8 zephyr/drivers/gpio/libdrivers__gpio.a(gpio_stm32.c.obj)
 .z_devstate    0x000000002000004c        0x2 zephyr/drivers/reset/libdrivers__reset.a(reset_stm32.c.obj)
 .z_devstate    0x000000002000004e        0x2 zephyr/drivers/serial/libdrivers__serial.a(uart_stm32.c.obj)
 *(SORT_BY_ALIGNMENT(.z_devstate.*))
                0x0000000020000050                __device_states_end = .

log_mpsc_pbuf_area
                0x0000000020000050        0x0 load address 0x0000000008003d04
                0x0000000020000050                _log_mpsc_pbuf_list_start = .
 *(SORT_BY_NAME(SORT_BY_ALIGNMENT(._log_mpsc_pbuf.static.*)))
                0x0000000020000050                _log_mpsc_pbuf_list_end = .

log_msg_ptr_area
                0x0000000020000050        0x0 load address 0x0000000008003d04
                0x0000000020000050                _log_msg_ptr_list_start = .
 *(SORT_BY_NAME(SORT_BY_ALIGNMENT(._log_msg_ptr.static.*)))
                0x0000000020000050                _log_msg_ptr_list_end = .

log_dynamic_area
                0x0000000020000050        0x0 load address 0x0000000008003d04
                0x0000000020000050                _log_dynamic_list_start = .
 *(SORT_BY_NAME(SORT_BY_ALIGNMENT(._log_dynamic.static.*)))
                0x0000000020000050                _log_dynamic_list_end = .

k_timer_area    0x0000000020000050        0x0 load address 0x0000000008003d04
                0x0000000020000050                _k_timer_list_start = .
 *(SORT_BY_NAME(SORT_BY_ALIGNMENT(._k_timer.static.*)))
                0x0000000020000050                _k_timer_list_end = .

k_mem_slab_area
                0x0000000020000050        0x0 load address 0x0000000008003d04
                0x0000000020000050                _k_mem_slab_list_start = .
 *(SORT_BY_NAME(SORT_BY_ALIGNMENT(._k_mem_slab.static.*)))
                0x0000000020000050                _k_mem_slab_list_end = .

k_heap_area     0x0000000020000050        0x0 load address 0x0000000008003d04
                0x0000000020000050                _k_heap_list_start = .
 *(SORT_BY_NAME(SORT_BY_ALIGNMENT(._k_heap.static.*)))
                0x0000000020000050                _k_heap_list_end = .

k_mutex_area    0x0000000020000050        0x0 load address 0x0000000008003d04
                0x0000000020000050                _k_mutex_list_start = .
 *(SORT_BY_NAME(SORT_BY_ALIGNMENT(._k_mutex.static.*)))
                0x0000000020000050                _k_mutex_list_end = .

k_stack_area    0x0000000020000050        0x0 load address 0x0000000008003d04
                0x0000000020000050                _k_stack_list_start = .
 *(SORT_BY_NAME(SORT_BY_ALIGNMENT(._k_stack.static.*)))
                0x0000000020000050                _k_stack_list_end = .

k_msgq_area     0x0000000020000050        0x0 load address 0x0000000008003d04
                0x0000000020000050                _k_msgq_list_start = .
 *(SORT_BY_NAME(SORT_BY_ALIGNMENT(._k_msgq.static.*)))
                0x0000000020000050                _k_msgq_list_end = .

k_mbox_area     0x0000000020000050        0x0 load address 0x0000000008003d04
                0x0000000020000050                _k_mbox_list_start = .
 *(SORT_BY_NAME(SORT_BY_ALIGNMENT(._k_mbox.static.*)))
                0x0000000020000050                _k_mbox_list_end = .

k_pipe_area     0x0000000020000050        0x0 load address 0x0000000008003d04
                0x0000000020000050                _k_pipe_list_start = .
 *(SORT_BY_NAME(SORT_BY_ALIGNMENT(._k_pipe.static.*)))
                0x0000000020000050                _k_pipe_list_end = .

k_sem_area      0x0000000020000050        0x0 load address 0x0000000008003d04
                0x0000000020000050                _k_sem_list_start = .
 *(SORT_BY_NAME(SORT_BY_ALIGNMENT(._k_sem.static.*)))
                0x0000000020000050                _k_sem_list_end = .

k_event_area    0x0000000020000050        0x0 load address 0x0000000008003d04
                0x0000000020000050                _k_event_list_start = .
 *(SORT_BY_NAME(SORT_BY_ALIGNMENT(._k_event.static.*)))
                0x0000000020000050                _k_event_list_end = .

k_queue_area    0x0000000020000050        0x0 load address 0x0000000008003d04
                0x0000000020000050                _k_queue_list_start = .
 *(SORT_BY_NAME(SORT_BY_ALIGNMENT(._k_queue.static.*)))
                0x0000000020000050                _k_queue_list_end = .

k_fifo_area     0x0000000020000050        0x0 load address 0x0000000008003d04
                0x0000000020000050                _k_fifo_list_start = .
 *(SORT_BY_NAME(SORT_BY_ALIGNMENT(._k_fifo.static.*)))
                0x0000000020000050                _k_fifo_list_end = .

k_lifo_area     0x0000000020000050        0x0 load address 0x0000000008003d04
                0x0000000020000050                _k_lifo_list_start = .
 *(SORT_BY_NAME(SORT_BY_ALIGNMENT(._k_lifo.static.*)))
                0x0000000020000050                _k_lifo_list_end = .

k_condvar_area  0x0000000020000050        0x0 load address 0x0000000008003d04
                0x0000000020000050                _k_condvar_list_start = .
 *(SORT_BY_NAME(SORT_BY_ALIGNMENT(._k_condvar.static.*)))
                0x0000000020000050                _k_condvar_list_end = .

sys_mem_blocks_ptr_area
                0x0000000020000050        0x0 load address 0x0000000008003d04
                0x0000000020000050                _sys_mem_blocks_ptr_list_start = .
 *(SORT_BY_NAME(SORT_BY_ALIGNMENT(._sys_mem_blocks_ptr.static.*)))
                0x0000000020000050                _sys_mem_blocks_ptr_list_end = .

net_buf_pool_area
                0x0000000020000050        0x0 load address 0x0000000008003d04
                0x0000000020000050                _net_buf_pool_list_start = .
 *(SORT_BY_NAME(SORT_BY_ALIGNMENT(._net_buf_pool.static.*)))
                0x0000000020000050                _net_buf_pool_list_end = .
                0x0000000020000050                __data_region_end = .

/DISCARD/
 *(SORT_BY_ALIGNMENT(.irq_info*))
 *(SORT_BY_ALIGNMENT(.intList*))

.stab
 *(SORT_BY_ALIGNMENT(.stab))

.stabstr
 *(SORT_BY_ALIGNMENT(.stabstr))

.stab.excl
 *(SORT_BY_ALIGNMENT(.stab.excl))

.stab.exclstr
 *(SORT_BY_ALIGNMENT(.stab.exclstr))

.stab.index
 *(SORT_BY_ALIGNMENT(.stab.index))

.stab.indexstr
 *(SORT_BY_ALIGNMENT(.stab.indexstr))

.gnu.build.attributes
 *(SORT_BY_ALIGNMENT(.gnu.build.attributes) SORT_BY_ALIGNMENT(.gnu.build.attributes.*))

.comment        0x0000000000000000       0x20
 *(SORT_BY_ALIGNMENT(.comment))
 .comment       0x0000000000000000       0x20 zephyr/CMakeFiles/zephyr_final.dir/isr_tables.c.obj
                                         0x21 (size before relaxing)
 .comment       0x0000000000000020       0x21 zephyr/CMakeFiles/offsets.dir/./arch/arm/core/offsets/offsets.c.obj
 .comment       0x0000000000000020       0x21 app/libapp.a(main.c.obj)
 .comment       0x0000000000000020       0x21 zephyr/libzephyr.a(heap.c.obj)
 .comment       0x0000000000000020       0x21 zephyr/libzephyr.a(printk.c.obj)
 .comment       0x0000000000000020       0x21 zephyr/libzephyr.a(thread_entry.c.obj)
 .comment       0x0000000000000020       0x21 zephyr/libzephyr.a(configs.c.obj)
 .comment       0x0000000000000020       0x21 zephyr/libzephyr.a(soc_config.c.obj)
 .comment       0x0000000000000020       0x21 zephyr/libzephyr.a(soc.c.obj)
 .comment       0x0000000000000020       0x21 zephyr/libzephyr.a(mem_attr.c.obj)
 .comment       0x0000000000000020       0x21 zephyr/arch/arch/arm/core/libarch__arm__core.a(fatal.c.obj)
 .comment       0x0000000000000020       0x21 zephyr/arch/arch/arm/core/libarch__arm__core.a(nmi.c.obj)